<html>
<body>
<pre>
<h1>µVision Build Log</h1>
<h2>Project:</h2>
E:\GitHub\PumpInsert\source code\TB4000_PanelV02.uvproj
Project File Date:  05/16/2013

<h2>Output:</h2>
Build target 'TB4000_PanelV02'
assembling startup_LPC17xx.s...
compiling system_LPC17xx.c...
compiling core_cm3.c...
compiling spi_flash.c...
compiling RX_LCD_V02.c...
compiling systick.c...
compiling timer.c...
compiling uart.c...
compiling SPI.c...
compiling rtc.c...
compiling main.c...
compiling eeprom_flash.c...
compiling struct.c...
compiling touchpad.c...
compiling compress.c...
compiling pump.c...
compiling system.c...
SourceCode\system.c(130): error:  #20: identifier "g_uiPump1LostTimeout" is undefined
SourceCode\system.c(186): error:  #20: identifier "g_uiPump2LostTimeout" is undefined
compiling menufunc.c...
menu\menufunc.c(1196): error:  #20: identifier "g_uiPump1LostTimeout" is undefined
menu\menufunc.c(1197): error:  #20: identifier "g_uiPump2LostTimeout" is undefined
compiling menutbl.c...
compiling menu.c...
Target not created
Build target 'TB4000_PanelV02'
compiling spi_flash.c...
compiling RX_LCD_V02.c...
compiling systick.c...
compiling main.c...
compiling eeprom_flash.c...
compiling touchpad.c...
compiling compress.c...
compiling pump.c...
compiling system.c...
compiling menufunc.c...
linking...
.\Output_PanelV02\TB4000_PanelV02.axf: Error: L6218E: Undefined symbol ADC4_Get (referred from menufunc.o).
.\Output_PanelV02\TB4000_PanelV02.axf: Error: L6218E: Undefined symbol ADC5_Get (referred from menufunc.o).
Target not created
Build target 'TB4000_PanelV02'
compiling timer.c...
linking...
.\Output_PanelV02\TB4000_PanelV02.axf: Error: L6218E: Undefined symbol ADC4_Get (referred from menufunc.o).
.\Output_PanelV02\TB4000_PanelV02.axf: Error: L6218E: Undefined symbol ADC5_Get (referred from menufunc.o).
Target not created
Build target 'TB4000_PanelV02'
compiling main.c...
compiling eeprom_flash.c...
compiling touchpad.c...
compiling compress.c...
compiling system.c...
compiling menufunc.c...
menu\menufunc.c(1529): warning:  #223-D: function "ADC5_Get" declared implicitly
menu\menufunc.c(1530): warning:  #223-D: function "ADC4_Get" declared implicitly
linking...
.\Output_PanelV02\TB4000_PanelV02.axf: Error: L6218E: Undefined symbol ADC4_Get (referred from menufunc.o).
.\Output_PanelV02\TB4000_PanelV02.axf: Error: L6218E: Undefined symbol ADC5_Get (referred from menufunc.o).
Target not created
Build target 'TB4000_PanelV02'
compiling menufunc.c...
linking...
.\Output_PanelV02\TB4000_PanelV02.axf: Error: L6218E: Undefined symbol ADC4_Get (referred from menufunc.o).
.\Output_PanelV02\TB4000_PanelV02.axf: Error: L6218E: Undefined symbol ADC5_Get (referred from menufunc.o).
Target not created
Build target 'TB4000_PanelV02'
compiling menufunc.c...
menu\menufunc.c(1532): warning:  #223-D: function "ADC5_Get" declared implicitly
menu\menufunc.c(1533): warning:  #223-D: function "ADC4_Get" declared implicitly
linking...
.\Output_PanelV02\TB4000_PanelV02.axf: Error: L6218E: Undefined symbol ADC4_Get (referred from menufunc.o).
.\Output_PanelV02\TB4000_PanelV02.axf: Error: L6218E: Undefined symbol ADC5_Get (referred from menufunc.o).
Target not created
Build target 'TB4000_PanelV02'
compiling main.c...
compiling eeprom_flash.c...
compiling touchpad.c...
compiling compress.c...
compiling system.c...
compiling menufunc.c...
linking...
.\Output_PanelV02\TB4000_PanelV02.axf: Error: L6218E: Undefined symbol ADC4_Get (referred from menufunc.o).
.\Output_PanelV02\TB4000_PanelV02.axf: Error: L6218E: Undefined symbol ADC5_Get (referred from menufunc.o).
Target not created
Build target 'TB4000_PanelV02'
compiling menufunc.c...
linking...
.\Output_PanelV02\TB4000_PanelV02.axf: Error: L6218E: Undefined symbol ADC4_Get (referred from menufunc.o).
.\Output_PanelV02\TB4000_PanelV02.axf: Error: L6218E: Undefined symbol ADC5_Get (referred from menufunc.o).
Target not created
Build target 'TB4000_PanelV02'
compiling menufunc.c...
linking...
.\Output_PanelV02\TB4000_PanelV02.axf: Error: L6218E: Undefined symbol ADC0_Get (referred from menufunc.o).
.\Output_PanelV02\TB4000_PanelV02.axf: Error: L6218E: Undefined symbol ADC1_Get (referred from menufunc.o).
Target not created
Build target 'TB4000_PanelV02'
compiling menufunc.c...
linking...
.\Output_PanelV02\TB4000_PanelV02.axf: Error: L6218E: Undefined symbol ADC0_Get (referred from menufunc.o).
.\Output_PanelV02\TB4000_PanelV02.axf: Error: L6218E: Undefined symbol ADC1_Get (referred from menufunc.o).
Target not created
Build target 'TB4000_PanelV02'
compiling main.c...
SourceCode\main.c(143): warning:  #550-D: variable "Tvalue" was set but never used
SourceCode\main.c(144): warning:  #550-D: variable "Hvalue" was set but never used
compiling menufunc.c...
menu\menufunc.c(1177): error:  #20: identifier "Hvalue" is undefined
menu\menufunc.c(1178): error:  #20: identifier "Tvalue" is undefined
Target not created
Build target 'TB4000_PanelV02'
compiling menufunc.c...
linking...
.\Output_PanelV02\TB4000_PanelV02.axf: Error: L6218E: Undefined symbol ADC0_Get (referred from main.o).
.\Output_PanelV02\TB4000_PanelV02.axf: Error: L6218E: Undefined symbol ADC1_Get (referred from main.o).
Target not created
Build target 'TB4000_PanelV02'
compiling ADC.c...
compiling main.c...
compiling menufunc.c...
linking...
Program Size: Code=42568 RO-data=392 RW-data=14628 ZI-data=5684  
FromELF: creating hex file...
User command #1: fromelf --bin ".\Output_PanelV02\TB4000_PanelV02.axf" --output ".\Output_PanelV02\firmware_TB4000_PanelV02.bin"
".\Output_PanelV02\TB4000_PanelV02.axf" - 0 Error(s), 0 Warning(s).
Load "E:\\GitHub\\PumpInsert\\source code\\Output_PanelV02\\TB4000_PanelV02.AXF" 
Set JLink Project File to "E:\GitHub\PumpInsert\source code\JLinkSettings.ini"
 
JLink info:
------------
DLL: V4.24b, compiled Feb 22 2011 20:47:17
Firmware: J-Link ARM V8 compiled Jan 31 2011 18:34:52
Hardware: V8.00
S/N : 270676280 
Feature(s) : RDI,FlashDL,FlashBP,JFlash,GDBFULL 
 
* JLink Info: TotalIRLen = 4, IRPrint = 0x01
* JLink Info: Found Cortex-M3 r2p0, Little endian.
* JLink Info: TPIU fitted.
* JLink Info: ETM fitted.
* JLink Info:   FPUnit: 6 code (BP) slots and 2 literal slots
ROMTableAddr = 0xE00FF003
* JLink Info: TotalIRLen = 4, IRPrint = 0x01
* JLink Info: Found Cortex-M3 r2p0, Little endian.
* JLink Info: TPIU fitted.
* JLink Info: ETM fitted.
* JLink Info:   FPUnit: 6 code (BP) slots and 2 literal slots
* JLink Info: TotalIRLen = 4, IRPrint = 0x01
* JLink Info: Found Cortex-M3 r2p0, Little endian.
* JLink Info: TPIU fitted.
* JLink Info: ETM fitted.
* JLink Info:   FPUnit: 6 code (BP) slots and 2 literal slots
 
Target info:
------------
Device: LPC1768
VTarget = 3.313V
State of Pins: 
TCK: 1, TDI: 0, TDO: 1, TMS: 0, TRES: 1, TRST: 1
Hardware-Breakpoints: 6
Software-Breakpoints: 2048
Watchpoints:          4
JTAG speed: 2000 kHz
 
Full Chip Erase Done.
Programming Done.
* JLink Info: TotalIRLen = 4, IRPrint = 0x01
* JLink Info: Found Cortex-M3 r2p0, Little endian.
* JLink Info: TPIU fitted.
* JLink Info: ETM fitted.
* JLink Info:   FPUnit: 6 code (BP) slots and 2 literal slots
**JLink Warning: CPU did not halt after bootloader.
Application running ...
Build target 'TB4000_PanelV02'
compiling menufunc.c...
linking...
Program Size: Code=42572 RO-data=396 RW-data=14628 ZI-data=5684  
FromELF: creating hex file...
User command #1: fromelf --bin ".\Output_PanelV02\TB4000_PanelV02.axf" --output ".\Output_PanelV02\firmware_TB4000_PanelV02.bin"
".\Output_PanelV02\TB4000_PanelV02.axf" - 0 Error(s), 0 Warning(s).
Load "E:\\GitHub\\PumpInsert\\source code\\Output_PanelV02\\TB4000_PanelV02.AXF" 
Set JLink Project File to "E:\GitHub\PumpInsert\source code\JLinkSettings.ini"
 
JLink info:
------------
DLL: V4.24b, compiled Feb 22 2011 20:47:17
Firmware: J-Link ARM V8 compiled Jan 31 2011 18:34:52
Hardware: V8.00
S/N : 270676280 
Feature(s) : RDI,FlashDL,FlashBP,JFlash,GDBFULL 
 
* JLink Info: TotalIRLen = 4, IRPrint = 0x01
* JLink Info: Found Cortex-M3 r2p0, Little endian.
* JLink Info: TPIU fitted.
* JLink Info: ETM fitted.
* JLink Info:   FPUnit: 6 code (BP) slots and 2 literal slots
ROMTableAddr = 0xE00FF003
* JLink Info: TotalIRLen = 4, IRPrint = 0x01
* JLink Info: Found Cortex-M3 r2p0, Little endian.
* JLink Info: TPIU fitted.
* JLink Info: ETM fitted.
* JLink Info:   FPUnit: 6 code (BP) slots and 2 literal slots
**JLink Warning: CPU did not halt after bootloader.
* JLink Info: TotalIRLen = 4, IRPrint = 0x01
* JLink Info: Found Cortex-M3 r2p0, Little endian.
* JLink Info: TPIU fitted.
* JLink Info: ETM fitted.
* JLink Info:   FPUnit: 6 code (BP) slots and 2 literal slots
 
Target info:
------------
Device: LPC1768
VTarget = 3.313V
State of Pins: 
TCK: 1, TDI: 0, TDO: 1, TMS: 0, TRES: 1, TRST: 1
Hardware-Breakpoints: 6
Software-Breakpoints: 2048
Watchpoints:          4
JTAG speed: 2000 kHz
 
Full Chip Erase Done.
Programming Failed!
Load "E:\\GitHub\\PumpInsert\\source code\\Output_PanelV02\\TB4000_PanelV02.AXF" 
Set JLink Project File to "E:\GitHub\PumpInsert\source code\JLinkSettings.ini"
 
JLink info:
------------
DLL: V4.24b, compiled Feb 22 2011 20:47:17
Firmware: J-Link ARM V8 compiled Jan 31 2011 18:34:52
Hardware: V8.00
S/N : 270676280 
Feature(s) : RDI,FlashDL,FlashBP,JFlash,GDBFULL 
 
* JLink Info: TotalIRLen = 4, IRPrint = 0x01
* JLink Info: Found Cortex-M3 r2p0, Little endian.
* JLink Info: TPIU fitted.
* JLink Info: ETM fitted.
* JLink Info:   FPUnit: 6 code (BP) slots and 2 literal slots
ROMTableAddr = 0xE00FF003
* JLink Info: TotalIRLen = 4, IRPrint = 0x01
* JLink Info: Found Cortex-M3 r2p0, Little endian.
* JLink Info: TPIU fitted.
* JLink Info: ETM fitted.
* JLink Info:   FPUnit: 6 code (BP) slots and 2 literal slots
**JLink Warning: CPU did not halt after bootloader.
* JLink Info: TotalIRLen = 4, IRPrint = 0x01
* JLink Info: Found Cortex-M3 r2p0, Little endian.
* JLink Info: TPIU fitted.
* JLink Info: ETM fitted.
* JLink Info:   FPUnit: 6 code (BP) slots and 2 literal slots
 
Target info:
------------
Device: LPC1768
VTarget = 3.313V
State of Pins: 
TCK: 1, TDI: 0, TDO: 1, TMS: 0, TRES: 1, TRST: 1
Hardware-Breakpoints: 6
Software-Breakpoints: 2048
Watchpoints:          4
JTAG speed: 2000 kHz
 
Full Chip Erase Done.
Programming Failed!
Load "E:\\GitHub\\PumpInsert\\source code\\Output_PanelV02\\TB4000_PanelV02.AXF" 
Set JLink Project File to "E:\GitHub\PumpInsert\source code\JLinkSettings.ini"
 
JLink info:
------------
DLL: V4.24b, compiled Feb 22 2011 20:47:17
Firmware: J-Link ARM V8 compiled Jan 31 2011 18:34:52
Hardware: V8.00
S/N : 270676280 
Feature(s) : RDI,FlashDL,FlashBP,JFlash,GDBFULL 
 
* JLink Info: TotalIRLen = 4, IRPrint = 0x01
* JLink Info: Found Cortex-M3 r2p0, Little endian.
* JLink Info: TPIU fitted.
* JLink Info: ETM fitted.
* JLink Info:   FPUnit: 6 code (BP) slots and 2 literal slots
ROMTableAddr = 0xE00FF003
* JLink Info: TotalIRLen = 4, IRPrint = 0x01
* JLink Info: Found Cortex-M3 r2p0, Little endian.
* JLink Info: TPIU fitted.
* JLink Info: ETM fitted.
* JLink Info:   FPUnit: 6 code (BP) slots and 2 literal slots
* JLink Info: TotalIRLen = 4, IRPrint = 0x01
* JLink Info: Found Cortex-M3 r2p0, Little endian.
* JLink Info: TPIU fitted.
* JLink Info: ETM fitted.
* JLink Info:   FPUnit: 6 code (BP) slots and 2 literal slots
 
Target info:
------------
Device: LPC1768
VTarget = 3.319V
State of Pins: 
TCK: 1, TDI: 0, TDO: 1, TMS: 0, TRES: 1, TRST: 1
Hardware-Breakpoints: 6
Software-Breakpoints: 2048
Watchpoints:          4
JTAG speed: 2000 kHz
 
Full Chip Erase Done.
Programming Done.
* JLink Info: TotalIRLen = 4, IRPrint = 0x01
* JLink Info: Found Cortex-M3 r2p0, Little endian.
* JLink Info: TPIU fitted.
* JLink Info: ETM fitted.
* JLink Info:   FPUnit: 6 code (BP) slots and 2 literal slots
**JLink Warning: CPU did not halt after bootloader.
Application running ...
Build target 'TB4000_PanelV02'
linking...
Program Size: Code=42572 RO-data=396 RW-data=14628 ZI-data=5684  
FromELF: creating hex file...
User command #1: fromelf --bin ".\Output_PanelV02\TB4000_PanelV02.axf" --output ".\Output_PanelV02\firmware_TB4000_PanelV02.bin"
".\Output_PanelV02\TB4000_PanelV02.axf" - 0 Error(s), 0 Warning(s).
Load "E:\\GitHub\\PumpInsert\\source code\\Output_PanelV02\\TB4000_PanelV02.AXF" 
Set JLink Project File to "E:\GitHub\PumpInsert\source code\JLinkSettings.ini"
 
JLink info:
------------
DLL: V4.24b, compiled Feb 22 2011 20:47:17
Firmware: J-Link ARM V8 compiled Jan 31 2011 18:34:52
Hardware: V8.00
S/N : 270676280 
Feature(s) : RDI,FlashDL,FlashBP,JFlash,GDBFULL 
 
* JLink Info: TotalIRLen = 4, IRPrint = 0x01
* JLink Info: Found Cortex-M3 r2p0, Little endian.
* JLink Info: TPIU fitted.
* JLink Info: ETM fitted.
* JLink Info:   FPUnit: 6 code (BP) slots and 2 literal slots
ROMTableAddr = 0xE00FF003
* JLink Info: TotalIRLen = 4, IRPrint = 0x01
* JLink Info: Found Cortex-M3 r2p0, Little endian.
* JLink Info: TPIU fitted.
* JLink Info: ETM fitted.
* JLink Info:   FPUnit: 6 code (BP) slots and 2 literal slots
**JLink Warning: CPU did not halt after bootloader.
* JLink Info: TotalIRLen = 4, IRPrint = 0x01
* JLink Info: Found Cortex-M3 r2p0, Little endian.
* JLink Info: TPIU fitted.
* JLink Info: ETM fitted.
* JLink Info:   FPUnit: 6 code (BP) slots and 2 literal slots
 
Target info:
------------
Device: LPC1768
VTarget = 3.313V
State of Pins: 
TCK: 1, TDI: 0, TDO: 1, TMS: 0, TRES: 1, TRST: 1
Hardware-Breakpoints: 6
Software-Breakpoints: 2048
Watchpoints:          4
JTAG speed: 2000 kHz
 
Full Chip Erase Done.
Programming Done.
* JLink Info: TotalIRLen = 4, IRPrint = 0x01
* JLink Info: Found Cortex-M3 r2p0, Little endian.
* JLink Info: TPIU fitted.
* JLink Info: ETM fitted.
* JLink Info:   FPUnit: 6 code (BP) slots and 2 literal slots
**JLink Warning: CPU did not halt after bootloader.
Application running ...
Load "E:\\GitHub\\PumpInsert\\source code\\Output_PanelV02\\TB4000_PanelV02.AXF" 
Set JLink Project File to "E:\GitHub\PumpInsert\source code\JLinkSettings.ini"
 
JLink info:
------------
DLL: V4.24b, compiled Feb 22 2011 20:47:17
Firmware: J-Link ARM V8 compiled Jan 31 2011 18:34:52
Hardware: V8.00
S/N : 270676280 
Feature(s) : RDI,FlashDL,FlashBP,JFlash,GDBFULL 
 
* JLink Info: TotalIRLen = 4, IRPrint = 0x01
* JLink Info: Found Cortex-M3 r2p0, Little endian.
* JLink Info: TPIU fitted.
* JLink Info: ETM fitted.
* JLink Info:   FPUnit: 6 code (BP) slots and 2 literal slots
ROMTableAddr = 0xE00FF003
* JLink Info: TotalIRLen = 4, IRPrint = 0x01
* JLink Info: Found Cortex-M3 r2p0, Little endian.
* JLink Info: TPIU fitted.
* JLink Info: ETM fitted.
* JLink Info:   FPUnit: 6 code (BP) slots and 2 literal slots
* JLink Info: TotalIRLen = 4, IRPrint = 0x01
* JLink Info: Found Cortex-M3 r2p0, Little endian.
* JLink Info: TPIU fitted.
* JLink Info: ETM fitted.
* JLink Info:   FPUnit: 6 code (BP) slots and 2 literal slots
 
Target info:
------------
Device: LPC1768
VTarget = 3.313V
State of Pins: 
TCK: 1, TDI: 0, TDO: 1, TMS: 0, TRES: 1, TRST: 1
Hardware-Breakpoints: 6
Software-Breakpoints: 2048
Watchpoints:          4
JTAG speed: 2000 kHz
 
Full Chip Erase Done.
Programming Done.
* JLink Info: TotalIRLen = 4, IRPrint = 0x01
* JLink Info: Found Cortex-M3 r2p0, Little endian.
* JLink Info: TPIU fitted.
* JLink Info: ETM fitted.
* JLink Info:   FPUnit: 6 code (BP) slots and 2 literal slots
**JLink Warning: CPU did not halt after bootloader.
Application running ...
Build target 'TB4000_PanelV02'
compiling menufunc.c...
menu\menufunc.c(1177): error:  #20: identifier "fdsa" is undefined
menu\menufunc.c(1178): error:  #101: "Tvalue" has already been declared in the current scope
menu\menufunc.c(1175): warning:  #177-D: variable "Tvalue" was declared but never referenced
Target not created
Build target 'TB4000_PanelV02'
compiling menufunc.c...
linking...
Program Size: Code=42572 RO-data=396 RW-data=14628 ZI-data=5684  
FromELF: creating hex file...
User command #1: fromelf --bin ".\Output_PanelV02\TB4000_PanelV02.axf" --output ".\Output_PanelV02\firmware_TB4000_PanelV02.bin"
".\Output_PanelV02\TB4000_PanelV02.axf" - 0 Error(s), 0 Warning(s).
Load "E:\\GitHub\\PumpInsert\\source code\\Output_PanelV02\\TB4000_PanelV02.AXF" 
Set JLink Project File to "E:\GitHub\PumpInsert\source code\JLinkSettings.ini"
 
JLink info:
------------
DLL: V4.24b, compiled Feb 22 2011 20:47:17
Firmware: J-Link ARM V8 compiled Jan 31 2011 18:34:52
Hardware: V8.00
S/N : 270676280 
Feature(s) : RDI,FlashDL,FlashBP,JFlash,GDBFULL 
 
* JLink Info: TotalIRLen = 4, IRPrint = 0x01
* JLink Info: Found Cortex-M3 r2p0, Little endian.
* JLink Info: TPIU fitted.
* JLink Info: ETM fitted.
* JLink Info:   FPUnit: 6 code (BP) slots and 2 literal slots
ROMTableAddr = 0xE00FF003
* JLink Info: TotalIRLen = 4, IRPrint = 0x01
* JLink Info: Found Cortex-M3 r2p0, Little endian.
* JLink Info: TPIU fitted.
* JLink Info: ETM fitted.
* JLink Info:   FPUnit: 6 code (BP) slots and 2 literal slots
* JLink Info: TotalIRLen = 4, IRPrint = 0x01
* JLink Info: Found Cortex-M3 r2p0, Little endian.
* JLink Info: TPIU fitted.
* JLink Info: ETM fitted.
* JLink Info:   FPUnit: 6 code (BP) slots and 2 literal slots
 
Target info:
------------
Device: LPC1768
VTarget = 3.313V
State of Pins: 
TCK: 1, TDI: 0, TDO: 1, TMS: 0, TRES: 1, TRST: 1
Hardware-Breakpoints: 6
Software-Breakpoints: 2048
Watchpoints:          4
JTAG speed: 2000 kHz
 
Full Chip Erase Done.
Programming Done.
* JLink Info: TotalIRLen = 4, IRPrint = 0x01
* JLink Info: Found Cortex-M3 r2p0, Little endian.
* JLink Info: TPIU fitted.
* JLink Info: ETM fitted.
* JLink Info:   FPUnit: 6 code (BP) slots and 2 literal slots
**JLink Warning: CPU did not halt after bootloader.
Application running ...
Build target 'TB4000_PanelV02'
compiling main.c...
linking...
Program Size: Code=42576 RO-data=392 RW-data=14628 ZI-data=5684  
FromELF: creating hex file...
User command #1: fromelf --bin ".\Output_PanelV02\TB4000_PanelV02.axf" --output ".\Output_PanelV02\firmware_TB4000_PanelV02.bin"
".\Output_PanelV02\TB4000_PanelV02.axf" - 0 Error(s), 0 Warning(s).
Load "E:\\GitHub\\PumpInsert\\source code\\Output_PanelV02\\TB4000_PanelV02.AXF" 
Set JLink Project File to "E:\GitHub\PumpInsert\source code\JLinkSettings.ini"
 
JLink info:
------------
DLL: V4.24b, compiled Feb 22 2011 20:47:17
Firmware: J-Link ARM V8 compiled Jan 31 2011 18:34:52
Hardware: V8.00
S/N : 270676280 
Feature(s) : RDI,FlashDL,FlashBP,JFlash,GDBFULL 
 
* JLink Info: TotalIRLen = 4, IRPrint = 0x01
* JLink Info: Found Cortex-M3 r2p0, Little endian.
* JLink Info: TPIU fitted.
* JLink Info: ETM fitted.
* JLink Info:   FPUnit: 6 code (BP) slots and 2 literal slots
ROMTableAddr = 0xE00FF003
* JLink Info: TotalIRLen = 4, IRPrint = 0x01
* JLink Info: Found Cortex-M3 r2p0, Little endian.
* JLink Info: TPIU fitted.
* JLink Info: ETM fitted.
* JLink Info:   FPUnit: 6 code (BP) slots and 2 literal slots
* JLink Info: TotalIRLen = 4, IRPrint = 0x01
* JLink Info: Found Cortex-M3 r2p0, Little endian.
* JLink Info: TPIU fitted.
* JLink Info: ETM fitted.
* JLink Info:   FPUnit: 6 code (BP) slots and 2 literal slots
 
Target info:
------------
Device: LPC1768
VTarget = 3.313V
State of Pins: 
TCK: 1, TDI: 0, TDO: 1, TMS: 0, TRES: 1, TRST: 1
Hardware-Breakpoints: 6
Software-Breakpoints: 2048
Watchpoints:          4
JTAG speed: 2000 kHz
 
Full Chip Erase Done.
Programming Done.
* JLink Info: TotalIRLen = 4, IRPrint = 0x01
* JLink Info: Found Cortex-M3 r2p0, Little endian.
* JLink Info: TPIU fitted.
* JLink Info: ETM fitted.
* JLink Info:   FPUnit: 6 code (BP) slots and 2 literal slots
**JLink Warning: CPU did not halt after bootloader.
Application running ...
Build target 'TB4000_PanelV02'
compiling ADC.c...
linking...
Program Size: Code=42496 RO-data=392 RW-data=14628 ZI-data=5684  
FromELF: creating hex file...
User command #1: fromelf --bin ".\Output_PanelV02\TB4000_PanelV02.axf" --output ".\Output_PanelV02\firmware_TB4000_PanelV02.bin"
".\Output_PanelV02\TB4000_PanelV02.axf" - 0 Error(s), 0 Warning(s).
Build target 'TB4000_PanelV02'
linking...
Program Size: Code=42496 RO-data=392 RW-data=14628 ZI-data=5684  
FromELF: creating hex file...
User command #1: fromelf --bin ".\Output_PanelV02\TB4000_PanelV02.axf" --output ".\Output_PanelV02\firmware_TB4000_PanelV02.bin"
".\Output_PanelV02\TB4000_PanelV02.axf" - 0 Error(s), 0 Warning(s).
Load "E:\\GitHub\\PumpInsert\\source code\\Output_PanelV02\\TB4000_PanelV02.AXF" 
Set JLink Project File to "E:\GitHub\PumpInsert\source code\JLinkSettings.ini"
 
JLink info:
------------
DLL: V4.24b, compiled Feb 22 2011 20:47:17
Firmware: J-Link ARM V8 compiled Jan 31 2011 18:34:52
Hardware: V8.00
S/N : 270676280 
Feature(s) : RDI,FlashDL,FlashBP,JFlash,GDBFULL 
 
* JLink Info: TotalIRLen = 4, IRPrint = 0x01
* JLink Info: Found Cortex-M3 r2p0, Little endian.
* JLink Info: TPIU fitted.
* JLink Info: ETM fitted.
* JLink Info:   FPUnit: 6 code (BP) slots and 2 literal slots
ROMTableAddr = 0xE00FF003
* JLink Info: TotalIRLen = 4, IRPrint = 0x01
* JLink Info: Found Cortex-M3 r2p0, Little endian.
* JLink Info: TPIU fitted.
* JLink Info: ETM fitted.
* JLink Info:   FPUnit: 6 code (BP) slots and 2 literal slots
* JLink Info: TotalIRLen = 4, IRPrint = 0x01
* JLink Info: Found Cortex-M3 r2p0, Little endian.
* JLink Info: TPIU fitted.
* JLink Info: ETM fitted.
* JLink Info:   FPUnit: 6 code (BP) slots and 2 literal slots
 
Target info:
------------
Device: LPC1768
VTarget = 3.313V
State of Pins: 
TCK: 1, TDI: 0, TDO: 1, TMS: 0, TRES: 1, TRST: 1
Hardware-Breakpoints: 6
Software-Breakpoints: 2048
Watchpoints:          4
JTAG speed: 2000 kHz
 
Full Chip Erase Done.
Programming Done.
* JLink Info: TotalIRLen = 4, IRPrint = 0x01
* JLink Info: Found Cortex-M3 r2p0, Little endian.
* JLink Info: TPIU fitted.
* JLink Info: ETM fitted.
* JLink Info:   FPUnit: 6 code (BP) slots and 2 literal slots
**JLink Warning: CPU did not halt after bootloader.
Application running ...
Build target 'TB4000_PanelV02'
compiling ADC.c...
compiling menufunc.c...
linking...
Program Size: Code=42532 RO-data=396 RW-data=14628 ZI-data=5684  
FromELF: creating hex file...
User command #1: fromelf --bin ".\Output_PanelV02\TB4000_PanelV02.axf" --output ".\Output_PanelV02\firmware_TB4000_PanelV02.bin"
".\Output_PanelV02\TB4000_PanelV02.axf" - 0 Error(s), 0 Warning(s).
Load "E:\\GitHub\\PumpInsert\\source code\\Output_PanelV02\\TB4000_PanelV02.AXF" 
Set JLink Project File to "E:\GitHub\PumpInsert\source code\JLinkSettings.ini"
 
JLink info:
------------
DLL: V4.24b, compiled Feb 22 2011 20:47:17
Firmware: J-Link ARM V8 compiled Jan 31 2011 18:34:52
Hardware: V8.00
S/N : 270676280 
Feature(s) : RDI,FlashDL,FlashBP,JFlash,GDBFULL 
 
* JLink Info: TotalIRLen = 4, IRPrint = 0x01
* JLink Info: Found Cortex-M3 r2p0, Little endian.
* JLink Info: TPIU fitted.
* JLink Info: ETM fitted.
* JLink Info:   FPUnit: 6 code (BP) slots and 2 literal slots
ROMTableAddr = 0xE00FF003
* JLink Info: TotalIRLen = 4, IRPrint = 0x01
* JLink Info: Found Cortex-M3 r2p0, Little endian.
* JLink Info: TPIU fitted.
* JLink Info: ETM fitted.
* JLink Info:   FPUnit: 6 code (BP) slots and 2 literal slots
* JLink Info: TotalIRLen = 4, IRPrint = 0x01
* JLink Info: Found Cortex-M3 r2p0, Little endian.
* JLink Info: TPIU fitted.
* JLink Info: ETM fitted.
* JLink Info:   FPUnit: 6 code (BP) slots and 2 literal slots
 
Target info:
------------
Device: LPC1768
VTarget = 3.313V
State of Pins: 
TCK: 1, TDI: 0, TDO: 1, TMS: 0, TRES: 1, TRST: 1
Hardware-Breakpoints: 6
Software-Breakpoints: 2048
Watchpoints:          4
JTAG speed: 2000 kHz
 
Full Chip Erase Done.
Programming Done.
* JLink Info: TotalIRLen = 4, IRPrint = 0x01
* JLink Info: Found Cortex-M3 r2p0, Little endian.
* JLink Info: TPIU fitted.
* JLink Info: ETM fitted.
* JLink Info:   FPUnit: 6 code (BP) slots and 2 literal slots
**JLink Warning: CPU did not halt after bootloader.
Application running ...
Build target 'TB4000_PanelV02'
compiling ADC.c...
compiling main.c...
linking...
Program Size: Code=42492 RO-data=396 RW-data=14628 ZI-data=5684  
FromELF: creating hex file...
User command #1: fromelf --bin ".\Output_PanelV02\TB4000_PanelV02.axf" --output ".\Output_PanelV02\firmware_TB4000_PanelV02.bin"
".\Output_PanelV02\TB4000_PanelV02.axf" - 0 Error(s), 0 Warning(s).
Load "E:\\GitHub\\PumpInsert\\source code\\Output_PanelV02\\TB4000_PanelV02.AXF" 
Set JLink Project File to "E:\GitHub\PumpInsert\source code\JLinkSettings.ini"
 
JLink info:
------------
DLL: V4.24b, compiled Feb 22 2011 20:47:17
Firmware: J-Link ARM V8 compiled Jan 31 2011 18:34:52
Hardware: V8.00
S/N : 270676280 
Feature(s) : RDI,FlashDL,FlashBP,JFlash,GDBFULL 
 
* JLink Info: TotalIRLen = 4, IRPrint = 0x01
* JLink Info: Found Cortex-M3 r2p0, Little endian.
* JLink Info: TPIU fitted.
* JLink Info: ETM fitted.
* JLink Info:   FPUnit: 6 code (BP) slots and 2 literal slots
ROMTableAddr = 0xE00FF003
* JLink Info: TotalIRLen = 4, IRPrint = 0x01
* JLink Info: Found Cortex-M3 r2p0, Little endian.
* JLink Info: TPIU fitted.
* JLink Info: ETM fitted.
* JLink Info:   FPUnit: 6 code (BP) slots and 2 literal slots
**JLink Warning: CPU did not halt after bootloader.
* JLink Info: TotalIRLen = 4, IRPrint = 0x01
* JLink Info: Found Cortex-M3 r2p0, Little endian.
* JLink Info: TPIU fitted.
* JLink Info: ETM fitted.
* JLink Info:   FPUnit: 6 code (BP) slots and 2 literal slots
 
Target info:
------------
Device: LPC1768
VTarget = 3.313V
State of Pins: 
TCK: 1, TDI: 0, TDO: 1, TMS: 0, TRES: 1, TRST: 1
Hardware-Breakpoints: 6
Software-Breakpoints: 2048
Watchpoints:          4
JTAG speed: 2000 kHz
 
***JLink Error: Can not read register 15 (R15) while CPU is running
**JLink Warning: CPU could not be halted
***JLink Error: Could not start CPU core. (ErrorCode: -1)
***JLink Error: Can not read register 20 (CFBP) while CPU is running
**JLink Warning: CPU could not be halted
***JLink Error: Could not start CPU core. (ErrorCode: -1)
***JLink Error: CPU is not halted
***JLink Error: Can not read register 15 (R15) while CPU is running
**JLink Warning: CPU could not be halted
***JLink Error: Could not start CPU core. (ErrorCode: -1)
Full Chip Erase Failed!
Load "E:\\GitHub\\PumpInsert\\source code\\Output_PanelV02\\TB4000_PanelV02.AXF" 
Load "E:\\GitHub\\PumpInsert\\source code\\Output_PanelV02\\TB4000_PanelV02.AXF" 
Set JLink Project File to "E:\GitHub\PumpInsert\source code\JLinkSettings.ini"
 
JLink info:
------------
DLL: V4.24b, compiled Feb 22 2011 20:47:17
Firmware: J-Link ARM V8 compiled Jan 31 2011 18:34:52
Hardware: V8.00
S/N : 270676280 
Feature(s) : RDI,FlashDL,FlashBP,JFlash,GDBFULL 
 
* JLink Info: TotalIRLen = 4, IRPrint = 0x01
* JLink Info: Found Cortex-M3 r2p0, Little endian.
* JLink Info: TPIU fitted.
* JLink Info: ETM fitted.
* JLink Info:   FPUnit: 6 code (BP) slots and 2 literal slots
ROMTableAddr = 0xE00FF003
* JLink Info: TotalIRLen = 4, IRPrint = 0x01
* JLink Info: Found Cortex-M3 r2p0, Little endian.
* JLink Info: TPIU fitted.
* JLink Info: ETM fitted.
* JLink Info:   FPUnit: 6 code (BP) slots and 2 literal slots
* JLink Info: TotalIRLen = 4, IRPrint = 0x01
* JLink Info: Found Cortex-M3 r2p0, Little endian.
* JLink Info: TPIU fitted.
* JLink Info: ETM fitted.
* JLink Info:   FPUnit: 6 code (BP) slots and 2 literal slots
 
Target info:
------------
Device: LPC1768
VTarget = 3.461V
State of Pins: 
TCK: 1, TDI: 0, TDO: 1, TMS: 0, TRES: 1, TRST: 1
Hardware-Breakpoints: 6
Software-Breakpoints: 2048
Watchpoints:          4
JTAG speed: 2000 kHz
 
Full Chip Erase Done.
Programming Done.
* JLink Info: TotalIRLen = 4, IRPrint = 0x01
* JLink Info: Found Cortex-M3 r2p0, Little endian.
* JLink Info: TPIU fitted.
* JLink Info: ETM fitted.
* JLink Info:   FPUnit: 6 code (BP) slots and 2 literal slots
**JLink Warning: CPU did not halt after bootloader.
Application running ...
Build target 'TB4000_PanelV02'
compiling menufunc.c...
linking...
Program Size: Code=42464 RO-data=392 RW-data=14628 ZI-data=5684  
FromELF: creating hex file...
User command #1: fromelf --bin ".\Output_PanelV02\TB4000_PanelV02.axf" --output ".\Output_PanelV02\firmware_TB4000_PanelV02.bin"
".\Output_PanelV02\TB4000_PanelV02.axf" - 0 Error(s), 0 Warning(s).
Load "E:\\GitHub\\PumpInsert\\source code\\Output_PanelV02\\TB4000_PanelV02.AXF" 
Load "E:\\GitHub\\PumpInsert\\source code\\Output_PanelV02\\TB4000_PanelV02.AXF" 
Set JLink Project File to "E:\GitHub\PumpInsert\source code\JLinkSettings.ini"
 
JLink info:
------------
DLL: V4.24b, compiled Feb 22 2011 20:47:17
Firmware: J-Link ARM V8 compiled Jan 31 2011 18:34:52
Hardware: V8.00
S/N : 270676280 
Feature(s) : RDI,FlashDL,FlashBP,JFlash,GDBFULL 
 
* JLink Info: TotalIRLen = 4, IRPrint = 0x01
* JLink Info: Found Cortex-M3 r2p0, Little endian.
* JLink Info: TPIU fitted.
* JLink Info: ETM fitted.
* JLink Info:   FPUnit: 6 code (BP) slots and 2 literal slots
ROMTableAddr = 0xE00FF003
* JLink Info: TotalIRLen = 4, IRPrint = 0x01
* JLink Info: Found Cortex-M3 r2p0, Little endian.
* JLink Info: TPIU fitted.
* JLink Info: ETM fitted.
* JLink Info:   FPUnit: 6 code (BP) slots and 2 literal slots
* JLink Info: TotalIRLen = 4, IRPrint = 0x01
* JLink Info: Found Cortex-M3 r2p0, Little endian.
* JLink Info: TPIU fitted.
* JLink Info: ETM fitted.
* JLink Info:   FPUnit: 6 code (BP) slots and 2 literal slots
 
Target info:
------------
Device: LPC1768
VTarget = 3.313V
State of Pins: 
TCK: 1, TDI: 0, TDO: 1, TMS: 0, TRES: 1, TRST: 1
Hardware-Breakpoints: 6
Software-Breakpoints: 2048
Watchpoints:          4
JTAG speed: 2000 kHz
 
Full Chip Erase Done.
Programming Done.
* JLink Info: TotalIRLen = 4, IRPrint = 0x01
* JLink Info: Found Cortex-M3 r2p0, Little endian.
* JLink Info: TPIU fitted.
* JLink Info: ETM fitted.
* JLink Info:   FPUnit: 6 code (BP) slots and 2 literal slots
**JLink Warning: CPU did not halt after bootloader.
Application running ...
Build target 'TB4000_PanelV02'
compiling menufunc.c...
linking...
Program Size: Code=42468 RO-data=396 RW-data=14628 ZI-data=5684  
FromELF: creating hex file...
User command #1: fromelf --bin ".\Output_PanelV02\TB4000_PanelV02.axf" --output ".\Output_PanelV02\firmware_TB4000_PanelV02.bin"
".\Output_PanelV02\TB4000_PanelV02.axf" - 0 Error(s), 0 Warning(s).
Load "E:\\GitHub\\PumpInsert\\source code\\Output_PanelV02\\TB4000_PanelV02.AXF" 
Set JLink Project File to "E:\GitHub\PumpInsert\source code\JLinkSettings.ini"
 
JLink info:
------------
DLL: V4.24b, compiled Feb 22 2011 20:47:17
Firmware: J-Link ARM V8 compiled Jan 31 2011 18:34:52
Hardware: V8.00
S/N : 270676280 
Feature(s) : RDI,FlashDL,FlashBP,JFlash,GDBFULL 
 
* JLink Info: TotalIRLen = 4, IRPrint = 0x01
* JLink Info: Found Cortex-M3 r2p0, Little endian.
* JLink Info: TPIU fitted.
* JLink Info: ETM fitted.
* JLink Info:   FPUnit: 6 code (BP) slots and 2 literal slots
ROMTableAddr = 0xE00FF003
* JLink Info: TotalIRLen = 4, IRPrint = 0x01
* JLink Info: Found Cortex-M3 r2p0, Little endian.
* JLink Info: TPIU fitted.
* JLink Info: ETM fitted.
* JLink Info:   FPUnit: 6 code (BP) slots and 2 literal slots
* JLink Info: TotalIRLen = 4, IRPrint = 0x01
* JLink Info: Found Cortex-M3 r2p0, Little endian.
* JLink Info: TPIU fitted.
* JLink Info: ETM fitted.
* JLink Info:   FPUnit: 6 code (BP) slots and 2 literal slots
 
Target info:
------------
Device: LPC1768
VTarget = 3.313V
State of Pins: 
TCK: 1, TDI: 0, TDO: 1, TMS: 0, TRES: 1, TRST: 1
Hardware-Breakpoints: 6
Software-Breakpoints: 2048
Watchpoints:          4
JTAG speed: 2000 kHz
 
Full Chip Erase Done.
Programming Done.
* JLink Info: TotalIRLen = 4, IRPrint = 0x01
* JLink Info: Found Cortex-M3 r2p0, Little endian.
* JLink Info: TPIU fitted.
* JLink Info: ETM fitted.
* JLink Info:   FPUnit: 6 code (BP) slots and 2 literal slots
**JLink Warning: CPU did not halt after bootloader.
Application running ...
Build target 'TB4000_PanelV02'
compiling menufunc.c...
linking...
Program Size: Code=42456 RO-data=392 RW-data=14628 ZI-data=5684  
FromELF: creating hex file...
User command #1: fromelf --bin ".\Output_PanelV02\TB4000_PanelV02.axf" --output ".\Output_PanelV02\firmware_TB4000_PanelV02.bin"
".\Output_PanelV02\TB4000_PanelV02.axf" - 0 Error(s), 0 Warning(s).
Load "E:\\GitHub\\PumpInsert\\source code\\Output_PanelV02\\TB4000_PanelV02.AXF" 
Set JLink Project File to "E:\GitHub\PumpInsert\source code\JLinkSettings.ini"
 
JLink info:
------------
DLL: V4.24b, compiled Feb 22 2011 20:47:17
Firmware: J-Link ARM V8 compiled Jan 31 2011 18:34:52
Hardware: V8.00
S/N : 270676280 
Feature(s) : RDI,FlashDL,FlashBP,JFlash,GDBFULL 
 
* JLink Info: TotalIRLen = 4, IRPrint = 0x01
* JLink Info: Found Cortex-M3 r2p0, Little endian.
* JLink Info: TPIU fitted.
* JLink Info: ETM fitted.
* JLink Info:   FPUnit: 6 code (BP) slots and 2 literal slots
ROMTableAddr = 0xE00FF003
* JLink Info: TotalIRLen = 4, IRPrint = 0x01
* JLink Info: Found Cortex-M3 r2p0, Little endian.
* JLink Info: TPIU fitted.
* JLink Info: ETM fitted.
* JLink Info:   FPUnit: 6 code (BP) slots and 2 literal slots
* JLink Info: TotalIRLen = 4, IRPrint = 0x01
* JLink Info: Found Cortex-M3 r2p0, Little endian.
* JLink Info: TPIU fitted.
* JLink Info: ETM fitted.
* JLink Info:   FPUnit: 6 code (BP) slots and 2 literal slots
 
Target info:
------------
Device: LPC1768
VTarget = 3.319V
State of Pins: 
TCK: 1, TDI: 0, TDO: 1, TMS: 0, TRES: 1, TRST: 1
Hardware-Breakpoints: 6
Software-Breakpoints: 2048
Watchpoints:          4
JTAG speed: 2000 kHz
 
Full Chip Erase Done.
Programming Done.
* JLink Info: TotalIRLen = 4, IRPrint = 0x01
* JLink Info: Found Cortex-M3 r2p0, Little endian.
* JLink Info: TPIU fitted.
* JLink Info: ETM fitted.
* JLink Info:   FPUnit: 6 code (BP) slots and 2 literal slots
**JLink Warning: CPU did not halt after bootloader.
Application running ...
Build target 'TB4000_PanelV02'
compiling menufunc.c...
linking...
Program Size: Code=42448 RO-data=392 RW-data=14628 ZI-data=5684  
FromELF: creating hex file...
User command #1: fromelf --bin ".\Output_PanelV02\TB4000_PanelV02.axf" --output ".\Output_PanelV02\firmware_TB4000_PanelV02.bin"
".\Output_PanelV02\TB4000_PanelV02.axf" - 0 Error(s), 0 Warning(s).
Load "E:\\GitHub\\PumpInsert\\source code\\Output_PanelV02\\TB4000_PanelV02.AXF" 
Set JLink Project File to "E:\GitHub\PumpInsert\source code\JLinkSettings.ini"
 
JLink info:
------------
DLL: V4.24b, compiled Feb 22 2011 20:47:17
Firmware: J-Link ARM V8 compiled Jan 31 2011 18:34:52
Hardware: V8.00
S/N : 270676280 
Feature(s) : RDI,FlashDL,FlashBP,JFlash,GDBFULL 
 
* JLink Info: TotalIRLen = 4, IRPrint = 0x01
* JLink Info: Found Cortex-M3 r2p0, Little endian.
* JLink Info: TPIU fitted.
* JLink Info: ETM fitted.
* JLink Info:   FPUnit: 6 code (BP) slots and 2 literal slots
ROMTableAddr = 0xE00FF003
* JLink Info: TotalIRLen = 4, IRPrint = 0x01
* JLink Info: Found Cortex-M3 r2p0, Little endian.
* JLink Info: TPIU fitted.
* JLink Info: ETM fitted.
* JLink Info:   FPUnit: 6 code (BP) slots and 2 literal slots
* JLink Info: TotalIRLen = 4, IRPrint = 0x01
* JLink Info: Found Cortex-M3 r2p0, Little endian.
* JLink Info: TPIU fitted.
* JLink Info: ETM fitted.
* JLink Info:   FPUnit: 6 code (BP) slots and 2 literal slots
 
Target info:
------------
Device: LPC1768
VTarget = 3.313V
State of Pins: 
TCK: 1, TDI: 0, TDO: 1, TMS: 0, TRES: 1, TRST: 1
Hardware-Breakpoints: 6
Software-Breakpoints: 2048
Watchpoints:          4
JTAG speed: 2000 kHz
 
Full Chip Erase Done.
Programming Done.
* JLink Info: TotalIRLen = 4, IRPrint = 0x01
* JLink Info: Found Cortex-M3 r2p0, Little endian.
* JLink Info: TPIU fitted.
* JLink Info: ETM fitted.
* JLink Info:   FPUnit: 6 code (BP) slots and 2 literal slots
**JLink Warning: CPU did not halt after bootloader.
Application running ...
Build target 'TB4000_PanelV02'
compiling menufunc.c...
linking...
Program Size: Code=42504 RO-data=392 RW-data=14628 ZI-data=5684  
FromELF: creating hex file...
User command #1: fromelf --bin ".\Output_PanelV02\TB4000_PanelV02.axf" --output ".\Output_PanelV02\firmware_TB4000_PanelV02.bin"
".\Output_PanelV02\TB4000_PanelV02.axf" - 0 Error(s), 0 Warning(s).
Load "E:\\GitHub\\PumpInsert\\source code\\Output_PanelV02\\TB4000_PanelV02.AXF" 
Set JLink Project File to "E:\GitHub\PumpInsert\source code\JLinkSettings.ini"
 
JLink info:
------------
DLL: V4.24b, compiled Feb 22 2011 20:47:17
Firmware: J-Link ARM V8 compiled Jan 31 2011 18:34:52
Hardware: V8.00
S/N : 270676280 
Feature(s) : RDI,FlashDL,FlashBP,JFlash,GDBFULL 
 
* JLink Info: TotalIRLen = 4, IRPrint = 0x01
* JLink Info: Found Cortex-M3 r2p0, Little endian.
* JLink Info: TPIU fitted.
* JLink Info: ETM fitted.
* JLink Info:   FPUnit: 6 code (BP) slots and 2 literal slots
ROMTableAddr = 0xE00FF003
* JLink Info: TotalIRLen = 4, IRPrint = 0x01
* JLink Info: Found Cortex-M3 r2p0, Little endian.
* JLink Info: TPIU fitted.
* JLink Info: ETM fitted.
* JLink Info:   FPUnit: 6 code (BP) slots and 2 literal slots
* JLink Info: TotalIRLen = 4, IRPrint = 0x01
* JLink Info: Found Cortex-M3 r2p0, Little endian.
* JLink Info: TPIU fitted.
* JLink Info: ETM fitted.
* JLink Info:   FPUnit: 6 code (BP) slots and 2 literal slots
 
Target info:
------------
Device: LPC1768
VTarget = 3.313V
State of Pins: 
TCK: 1, TDI: 0, TDO: 1, TMS: 0, TRES: 1, TRST: 1
Hardware-Breakpoints: 6
Software-Breakpoints: 2048
Watchpoints:          4
JTAG speed: 2000 kHz
 
Full Chip Erase Done.
Programming Done.
* JLink Info: TotalIRLen = 4, IRPrint = 0x01
* JLink Info: Found Cortex-M3 r2p0, Little endian.
* JLink Info: TPIU fitted.
* JLink Info: ETM fitted.
* JLink Info:   FPUnit: 6 code (BP) slots and 2 literal slots
**JLink Warning: CPU did not halt after bootloader.
Application running ...
Build target 'TB4000_PanelV02'
compiling menufunc.c...
linking...
Program Size: Code=42504 RO-data=392 RW-data=14628 ZI-data=5684  
FromELF: creating hex file...
User command #1: fromelf --bin ".\Output_PanelV02\TB4000_PanelV02.axf" --output ".\Output_PanelV02\firmware_TB4000_PanelV02.bin"
".\Output_PanelV02\TB4000_PanelV02.axf" - 0 Error(s), 0 Warning(s).
Load "E:\\GitHub\\PumpInsert\\source code\\Output_PanelV02\\TB4000_PanelV02.AXF" 
Set JLink Project File to "E:\GitHub\PumpInsert\source code\JLinkSettings.ini"
 
JLink info:
------------
DLL: V4.24b, compiled Feb 22 2011 20:47:17
Firmware: J-Link ARM V8 compiled Jan 31 2011 18:34:52
Hardware: V8.00
S/N : 270676280 
Feature(s) : RDI,FlashDL,FlashBP,JFlash,GDBFULL 
 
* JLink Info: TotalIRLen = 4, IRPrint = 0x01
* JLink Info: Found Cortex-M3 r2p0, Little endian.
* JLink Info: TPIU fitted.
* JLink Info: ETM fitted.
* JLink Info:   FPUnit: 6 code (BP) slots and 2 literal slots
ROMTableAddr = 0xE00FF003
* JLink Info: TotalIRLen = 4, IRPrint = 0x01
* JLink Info: Found Cortex-M3 r2p0, Little endian.
* JLink Info: TPIU fitted.
* JLink Info: ETM fitted.
* JLink Info:   FPUnit: 6 code (BP) slots and 2 literal slots
* JLink Info: TotalIRLen = 4, IRPrint = 0x01
* JLink Info: Found Cortex-M3 r2p0, Little endian.
* JLink Info: TPIU fitted.
* JLink Info: ETM fitted.
* JLink Info:   FPUnit: 6 code (BP) slots and 2 literal slots
 
Target info:
------------
Device: LPC1768
VTarget = 3.313V
State of Pins: 
TCK: 1, TDI: 0, TDO: 1, TMS: 0, TRES: 1, TRST: 1
Hardware-Breakpoints: 6
Software-Breakpoints: 2048
Watchpoints:          4
JTAG speed: 2000 kHz
 
Full Chip Erase Done.
Programming Done.
* JLink Info: TotalIRLen = 4, IRPrint = 0x01
* JLink Info: Found Cortex-M3 r2p0, Little endian.
* JLink Info: TPIU fitted.
* JLink Info: ETM fitted.
* JLink Info:   FPUnit: 6 code (BP) slots and 2 literal slots
**JLink Warning: CPU did not halt after bootloader.
Application running ...
Build target 'TB4000_PanelV02'
compiling spi_flash.c...
compiling systick.c...
compiling timer.c...
compiling rtc.c...
compiling main.c...
compiling eeprom_flash.c...
compiling touchpad.c...
compiling compress.c...
compiling pump.c...
compiling system.c...
compiling menufunc.c...
compiling menutbl.c...
compiling menu.c...
linking...
Program Size: Code=42584 RO-data=392 RW-data=14632 ZI-data=5680  
FromELF: creating hex file...
User command #1: fromelf --bin ".\Output_PanelV02\TB4000_PanelV02.axf" --output ".\Output_PanelV02\firmware_TB4000_PanelV02.bin"
".\Output_PanelV02\TB4000_PanelV02.axf" - 0 Error(s), 0 Warning(s).
Load "E:\\GitHub\\PumpInsert\\source code\\Output_PanelV02\\TB4000_PanelV02.AXF" 
Set JLink Project File to "E:\GitHub\PumpInsert\source code\JLinkSettings.ini"
 
JLink info:
------------
DLL: V4.24b, compiled Feb 22 2011 20:47:17
Firmware: J-Link ARM V8 compiled Jan 31 2011 18:34:52
Hardware: V8.00
S/N : 270676280 
Feature(s) : RDI,FlashDL,FlashBP,JFlash,GDBFULL 
 
* JLink Info: TotalIRLen = 4, IRPrint = 0x01
* JLink Info: Found Cortex-M3 r2p0, Little endian.
* JLink Info: TPIU fitted.
* JLink Info: ETM fitted.
* JLink Info:   FPUnit: 6 code (BP) slots and 2 literal slots
ROMTableAddr = 0xE00FF003
* JLink Info: TotalIRLen = 4, IRPrint = 0x01
* JLink Info: Found Cortex-M3 r2p0, Little endian.
* JLink Info: TPIU fitted.
* JLink Info: ETM fitted.
* JLink Info:   FPUnit: 6 code (BP) slots and 2 literal slots
* JLink Info: TotalIRLen = 4, IRPrint = 0x01
* JLink Info: Found Cortex-M3 r2p0, Little endian.
* JLink Info: TPIU fitted.
* JLink Info: ETM fitted.
* JLink Info:   FPUnit: 6 code (BP) slots and 2 literal slots
 
Target info:
------------
Device: LPC1768
VTarget = 3.313V
State of Pins: 
TCK: 1, TDI: 0, TDO: 1, TMS: 0, TRES: 1, TRST: 1
Hardware-Breakpoints: 6
Software-Breakpoints: 2048
Watchpoints:          4
JTAG speed: 2000 kHz
 
Full Chip Erase Done.
Programming Done.
* JLink Info: TotalIRLen = 4, IRPrint = 0x01
* JLink Info: Found Cortex-M3 r2p0, Little endian.
* JLink Info: TPIU fitted.
* JLink Info: ETM fitted.
* JLink Info:   FPUnit: 6 code (BP) slots and 2 literal slots
**JLink Warning: CPU did not halt after bootloader.
Application running ...
Build target 'TB4000_PanelV02'
compiling menutbl.c...
linking...
Program Size: Code=42584 RO-data=392 RW-data=14488 ZI-data=5680  
FromELF: creating hex file...
User command #1: fromelf --bin ".\Output_PanelV02\TB4000_PanelV02.axf" --output ".\Output_PanelV02\firmware_TB4000_PanelV02.bin"
".\Output_PanelV02\TB4000_PanelV02.axf" - 0 Error(s), 0 Warning(s).
Load "E:\\GitHub\\PumpInsert\\source code\\Output_PanelV02\\TB4000_PanelV02.AXF" 
Set JLink Project File to "E:\GitHub\PumpInsert\source code\JLinkSettings.ini"
 
JLink info:
------------
DLL: V4.24b, compiled Feb 22 2011 20:47:17
Firmware: J-Link ARM V8 compiled Jan 31 2011 18:34:52
Hardware: V8.00
S/N : 270676280 
Feature(s) : RDI,FlashDL,FlashBP,JFlash,GDBFULL 
 
* JLink Info: TotalIRLen = 4, IRPrint = 0x01
* JLink Info: Found Cortex-M3 r2p0, Little endian.
* JLink Info: TPIU fitted.
* JLink Info: ETM fitted.
* JLink Info:   FPUnit: 6 code (BP) slots and 2 literal slots
ROMTableAddr = 0xE00FF003
* JLink Info: TotalIRLen = 4, IRPrint = 0x01
* JLink Info: Found Cortex-M3 r2p0, Little endian.
* JLink Info: TPIU fitted.
* JLink Info: ETM fitted.
* JLink Info:   FPUnit: 6 code (BP) slots and 2 literal slots
**JLink Warning: CPU did not halt after bootloader.
* JLink Info: TotalIRLen = 4, IRPrint = 0x01
* JLink Info: Found Cortex-M3 r2p0, Little endian.
* JLink Info: TPIU fitted.
* JLink Info: ETM fitted.
* JLink Info:   FPUnit: 6 code (BP) slots and 2 literal slots
 
Target info:
------------
Device: LPC1768
VTarget = 3.313V
State of Pins: 
TCK: 1, TDI: 0, TDO: 1, TMS: 0, TRES: 1, TRST: 1
Hardware-Breakpoints: 6
Software-Breakpoints: 2048
Watchpoints:          4
JTAG speed: 2000 kHz
 
Full Chip Erase Done.
Programming Failed!
Load "E:\\GitHub\\PumpInsert\\source code\\Output_PanelV02\\TB4000_PanelV02.AXF" 
Set JLink Project File to "E:\GitHub\PumpInsert\source code\JLinkSettings.ini"
 
JLink info:
------------
DLL: V4.24b, compiled Feb 22 2011 20:47:17
Firmware: J-Link ARM V8 compiled Jan 31 2011 18:34:52
Hardware: V8.00
S/N : 270676280 
Feature(s) : RDI,FlashDL,FlashBP,JFlash,GDBFULL 
 
* JLink Info: TotalIRLen = 4, IRPrint = 0x01
* JLink Info: Found Cortex-M3 r2p0, Little endian.
* JLink Info: TPIU fitted.
* JLink Info: ETM fitted.
* JLink Info:   FPUnit: 6 code (BP) slots and 2 literal slots
ROMTableAddr = 0xE00FF003
* JLink Info: TotalIRLen = 4, IRPrint = 0x01
* JLink Info: Found Cortex-M3 r2p0, Little endian.
* JLink Info: TPIU fitted.
* JLink Info: ETM fitted.
* JLink Info:   FPUnit: 6 code (BP) slots and 2 literal slots
**JLink Warning: CPU did not halt after bootloader.
* JLink Info: TotalIRLen = 4, IRPrint = 0x01
* JLink Info: Found Cortex-M3 r2p0, Little endian.
* JLink Info: TPIU fitted.
* JLink Info: ETM fitted.
* JLink Info:   FPUnit: 6 code (BP) slots and 2 literal slots
 
Target info:
------------
Device: LPC1768
VTarget = 3.313V
State of Pins: 
TCK: 1, TDI: 0, TDO: 1, TMS: 0, TRES: 1, TRST: 1
Hardware-Breakpoints: 6
Software-Breakpoints: 2048
Watchpoints:          4
JTAG speed: 2000 kHz
 
Full Chip Erase Done.
Programming Failed!
Load "E:\\GitHub\\PumpInsert\\source code\\Output_PanelV02\\TB4000_PanelV02.AXF" 
Set JLink Project File to "E:\GitHub\PumpInsert\source code\JLinkSettings.ini"
 
JLink info:
------------
DLL: V4.24b, compiled Feb 22 2011 20:47:17
Firmware: J-Link ARM V8 compiled Jan 31 2011 18:34:52
Hardware: V8.00
S/N : 270676280 
Feature(s) : RDI,FlashDL,FlashBP,JFlash,GDBFULL 
 
* JLink Info: TotalIRLen = 4, IRPrint = 0x01
* JLink Info: Found Cortex-M3 r2p0, Little endian.
* JLink Info: TPIU fitted.
* JLink Info: ETM fitted.
* JLink Info:   FPUnit: 6 code (BP) slots and 2 literal slots
ROMTableAddr = 0xE00FF003
* JLink Info: TotalIRLen = 4, IRPrint = 0x01
* JLink Info: Found Cortex-M3 r2p0, Little endian.
* JLink Info: TPIU fitted.
* JLink Info: ETM fitted.
* JLink Info:   FPUnit: 6 code (BP) slots and 2 literal slots
**JLink Warning: CPU did not halt after bootloader.
* JLink Info: TotalIRLen = 4, IRPrint = 0x01
* JLink Info: Found Cortex-M3 r2p0, Little endian.
* JLink Info: TPIU fitted.
* JLink Info: ETM fitted.
* JLink Info:   FPUnit: 6 code (BP) slots and 2 literal slots
 
Target info:
------------
Device: LPC1768
VTarget = 3.313V
State of Pins: 
TCK: 1, TDI: 0, TDO: 1, TMS: 0, TRES: 1, TRST: 1
Hardware-Breakpoints: 6
Software-Breakpoints: 2048
Watchpoints:          4
JTAG speed: 2000 kHz
 
Full Chip Erase Done.
Programming Failed!
Load "E:\\GitHub\\PumpInsert\\source code\\Output_PanelV02\\TB4000_PanelV02.AXF" 
Set JLink Project File to "E:\GitHub\PumpInsert\source code\JLinkSettings.ini"
 
JLink info:
------------
DLL: V4.24b, compiled Feb 22 2011 20:47:17
Firmware: J-Link ARM V8 compiled Jan 31 2011 18:34:52
Hardware: V8.00
S/N : 270676280 
Feature(s) : RDI,FlashDL,FlashBP,JFlash,GDBFULL 
 
* JLink Info: TotalIRLen = 4, IRPrint = 0x01
* JLink Info: Found Cortex-M3 r2p0, Little endian.
* JLink Info: TPIU fitted.
* JLink Info: ETM fitted.
* JLink Info:   FPUnit: 6 code (BP) slots and 2 literal slots
ROMTableAddr = 0xE00FF003
* JLink Info: TotalIRLen = 4, IRPrint = 0x01
* JLink Info: Found Cortex-M3 r2p0, Little endian.
* JLink Info: TPIU fitted.
* JLink Info: ETM fitted.
* JLink Info:   FPUnit: 6 code (BP) slots and 2 literal slots
* JLink Info: TotalIRLen = 4, IRPrint = 0x01
* JLink Info: Found Cortex-M3 r2p0, Little endian.
* JLink Info: TPIU fitted.
* JLink Info: ETM fitted.
* JLink Info:   FPUnit: 6 code (BP) slots and 2 literal slots
 
Target info:
------------
Device: LPC1768
VTarget = 3.319V
State of Pins: 
TCK: 1, TDI: 0, TDO: 1, TMS: 0, TRES: 1, TRST: 1
Hardware-Breakpoints: 6
Software-Breakpoints: 2048
Watchpoints:          4
JTAG speed: 2000 kHz
 
Full Chip Erase Done.
Programming Done.
* JLink Info: TotalIRLen = 4, IRPrint = 0x01
* JLink Info: Found Cortex-M3 r2p0, Little endian.
* JLink Info: TPIU fitted.
* JLink Info: ETM fitted.
* JLink Info:   FPUnit: 6 code (BP) slots and 2 literal slots
**JLink Warning: CPU did not halt after bootloader.
Application running ...
