ARM Linker, 4.1 [Build 644] [Standard]

==============================================================================

Section Cross References

    startup_lpc17xx.o(RESET) refers to startup_lpc17xx.o(STACK) for __initial_sp
    startup_lpc17xx.o(RESET) refers to startup_lpc17xx.o(.text) for Reset_Handler
    startup_lpc17xx.o(RESET) refers to systick.o(.text) for SysTick_Handler
    startup_lpc17xx.o(RESET) refers to timer.o(.text) for TIMER0_IRQHandler
    startup_lpc17xx.o(RESET) refers to uart.o(.text) for UART3_IRQHandler
    startup_lpc17xx.o(RESET) refers to rtc.o(.text) for RTC_IRQHandler
    startup_lpc17xx.o(.text) refers to entry.o(.ARM.Collect$$$$00000000) for __main
    system_lpc17xx.o(.text) refers to system_lpc17xx.o(.data) for SystemFrequency
    spi_flash.o(.text) refers to spi.o(.text) for spi_init
    spi_flash.o(.text) refers to systick.o(.text) for Delay10ms
    rx_lcd_v02.o(.text) refers to systick.o(.text) for Delay10ms
    rx_lcd_v02.o(.text) refers to rx_lcd_v02.o(.data) for g_u8LcdLayer
    systick.o(.text) refers to systick.o(.data) for g_uiHTsampleCounter
    systick.o(.text) refers to main.o(.data) for g_u8Pump1Lost
    timer.o(.text) refers to struct.o(.data) for g_stOptSetting
    timer.o(.text) refers to timer.o(.data) for PumpCount
    timer.o(.text) refers to main.o(.data) for g_u8FlowCount1
    uart.o(.text) refers to uart.o(.data) for UART3Status
    uart.o(.text) refers to uart.o(.bss) for UART3Buffer
    uart.o(.text) refers to system_lpc17xx.o(.data) for SystemFrequency
    rtc.o(.text) refers to memcpya.o(.text) for __aeabi_memcpy4
    rtc.o(.text) refers to rtc.o(.data) for g_uiDateTime_reload
    rtc.o(.text) refers to rtc.o(.bss) for g_stTemp_time
    main.o(.text) refers to rx_lcd_v02.o(.text) for RXLCD_EditCurrent
    main.o(.text) refers to systick.o(.text) for Delay10ms
    main.o(.text) refers to system_lpc17xx.o(.text) for SystemInit
    main.o(.text) refers to timer.o(.text) for init_timer
    main.o(.text) refers to pump.o(.text) for PumpInit
    main.o(.text) refers to spi_flash.o(.text) for SPIFlashMasterInit
    main.o(.text) refers to eeprom_flash.o(.text) for CFlashStartupCheck
    main.o(.text) refers to adc.o(.text) for ADC_init
    main.o(.text) refers to menufunc.o(.text) for CDrawMainPage
    main.o(.text) refers to touchpad.o(.text) for CTPHandle
    main.o(.text) refers to menu.o(.text) for CUIHandler
    main.o(.text) refers to system.o(.text) for CSystemEventHandler
    main.o(.text) refers to main.o(.bss) for g_t8MenuStack
    main.o(.text) refers to main.o(.data) for g_u8StackTop
    main.o(.text) refers to rx_lcd_v02.o(.data) for g_u8LcdLayer
    main.o(.text) refers to timer.o(.data) for PumpCount
    main.o(.text) refers to pump.o(.data) for nMaxEffClass
    main.o(.text) refers to system.o(.data) for g_u8Lost1SaveFlag
    main.o(.text) refers to system_lpc17xx.o(.data) for SystemFrequency
    eeprom_flash.o(.text) refers to spi_flash.o(.text) for SPIFlash_Read
    eeprom_flash.o(.text) refers to main.o(.bss) for flash_buf
    eeprom_flash.o(.text) refers to eeprom_flash.o(.bss) for g_u8MoveTable
    eeprom_flash.o(.text) refers to eeprom_flash.o(.data) for g_u32CellIndex
    eeprom_flash.o(.text) refers to struct.o(.bss) for g_stPumpSetting
    eeprom_flash.o(.text) refers to memcpya.o(.text) for __aeabi_memcpy
    eeprom_flash.o(.text) refers to struct.o(.data) for g_stOptSetting
    eeprom_flash.o(.text) refers to rtc.o(.text) for RTCSetTimeDefault
    eeprom_flash.o(.text) refers to main.o(.data) for g_8Flash0BulkErase
    eeprom_flash.o(.text) refers to rtc.o(.bss) for g_stCurrent_time
    touchpad.o(.text) refers to rx_lcd_v02.o(.text) for Write_Dir
    touchpad.o(.text) refers to main.o(.text) for delay
    touchpad.o(.text) refers to main.o(.bss) for g_stTPx
    touchpad.o(.text) refers to main.o(.data) for g_u32TP_D_x
    compress.o(.text) refers to main.o(.bss) for t_u16CompressPoint
    pump.o(.text) refers to timer.o(.text) for init_timer
    pump.o(.text) refers to struct.o(.bss) for g_stPumpSetting
    pump.o(.text) refers to timer.o(.data) for PumpCount
    pump.o(.text) refers to dflti.o(.text) for __aeabi_i2d
    pump.o(.text) refers to dfltui.o(.text) for __aeabi_ui2d
    pump.o(.text) refers to dmul.o(.text) for __aeabi_dmul
    pump.o(.text) refers to ddiv.o(.text) for __aeabi_ddiv
    pump.o(.text) refers to ceil.o(i.ceil) for ceil
    pump.o(.text) refers to dfixui.o(.text) for __aeabi_d2uiz
    pump.o(.text) refers to struct.o(.data) for g_stOptSetting
    pump.o(.text) refers to pump.o(.data) for nMaxEffClass
    pump.o(.text) refers to main.o(.data) for g_u8Opt2FunctionEn
    pump.o(.text) refers to systick.o(.text) for Delay10ms
    pump.o(.text) refers to main.o(.bss) for g_u32RunningFlow1
    system.o(.text) refers to adc.o(.text) for ADC45_Get
    system.o(.text) refers to ffltui.o(.text) for __aeabi_ui2f
    system.o(.text) refers to f2d.o(.text) for __aeabi_f2d
    system.o(.text) refers to dmul.o(.text) for __aeabi_dmul
    system.o(.text) refers to ddiv.o(.text) for __aeabi_ddiv
    system.o(.text) refers to d2f.o(.text) for __aeabi_d2f
    system.o(.text) refers to menufunc.o(.text) for CDispFloatAt
    system.o(.text) refers to timer.o(.text) for reset_timer
    system.o(.text) refers to pump.o(.text) for PumpSetEnable
    system.o(.text) refers to main.o(.data) for g_u8HTTestStart
    system.o(.text) refers to systick.o(.data) for g_uiHTsampleCounter
    system.o(.text) refers to system.o(.data) for g_u8Lost2SaveFlag
    system.o(.text) refers to timer.o(.data) for PumpCount
    system.o(.text) refers to main.o(.bss) for g_u16FreqFlow2
    system.o(.text) refers to struct.o(.bss) for g_stPumpSetting
    system.o(.text) refers to rx_lcd_v02.o(.text) for WriteString
    menufunc.o(.text) refers to rx_lcd_v02.o(.text) for RXLCD_EditCurrent
    menufunc.o(.text) refers to main.o(.data) for MenuPageIndex
    menufunc.o(.text) refers to menutbl.o(.data) for tblMenus
    menufunc.o(.text) refers to systick.o(.text) for Delay10ms
    menufunc.o(.text) refers to menu.o(.constdata) for PageStackStartPoint
    menufunc.o(.text) refers to main.o(.bss) for g_t8MenuStack
    menufunc.o(.text) refers to rx_lcd_v02.o(.data) for g_u8LcdLayer
    menufunc.o(.text) refers to menufunc.o(.constdata) for Pow10
    menufunc.o(.text) refers to ffixi.o(.text) for __aeabi_f2iz
    menufunc.o(.text) refers to cfcmple.o(.text) for __aeabi_cfcmple
    menufunc.o(.text) refers to cfrcmple.o(.text) for __aeabi_cfrcmple
    menufunc.o(.text) refers to ffltui.o(.text) for __aeabi_ui2f
    menufunc.o(.text) refers to fmul.o(.text) for __aeabi_fmul
    menufunc.o(.text) refers to f2d.o(.text) for __aeabi_f2d
    menufunc.o(.text) refers to floor.o(i.floor) for floor
    menufunc.o(.text) refers to d2f.o(.text) for __aeabi_d2f
    menufunc.o(.text) refers to pump.o(.text) for PumpFreeRun
    menufunc.o(.text) refers to struct.o(.data) for g_stUISetting
    menufunc.o(.text) refers to timer.o(.text) for enable_timer
    menufunc.o(.text) refers to systick.o(.data) for g_uiPump1LostTimeout
    menufunc.o(.text) refers to timer.o(.data) for PumpCount
    menufunc.o(.text) refers to struct.o(.bss) for g_stPumpSetting
    menufunc.o(.text) refers to eeprom_flash.o(.text) for CFlashSavePumpSetting
    menufunc.o(.text) refers to log.o(i.log) for log
    menufunc.o(.text) refers to dfltui.o(.text) for __aeabi_ui2d
    menufunc.o(.text) refers to ddiv.o(.text) for __aeabi_ddiv
    menufunc.o(.text) refers to dfixui.o(.text) for __aeabi_d2uiz
    menutbl.o(.data) refers to menufunc.o(.text) for CNull
    menutbl.o(.data) refers to struct.o(.data) for g_stUISetting
    menutbl.o(.data) refers to struct.o(.bss) for g_stPumpSetting
    menu.o(.text) refers to touchpad.o(.text) for TP_IsClickDown
    menu.o(.text) refers to menufunc.o(.text) for CPopUpInputResult
    menu.o(.text) refers to main.o(.data) for g_u8TPDown
    menu.o(.text) refers to main.o(.bss) for g_t8MenuStack
    menu.o(.text) refers to menutbl.o(.data) for tblMenus
    ceil.o(i.__softfp_ceil) refers (Special) to iusefp.o(.text) for __I$use$fp
    ceil.o(i.__softfp_ceil) refers to ceil.o(i.ceil) for ceil
    ceil.o(i.ceil) refers (Special) to iusefp.o(.text) for __I$use$fp
    ceil.o(i.ceil) refers to dadd.o(.text) for __aeabi_dadd
    ceil.o(i.ceil) refers to cdrcmple.o(.text) for __aeabi_cdrcmple
    floor.o(i.__softfp_floor) refers (Special) to iusefp.o(.text) for __I$use$fp
    floor.o(i.__softfp_floor) refers to floor.o(i.floor) for floor
    floor.o(i.floor) refers (Special) to iusefp.o(.text) for __I$use$fp
    floor.o(i.floor) refers to dadd.o(.text) for __aeabi_dadd
    floor.o(i.floor) refers to cdrcmple.o(.text) for __aeabi_cdrcmple
    log.o(i.__softfp_log) refers (Special) to iusefp.o(.text) for __I$use$fp
    log.o(i.__softfp_log) refers to log.o(i.log) for log
    log.o(i.log) refers (Special) to iusefp.o(.text) for __I$use$fp
    log.o(i.log) refers to dscalb.o(.text) for __ARM_scalbn
    log.o(i.log) refers to errno.o(i.__set_errno) for __set_errno
    log.o(i.log) refers to ddiv.o(.text) for __aeabi_ddiv
    log.o(i.log) refers to dadd.o(.text) for __aeabi_dsub
    log.o(i.log) refers to cdcmple.o(.text) for __aeabi_cdcmpeq
    log.o(i.log) refers to dflti.o(.text) for __aeabi_i2d
    log.o(i.log) refers to dmul.o(.text) for __aeabi_dmul
    log.o(i.log) refers to poly.o(i.__kernel_poly) for __kernel_poly
    log.o(i.log) refers to qnan.o(.constdata) for __mathlib_zero
    log.o(i.log) refers to log.o(.constdata) for .constdata
    log.o(.constdata) refers (Special) to iusefp.o(.text) for __I$use$fp
    log_x.o(i.____softfp_log$lsc) refers (Special) to iusefp.o(.text) for __I$use$fp
    log_x.o(i.____softfp_log$lsc) refers to log_x.o(i.__log$lsc) for __log$lsc
    log_x.o(i.__log$lsc) refers (Special) to iusefp.o(.text) for __I$use$fp
    log_x.o(i.__log$lsc) refers to dscalb.o(.text) for __ARM_scalbn
    log_x.o(i.__log$lsc) refers to errno.o(i.__set_errno) for __set_errno
    log_x.o(i.__log$lsc) refers to dadd.o(.text) for __aeabi_dsub
    log_x.o(i.__log$lsc) refers to cdcmple.o(.text) for __aeabi_cdcmpeq
    log_x.o(i.__log$lsc) refers to dflti.o(.text) for __aeabi_i2d
    log_x.o(i.__log$lsc) refers to dmul.o(.text) for __aeabi_dmul
    log_x.o(i.__log$lsc) refers to ddiv.o(.text) for __aeabi_ddiv
    log_x.o(i.__log$lsc) refers to poly.o(i.__kernel_poly) for __kernel_poly
    log_x.o(i.__log$lsc) refers to qnan.o(.constdata) for __mathlib_zero
    log_x.o(i.__log$lsc) refers to log_x.o(.constdata) for .constdata
    log_x.o(.constdata) refers (Special) to iusefp.o(.text) for __I$use$fp
    entry.o(.ARM.Collect$$$$00000000) refers (Special) to entry7.o(.ARM.Collect$$$$00000007) for _main_init
    entry.o(.ARM.Collect$$$$00000000) refers (Special) to entry5.o(.ARM.Collect$$$$00000004) for _main_scatterload
    entry.o(.ARM.Collect$$$$00000000) refers (Special) to entry2.o(.ARM.Collect$$$$00000001) for _main_stk
    fmul.o(.text) refers (Special) to iusefp.o(.text) for __I$use$fp
    dmul.o(.text) refers (Special) to iusefp.o(.text) for __I$use$fp
    dmul.o(.text) refers to depilogue.o(.text) for _double_epilogue
    ddiv.o(.text) refers (Special) to iusefp.o(.text) for __I$use$fp
    ddiv.o(.text) refers to depilogue.o(.text) for _double_round
    ffltui.o(.text) refers (Special) to iusefp.o(.text) for __I$use$fp
    ffltui.o(.text) refers to fepilogue.o(.text) for _float_epilogue
    dflti.o(.text) refers (Special) to iusefp.o(.text) for __I$use$fp
    dflti.o(.text) refers to depilogue.o(.text) for _double_epilogue
    dfltui.o(.text) refers (Special) to iusefp.o(.text) for __I$use$fp
    dfltui.o(.text) refers to depilogue.o(.text) for _double_epilogue
    ffixi.o(.text) refers (Special) to iusefp.o(.text) for __I$use$fp
    dfixui.o(.text) refers (Special) to iusefp.o(.text) for __I$use$fp
    dfixui.o(.text) refers to llushr.o(.text) for __aeabi_llsr
    f2d.o(.text) refers (Special) to iusefp.o(.text) for __I$use$fp
    d2f.o(.text) refers (Special) to iusefp.o(.text) for __I$use$fp
    d2f.o(.text) refers to fepilogue.o(.text) for _float_round
    cfcmple.o(.text) refers (Special) to iusefp.o(.text) for __I$use$fp
    cfrcmple.o(.text) refers (Special) to iusefp.o(.text) for __I$use$fp
    poly.o(i.__kernel_poly) refers (Special) to iusefp.o(.text) for __I$use$fp
    poly.o(i.__kernel_poly) refers to dmul.o(.text) for __aeabi_dmul
    poly.o(i.__kernel_poly) refers to dadd.o(.text) for __aeabi_dadd
    qnan.o(.constdata) refers (Special) to iusefp.o(.text) for __I$use$fp
    entry2.o(.ARM.Collect$$$$00000001) refers to entry2.o(.ARM.Collect$$$$00002712) for __lit__00000000
    entry2.o(.ARM.Collect$$$$00002712) refers to startup_lpc17xx.o(STACK) for __initial_sp
    entry2.o(__vectab_stack_and_reset_area) refers to startup_lpc17xx.o(STACK) for __initial_sp
    entry2.o(__vectab_stack_and_reset_area) refers to entry.o(.ARM.Collect$$$$00000000) for __main
    entry5.o(.ARM.Collect$$$$00000004) refers to init.o(.text) for __scatterload
    entry7.o(.ARM.Collect$$$$00000007) refers to main.o(.text) for main
    errno.o(i.__aeabi_errno_addr) refers to errno.o(.data) for .data
    errno.o(i.__read_errno) refers to errno.o(.data) for .data
    errno.o(i.__set_errno) refers to errno.o(.data) for .data
    depilogue.o(.text) refers to llshl.o(.text) for __aeabi_llsl
    depilogue.o(.text) refers to llushr.o(.text) for __aeabi_llsr
    dadd.o(.text) refers to llshl.o(.text) for __aeabi_llsl
    dadd.o(.text) refers to llsshr.o(.text) for __aeabi_lasr
    dadd.o(.text) refers to depilogue.o(.text) for _double_epilogue
    init.o(.text) refers to entry5.o(.ARM.Collect$$$$00000004) for __main_after_scatterload


==============================================================================

Removing Unused input sections from the image.

    Removing startup_lpc17xx.o(HEAP), (0 bytes).
    Removing system_lpc17xx.o(.emb_text), (8 bytes).
    Removing spi_flash.o(.emb_text), (8 bytes).
    Removing rx_lcd_v02.o(.emb_text), (8 bytes).
    Removing systick.o(.emb_text), (8 bytes).
    Removing timer.o(.emb_text), (8 bytes).
    Removing uart.o(.emb_text), (8 bytes).
    Removing spi.o(.emb_text), (8 bytes).
    Removing rtc.o(.emb_text), (8 bytes).
    Removing adc.o(.emb_text), (8 bytes).
    Removing main.o(.emb_text), (8 bytes).
    Removing eeprom_flash.o(.emb_text), (8 bytes).
    Removing struct.o(.emb_text), (8 bytes).
    Removing touchpad.o(.emb_text), (8 bytes).
    Removing compress.o(.emb_text), (8 bytes).
    Removing compress.o(.text), (548 bytes).
    Removing pump.o(.emb_text), (8 bytes).
    Removing system.o(.emb_text), (8 bytes).
    Removing menufunc.o(.emb_text), (8 bytes).
    Removing menutbl.o(.emb_text), (8 bytes).
    Removing menutbl.o(.bss), (48 bytes).
    Removing menu.o(.emb_text), (8 bytes).
    Removing menu.o(.data), (1 bytes).

23 unused section(s) (total 749 bytes) removed from the image.

==============================================================================

Image Symbol Table

    Local Symbols

    Symbol Name                              Value     Ov Type        Size  Object(Section)

    RESET                                    0x00000000   Section      196  startup_lpc17xx.o(RESET)
    ../../../cmprslib/zerorunl2.c            0x00000000   Number         0  __dczerorl2.o ABSOLUTE
    ../../ceil.c                             0x00000000   Number         0  ceil.o ABSOLUTE
    ../../floor.c                            0x00000000   Number         0  floor.o ABSOLUTE
    ../../log.c                              0x00000000   Number         0  log_x.o ABSOLUTE
    ../../log.c                              0x00000000   Number         0  log.o ABSOLUTE
    ../../microlib/d2f.c                     0x00000000   Number         0  d2f.o ABSOLUTE
    ../../microlib/errno.c                   0x00000000   Number         0  errno.o ABSOLUTE
    ../../microlib/f2d.c                     0x00000000   Number         0  f2d.o ABSOLUTE
    ../../microlib/fpadd.c                   0x00000000   Number         0  dadd.o ABSOLUTE
    ../../microlib/fpdiv.c                   0x00000000   Number         0  ddiv.o ABSOLUTE
    ../../microlib/fpepilogue.c              0x00000000   Number         0  fepilogue.o ABSOLUTE
    ../../microlib/fpepilogue.c              0x00000000   Number         0  depilogue.o ABSOLUTE
    ../../microlib/fpfix.c                   0x00000000   Number         0  dfixui.o ABSOLUTE
    ../../microlib/fpfix.c                   0x00000000   Number         0  ffixi.o ABSOLUTE
    ../../microlib/fpflt.c                   0x00000000   Number         0  dfltui.o ABSOLUTE
    ../../microlib/fpflt.c                   0x00000000   Number         0  ffltui.o ABSOLUTE
    ../../microlib/fpflt.c                   0x00000000   Number         0  dflti.o ABSOLUTE
    ../../microlib/fpmul.c                   0x00000000   Number         0  fmul.o ABSOLUTE
    ../../microlib/fpmul.c                   0x00000000   Number         0  dmul.o ABSOLUTE
    ../../microlib/fpscalb.c                 0x00000000   Number         0  dscalb.o ABSOLUTE
    ../../microlib/init/entry.s              0x00000000   Number         0  entry2.o ABSOLUTE
    ../../microlib/init/entry.s              0x00000000   Number         0  entry5.o ABSOLUTE
    ../../microlib/init/entry.s              0x00000000   Number         0  entry.o ABSOLUTE
    ../../microlib/init/entry.s              0x00000000   Number         0  entry7.o ABSOLUTE
    ../../microlib/longlong.c                0x00000000   Number         0  llushr.o ABSOLUTE
    ../../microlib/longlong.c                0x00000000   Number         0  llsshr.o ABSOLUTE
    ../../microlib/longlong.c                0x00000000   Number         0  llshl.o ABSOLUTE
    ../../microlib/string/memcpy.c           0x00000000   Number         0  memcpyb.o ABSOLUTE
    ../../microlib/string/memcpy.c           0x00000000   Number         0  memcpya.o ABSOLUTE
    ../../microlib/stubs.s                   0x00000000   Number         0  iusefp.o ABSOLUTE
    ../../poly.c                             0x00000000   Number         0  poly.o ABSOLUTE
    ../../qnan.c                             0x00000000   Number         0  qnan.o ABSOLUTE
    Core\ADC\ADC.c                           0x00000000   Number         0  adc.o ABSOLUTE
    Core\FLASH\spi_flash.c                   0x00000000   Number         0  spi_flash.o ABSOLUTE
    Core\GLCD\RX_LCD_V02.c                   0x00000000   Number         0  rx_lcd_v02.o ABSOLUTE
    Core\RTC\rtc.c                           0x00000000   Number         0  rtc.o ABSOLUTE
    Core\SPI\SPI.c                           0x00000000   Number         0  spi.o ABSOLUTE
    Core\Serial\uart.c                       0x00000000   Number         0  uart.o ABSOLUTE
    Core\SysTick\systick.c                   0x00000000   Number         0  systick.o ABSOLUTE
    Core\TIMER\timer.c                       0x00000000   Number         0  timer.o ABSOLUTE
    Core\\ADC\\ADC.c                         0x00000000   Number         0  adc.o ABSOLUTE
    Core\\FLASH\\spi_flash.c                 0x00000000   Number         0  spi_flash.o ABSOLUTE
    Core\\GLCD\\RX_LCD_V02.c                 0x00000000   Number         0  rx_lcd_v02.o ABSOLUTE
    Core\\RTC\\rtc.c                         0x00000000   Number         0  rtc.o ABSOLUTE
    Core\\SPI\\SPI.c                         0x00000000   Number         0  spi.o ABSOLUTE
    Core\\Serial\\uart.c                     0x00000000   Number         0  uart.o ABSOLUTE
    Core\\SysTick\\systick.c                 0x00000000   Number         0  systick.o ABSOLUTE
    Core\\TIMER\\timer.c                     0x00000000   Number         0  timer.o ABSOLUTE
    Core\\common\\src\\system_LPC17xx.c      0x00000000   Number         0  system_lpc17xx.o ABSOLUTE
    Core\common\src\core_cm3.c               0x00000000   Number         0  core_cm3.o ABSOLUTE
    Core\common\src\startup_LPC17xx.s        0x00000000   Number         0  startup_lpc17xx.o ABSOLUTE
    Core\common\src\system_LPC17xx.c         0x00000000   Number         0  system_lpc17xx.o ABSOLUTE
    SourceCode\\compress.c                   0x00000000   Number         0  compress.o ABSOLUTE
    SourceCode\\eeprom_flash.c               0x00000000   Number         0  eeprom_flash.o ABSOLUTE
    SourceCode\\main.c                       0x00000000   Number         0  main.o ABSOLUTE
    SourceCode\\pump.c                       0x00000000   Number         0  pump.o ABSOLUTE
    SourceCode\\struct.c                     0x00000000   Number         0  struct.o ABSOLUTE
    SourceCode\\system.c                     0x00000000   Number         0  system.o ABSOLUTE
    SourceCode\\touchpad.c                   0x00000000   Number         0  touchpad.o ABSOLUTE
    SourceCode\compress.c                    0x00000000   Number         0  compress.o ABSOLUTE
    SourceCode\eeprom_flash.c                0x00000000   Number         0  eeprom_flash.o ABSOLUTE
    SourceCode\main.c                        0x00000000   Number         0  main.o ABSOLUTE
    SourceCode\pump.c                        0x00000000   Number         0  pump.o ABSOLUTE
    SourceCode\struct.c                      0x00000000   Number         0  struct.o ABSOLUTE
    SourceCode\system.c                      0x00000000   Number         0  system.o ABSOLUTE
    SourceCode\touchpad.c                    0x00000000   Number         0  touchpad.o ABSOLUTE
    cdcmple.s                                0x00000000   Number         0  cdcmple.o ABSOLUTE
    cdrcmple.s                               0x00000000   Number         0  cdrcmple.o ABSOLUTE
    cfcmple.s                                0x00000000   Number         0  cfcmple.o ABSOLUTE
    cfrcmple.s                               0x00000000   Number         0  cfrcmple.o ABSOLUTE
    dc.s                                     0x00000000   Number         0  dc.o ABSOLUTE
    handlers.s                               0x00000000   Number         0  handlers.o ABSOLUTE
    init.s                                   0x00000000   Number         0  init.o ABSOLUTE
    menu\\menu.c                             0x00000000   Number         0  menu.o ABSOLUTE
    menu\\menufunc.c                         0x00000000   Number         0  menufunc.o ABSOLUTE
    menu\\menutbl.c                          0x00000000   Number         0  menutbl.o ABSOLUTE
    menu\menu.c                              0x00000000   Number         0  menu.o ABSOLUTE
    menu\menufunc.c                          0x00000000   Number         0  menufunc.o ABSOLUTE
    menu\menutbl.c                           0x00000000   Number         0  menutbl.o ABSOLUTE
    .ARM.Collect$$$$00000000                 0x000000c4   Section        0  entry.o(.ARM.Collect$$$$00000000)
    .ARM.Collect$$$$00000001                 0x000000c4   Section        4  entry2.o(.ARM.Collect$$$$00000001)
    .ARM.Collect$$$$00000004                 0x000000c8   Section        4  entry5.o(.ARM.Collect$$$$00000004)
    .ARM.Collect$$$$00000007                 0x000000cc   Section        8  entry7.o(.ARM.Collect$$$$00000007)
    .ARM.Collect$$$$00002712                 0x000000d4   Section        4  entry2.o(.ARM.Collect$$$$00002712)
    __lit__00000000                          0x000000d4   Data           4  entry2.o(.ARM.Collect$$$$00002712)
    .text                                    0x000000d8   Section       28  startup_lpc17xx.o(.text)
    .text                                    0x000000f4   Section        0  system_lpc17xx.o(.text)
    .text                                    0x0000035c   Section        0  spi_flash.o(.text)
    .text                                    0x0000058c   Section        0  rx_lcd_v02.o(.text)
    .text                                    0x00001954   Section        0  systick.o(.text)
    .text                                    0x00001a9c   Section        0  timer.o(.text)
    NVIC_EnableIRQ                           0x00001d39   Thumb Code    30  timer.o(.text)
    .text                                    0x00001d94   Section        0  uart.o(.text)
    .text                                    0x00001f24   Section        0  spi.o(.text)
    .text                                    0x00002038   Section        0  rtc.o(.text)
    .text                                    0x000021c4   Section        0  adc.o(.text)
    .text                                    0x00002460   Section        0  main.o(.text)
    .text                                    0x0000278c   Section        0  eeprom_flash.o(.text)
    .text                                    0x0000387c   Section        0  touchpad.o(.text)
    .text                                    0x00003c04   Section        0  pump.o(.text)
    .text                                    0x0000519c   Section        0  system.o(.text)
    .text                                    0x000058ac   Section        0  menufunc.o(.text)
    _Check_NegLong                           0x00007cfd   Thumb Code    42  menufunc.o(.text)
    CDispFloatFix                            0x00007e0d   Thumb Code   144  menufunc.o(.text)
    .text                                    0x000094cc   Section        0  menu.o(.text)
    .text                                    0x00009ae0   Section        0  memcpya.o(.text)
    .text                                    0x00009b04   Section        0  fmul.o(.text)
    .text                                    0x00009b70   Section        0  dmul.o(.text)
    .text                                    0x00009c52   Section        0  ddiv.o(.text)
    .text                                    0x00009d34   Section        0  ffltui.o(.text)
    .text                                    0x00009d3e   Section        0  dflti.o(.text)
    .text                                    0x00009d60   Section        0  dfltui.o(.text)
    .text                                    0x00009d7a   Section        0  ffixi.o(.text)
    .text                                    0x00009dac   Section        0  dfixui.o(.text)
    .text                                    0x00009dda   Section        0  f2d.o(.text)
    .text                                    0x00009e06   Section        0  d2f.o(.text)
    .text                                    0x00009e40   Section       20  cfcmple.o(.text)
    .text                                    0x00009e54   Section       20  cfrcmple.o(.text)
    .text                                    0x00009e68   Section        0  llushr.o(.text)
    .text                                    0x00009e88   Section        0  fepilogue.o(.text)
    .text                                    0x00009e88   Section        0  iusefp.o(.text)
    .text                                    0x00009ef4   Section        0  depilogue.o(.text)
    .text                                    0x00009fba   Section        0  dadd.o(.text)
    .text                                    0x0000a10a   Section        0  dscalb.o(.text)
    .text                                    0x0000a138   Section       40  cdcmple.o(.text)
    .text                                    0x0000a160   Section       40  cdrcmple.o(.text)
    .text                                    0x0000a188   Section       36  init.o(.text)
    .text                                    0x0000a1ac   Section        0  llshl.o(.text)
    .text                                    0x0000a1ca   Section        0  llsshr.o(.text)
    .text                                    0x0000a1ee   Section        0  __dczerorl2.o(.text)
    i.__kernel_poly                          0x0000a24a   Section        0  poly.o(i.__kernel_poly)
    i.__scatterload_copy                     0x0000a2f4   Section       14  handlers.o(i.__scatterload_copy)
    i.__scatterload_null                     0x0000a302   Section        2  handlers.o(i.__scatterload_null)
    i.__scatterload_zeroinit                 0x0000a304   Section       14  handlers.o(i.__scatterload_zeroinit)
    i.__set_errno                            0x0000a314   Section        0  errno.o(i.__set_errno)
    i.ceil                                   0x0000a320   Section        0  ceil.o(i.ceil)
    i.floor                                  0x0000a3fc   Section        0  floor.o(i.floor)
    i.log                                    0x0000a4d8   Section        0  log.o(i.log)
    .constdata                               0x0000a844   Section       44  menufunc.o(.constdata)
    .constdata                               0x0000a870   Section       56  menu.o(.constdata)
    .constdata                               0x0000a8a8   Section       56  log.o(.constdata)
    Lg2                                      0x0000a8a8   Data          24  log.o(.constdata)
    Lg                                       0x0000a8c0   Data          32  log.o(.constdata)
    .constdata                               0x0000a8e0   Section        8  qnan.o(.constdata)
    .data                                    0x10000000   Section        4  system_lpc17xx.o(.data)
    .data                                    0x10000004   Section        1  rx_lcd_v02.o(.data)
    .data                                    0x10000008   Section       24  systick.o(.data)
    .data                                    0x10000020   Section        8  timer.o(.data)
    .data                                    0x10000028   Section       12  uart.o(.data)
    .data                                    0x10000034   Section        4  rtc.o(.data)
    .data                                    0x10000038   Section      144  main.o(.data)
    .data                                    0x100000c8   Section      112  eeprom_flash.o(.data)
    .data                                    0x10000138   Section       22  struct.o(.data)
    .data                                    0x10000150   Section       52  pump.o(.data)
    .data                                    0x10000184   Section        2  system.o(.data)
    .data                                    0x10000188   Section    14096  menutbl.o(.data)
    .data                                    0x10003898   Section        4  errno.o(.data)
    _errno                                   0x10003898   Data           4  errno.o(.data)
    .bss                                     0x1000389c   Section       16  uart.o(.bss)
    .bss                                     0x100038ac   Section       48  rtc.o(.bss)
    .bss                                     0x100038dc   Section     4702  main.o(.bss)
    .bss                                     0x10004b3a   Section      256  eeprom_flash.o(.bss)
    .bss                                     0x10004c3a   Section      144  struct.o(.bss)
    STACK                                    0x10004cd0   Section      512  startup_lpc17xx.o(STACK)

    Global Symbols

    Symbol Name                              Value     Ov Type        Size  Object(Section)

    BuildAttributes$$THM_ISAv4$P$D$K$B$S$PE$A:L22UL41UL21$X:L11$S22US41US21$IEEE1$IW$USESV6$~STKCKD$USESV7$~SHL$OTIME$ROPI$IEEEJ$EBA8$MICROLIB$REQ8$PRES8$EABIv2 0x00000000   Number         0  anon$$obj.o ABSOLUTE
    __ARM_use_no_argv                        0x00000000   Number         0  main.o ABSOLUTE
    __Vectors                                0x00000000   Data           4  startup_lpc17xx.o(RESET)
    __main                                   0x000000c5   Thumb Code     0  entry.o(.ARM.Collect$$$$00000000)
    _main_stk                                0x000000c5   Thumb Code     0  entry2.o(.ARM.Collect$$$$00000001)
    _main_scatterload                        0x000000c9   Thumb Code     0  entry5.o(.ARM.Collect$$$$00000004)
    __main_after_scatterload                 0x000000cd   Thumb Code     0  entry5.o(.ARM.Collect$$$$00000004)
    _main_init                               0x000000cd   Thumb Code     0  entry7.o(.ARM.Collect$$$$00000007)
    Reset_Handler                            0x000000d9   Thumb Code     4  startup_lpc17xx.o(.text)
    NMI_Handler                              0x000000dd   Thumb Code     2  startup_lpc17xx.o(.text)
    HardFault_Handler                        0x000000df   Thumb Code     2  startup_lpc17xx.o(.text)
    MemManage_Handler                        0x000000e1   Thumb Code     2  startup_lpc17xx.o(.text)
    BusFault_Handler                         0x000000e3   Thumb Code     2  startup_lpc17xx.o(.text)
    UsageFault_Handler                       0x000000e5   Thumb Code     2  startup_lpc17xx.o(.text)
    SVC_Handler                              0x000000e7   Thumb Code     2  startup_lpc17xx.o(.text)
    DebugMon_Handler                         0x000000e9   Thumb Code     2  startup_lpc17xx.o(.text)
    PendSV_Handler                           0x000000eb   Thumb Code     2  startup_lpc17xx.o(.text)
    ADC_IRQHandler                           0x000000ef   Thumb Code     0  startup_lpc17xx.o(.text)
    BOD_IRQHandler                           0x000000ef   Thumb Code     0  startup_lpc17xx.o(.text)
    CAN_IRQHandler                           0x000000ef   Thumb Code     0  startup_lpc17xx.o(.text)
    DMA_IRQHandler                           0x000000ef   Thumb Code     0  startup_lpc17xx.o(.text)
    EINT0_IRQHandler                         0x000000ef   Thumb Code     0  startup_lpc17xx.o(.text)
    EINT1_IRQHandler                         0x000000ef   Thumb Code     0  startup_lpc17xx.o(.text)
    EINT2_IRQHandler                         0x000000ef   Thumb Code     0  startup_lpc17xx.o(.text)
    EINT3_IRQHandler                         0x000000ef   Thumb Code     0  startup_lpc17xx.o(.text)
    ENET_IRQHandler                          0x000000ef   Thumb Code     0  startup_lpc17xx.o(.text)
    I2C0_IRQHandler                          0x000000ef   Thumb Code     0  startup_lpc17xx.o(.text)
    I2C1_IRQHandler                          0x000000ef   Thumb Code     0  startup_lpc17xx.o(.text)
    I2C2_IRQHandler                          0x000000ef   Thumb Code     0  startup_lpc17xx.o(.text)
    I2S_IRQHandler                           0x000000ef   Thumb Code     0  startup_lpc17xx.o(.text)
    MCPWM_IRQHandler                         0x000000ef   Thumb Code     0  startup_lpc17xx.o(.text)
    PLL0_IRQHandler                          0x000000ef   Thumb Code     0  startup_lpc17xx.o(.text)
    PLL1_IRQHandler                          0x000000ef   Thumb Code     0  startup_lpc17xx.o(.text)
    PWM1_IRQHandler                          0x000000ef   Thumb Code     0  startup_lpc17xx.o(.text)
    QEI_IRQHandler                           0x000000ef   Thumb Code     0  startup_lpc17xx.o(.text)
    RIT_IRQHandler                           0x000000ef   Thumb Code     0  startup_lpc17xx.o(.text)
    SPI_IRQHandler                           0x000000ef   Thumb Code     0  startup_lpc17xx.o(.text)
    SSP0_IRQHandler                          0x000000ef   Thumb Code     0  startup_lpc17xx.o(.text)
    SSP1_IRQHandler                          0x000000ef   Thumb Code     0  startup_lpc17xx.o(.text)
    UART0_IRQHandler                         0x000000ef   Thumb Code     0  startup_lpc17xx.o(.text)
    UART1_IRQHandler                         0x000000ef   Thumb Code     0  startup_lpc17xx.o(.text)
    UART2_IRQHandler                         0x000000ef   Thumb Code     0  startup_lpc17xx.o(.text)
    USB_IRQHandler                           0x000000ef   Thumb Code     0  startup_lpc17xx.o(.text)
    WDT_IRQHandler                           0x000000ef   Thumb Code     0  startup_lpc17xx.o(.text)
    SystemInit                               0x000000f5   Thumb Code   550  system_lpc17xx.o(.text)
    SPIFlashMasterInit                       0x0000035d   Thumb Code    36  spi_flash.o(.text)
    SPIFlash_CheckBusy                       0x00000381   Thumb Code    44  spi_flash.o(.text)
    SPIFlash_WriteEn                         0x000003ad   Thumb Code    30  spi_flash.o(.text)
    SPIFlash_WritePage                       0x000003cb   Thumb Code   112  spi_flash.o(.text)
    SPIFlash_Read                            0x0000043b   Thumb Code   100  spi_flash.o(.text)
    SPIFlash_EraseSector                     0x0000049f   Thumb Code    66  spi_flash.o(.text)
    SPIFlash_EraseBulk                       0x000004e1   Thumb Code    40  spi_flash.o(.text)
    SPIFlash_ReadID                          0x00000509   Thumb Code    90  spi_flash.o(.text)
    SPIFlash_ReadWP                          0x00000563   Thumb Code    42  spi_flash.o(.text)
    Delay2us                                 0x0000058d   Thumb Code    12  rx_lcd_v02.o(.text)
    Write_Data                               0x00000599   Thumb Code   100  rx_lcd_v02.o(.text)
    Write_Command                            0x000005fd   Thumb Code   100  rx_lcd_v02.o(.text)
    RA8870_PLL_ini                           0x00000661   Thumb Code    40  rx_lcd_v02.o(.text)
    Write_Dir                                0x00000689   Thumb Code    20  rx_lcd_v02.o(.text)
    Text_Background_Color1                   0x0000069d   Thumb Code    52  rx_lcd_v02.o(.text)
    Text_Foreground_Color1                   0x000006d1   Thumb Code    52  rx_lcd_v02.o(.text)
    Active_Window                            0x00000705   Thumb Code   162  rx_lcd_v02.o(.text)
    Read_Data                                0x000007a7   Thumb Code   148  rx_lcd_v02.o(.text)
    Layer1_Visible                           0x0000083b   Thumb Code    30  rx_lcd_v02.o(.text)
    Reset                                    0x00000859   Thumb Code    36  rx_lcd_v02.o(.text)
    RXLCD_init                               0x0000087d   Thumb Code   372  rx_lcd_v02.o(.text)
    Read_Status                              0x000009f1   Thumb Code   148  rx_lcd_v02.o(.text)
    Read_Command                             0x00000a85   Thumb Code   148  rx_lcd_v02.o(.text)
    Chk_Busy                                 0x00000b19   Thumb Code    18  rx_lcd_v02.o(.text)
    Chk_Busy_BTE                             0x00000b2b   Thumb Code    18  rx_lcd_v02.o(.text)
    Chk_DMA_Busy                             0x00000b3d   Thumb Code    26  rx_lcd_v02.o(.text)
    Text_Background_Color                    0x00000b57   Thumb Code    48  rx_lcd_v02.o(.text)
    Text_Foreground_Color                    0x00000b87   Thumb Code    48  rx_lcd_v02.o(.text)
    BTE_Size                                 0x00000bb7   Thumb Code    84  rx_lcd_v02.o(.text)
    BTE_Source                               0x00000c0b   Thumb Code   206  rx_lcd_v02.o(.text)
    BTE_MovePositive                         0x00000cd9   Thumb Code    92  rx_lcd_v02.o(.text)
    MemoryWrite_Position                     0x00000d35   Thumb Code    84  rx_lcd_v02.o(.text)
    FontWrite_Position                       0x00000d89   Thumb Code    96  rx_lcd_v02.o(.text)
    String                                   0x00000de9   Thumb Code    50  rx_lcd_v02.o(.text)
    Cursor_Position                          0x00000e1b   Thumb Code    84  rx_lcd_v02.o(.text)
    Scroll_Window                            0x00000e6f   Thumb Code   162  rx_lcd_v02.o(.text)
    Scroll                                   0x00000f11   Thumb Code    84  rx_lcd_v02.o(.text)
    DMA_block_mode_size_setting              0x00000f65   Thumb Code    90  rx_lcd_v02.o(.text)
    DMA_Start_address_setting                0x00000fbf   Thumb Code    64  rx_lcd_v02.o(.text)
    Draw_Circle                              0x00000fff   Thumb Code   104  rx_lcd_v02.o(.text)
    Draw_Ellipse                             0x00001067   Thumb Code   162  rx_lcd_v02.o(.text)
    Draw_Line                                0x00001109   Thumb Code   162  rx_lcd_v02.o(.text)
    Draw_Triangle                            0x000011ab   Thumb Code    84  rx_lcd_v02.o(.text)
    displaypicture                           0x000011ff   Thumb Code   154  rx_lcd_v02.o(.text)
    CutPicture                               0x00001299   Thumb Code   194  rx_lcd_v02.o(.text)
    Touch_Status                             0x0000135b   Thumb Code    32  rx_lcd_v02.o(.text)
    Chk_INT                                  0x0000137b   Thumb Code    26  rx_lcd_v02.o(.text)
    Chk_INT2                                 0x00001395   Thumb Code    32  rx_lcd_v02.o(.text)
    ADC_X                                    0x000013b5   Thumb Code    20  rx_lcd_v02.o(.text)
    ADC_Y                                    0x000013c9   Thumb Code    20  rx_lcd_v02.o(.text)
    ADC_XY                                   0x000013dd   Thumb Code    20  rx_lcd_v02.o(.text)
    RXLCD_clear                              0x000013f1   Thumb Code    54  rx_lcd_v02.o(.text)
    RXLCD_SetPixelIndex                      0x00001427   Thumb Code    98  rx_lcd_v02.o(.text)
    RXLCD_CutPicture                         0x00001489   Thumb Code    38  rx_lcd_v02.o(.text)
    Layer2_Visible                           0x000014af   Thumb Code    36  rx_lcd_v02.o(.text)
    Layers_Progressive                       0x000014d3   Thumb Code    74  rx_lcd_v02.o(.text)
    RXLCD_VisibleLayer                       0x0000151d   Thumb Code    28  rx_lcd_v02.o(.text)
    RXLCD_ScrollWindow_Next                  0x00001539   Thumb Code   166  rx_lcd_v02.o(.text)
    RXLCD_ScrollWindow_Prev                  0x000015df   Thumb Code   178  rx_lcd_v02.o(.text)
    RXLCD_ScrollWindow_Up                    0x00001691   Thumb Code   166  rx_lcd_v02.o(.text)
    RXLCD_ScrollWindow_Down                  0x00001737   Thumb Code   178  rx_lcd_v02.o(.text)
    RXLCD_EditNext                           0x000017e9   Thumb Code    22  rx_lcd_v02.o(.text)
    RXLCD_EditCurrent                        0x000017ff   Thumb Code    14  rx_lcd_v02.o(.text)
    WriteString                              0x0000180d   Thumb Code   144  rx_lcd_v02.o(.text)
    WriteString1                             0x0000189d   Thumb Code   128  rx_lcd_v02.o(.text)
    RXLCD_DrawLine                           0x0000191d   Thumb Code    54  rx_lcd_v02.o(.text)
    SysTick_Handler                          0x00001955   Thumb Code   256  systick.o(.text)
    Delay10ms                                0x00001a55   Thumb Code    16  systick.o(.text)
    Delay1ms                                 0x00001a9d   Thumb Code    60  timer.o(.text)
    TIMER0_IRQHandler                        0x00001ad9   Thumb Code   100  timer.o(.text)
    TIMER1_IRQHandler                        0x00001b3d   Thumb Code   104  timer.o(.text)
    TIMER2_IRQHandler                        0x00001ba5   Thumb Code    52  timer.o(.text)
    TIMER3_IRQHandler                        0x00001bd9   Thumb Code    52  timer.o(.text)
    enable_timer                             0x00001c0d   Thumb Code    54  timer.o(.text)
    disable_timer                            0x00001c43   Thumb Code    56  timer.o(.text)
    reset_timer                              0x00001c7b   Thumb Code    44  timer.o(.text)
    init_timer                               0x00001ca7   Thumb Code   146  timer.o(.text)
    UART3_IRQHandler                         0x00001d95   Thumb Code   192  uart.o(.text)
    UARTInit                                 0x00001e55   Thumb Code   122  uart.o(.text)
    UARTSend                                 0x00001ecf   Thumb Code    48  uart.o(.text)
    spi_init                                 0x00001f25   Thumb Code   140  spi.o(.text)
    spi_hi_speed                             0x00001fb1   Thumb Code    24  spi.o(.text)
    spi_ss                                   0x00001fc9   Thumb Code    62  spi.o(.text)
    spi_send                                 0x00002007   Thumb Code    26  spi.o(.text)
    RTC_IRQHandler                           0x00002039   Thumb Code    14  rtc.o(.text)
    RTCStart                                 0x00002047   Thumb Code    20  rtc.o(.text)
    RTCInit                                  0x0000205b   Thumb Code    72  rtc.o(.text)
    RTCStop                                  0x000020a3   Thumb Code    14  rtc.o(.text)
    RTC_CTCReset                             0x000020b1   Thumb Code    14  rtc.o(.text)
    RTCSetTime                               0x000020bf   Thumb Code    44  rtc.o(.text)
    RTCSetAlarm                              0x000020eb   Thumb Code    46  rtc.o(.text)
    RTCGetTime                               0x00002119   Thumb Code    60  rtc.o(.text)
    RTCSetAlarmMask                          0x00002155   Thumb Code     6  rtc.o(.text)
    RTCSetTimeDefault                        0x0000215b   Thumb Code    58  rtc.o(.text)
    ADC_init                                 0x000021c5   Thumb Code    34  adc.o(.text)
    ADC_startCnv                             0x000021e7   Thumb Code    24  adc.o(.text)
    ADC_stopCnv                              0x000021ff   Thumb Code    14  adc.o(.text)
    ADC0_getCnv                              0x0000220d   Thumb Code    22  adc.o(.text)
    ADC0_Get                                 0x00002223   Thumb Code    20  adc.o(.text)
    ADC1_getCnv                              0x00002237   Thumb Code    24  adc.o(.text)
    ADC1_Get                                 0x0000224f   Thumb Code    20  adc.o(.text)
    ADC01_getCnv                             0x00002263   Thumb Code    44  adc.o(.text)
    ADC01_Get                                0x0000228f   Thumb Code    20  adc.o(.text)
    ADC2_getCnv                              0x000022a3   Thumb Code    24  adc.o(.text)
    ADC2_Get                                 0x000022bb   Thumb Code    20  adc.o(.text)
    ADC3_getCnv                              0x000022cf   Thumb Code    22  adc.o(.text)
    ADC3_Get                                 0x000022e5   Thumb Code    20  adc.o(.text)
    ADC23_getCnv                             0x000022f9   Thumb Code    44  adc.o(.text)
    ADC23_Get                                0x00002325   Thumb Code    20  adc.o(.text)
    ADC12_getCnv                             0x00002339   Thumb Code    44  adc.o(.text)
    ADC12_Get                                0x00002365   Thumb Code    20  adc.o(.text)
    ADC4_getCnv                              0x00002379   Thumb Code    22  adc.o(.text)
    ADC5_getCnv                              0x0000238f   Thumb Code    22  adc.o(.text)
    ADC4_Get                                 0x000023a5   Thumb Code    20  adc.o(.text)
    ADC5_Get                                 0x000023b9   Thumb Code    20  adc.o(.text)
    ADC45_getCnv                             0x000023cd   Thumb Code    44  adc.o(.text)
    ADC45_Get                                0x000023f9   Thumb Code    20  adc.o(.text)
    ADC56_getCnv                             0x0000240d   Thumb Code    44  adc.o(.text)
    ADC56_Get                                0x00002439   Thumb Code    20  adc.o(.text)
    GPIOInit                                 0x00002461   Thumb Code    72  main.o(.text)
    CMainUserInitial                         0x000024a9   Thumb Code   250  main.o(.text)
    CDisplayLogo                             0x000025a3   Thumb Code    50  main.o(.text)
    CFlashLCDFrame                           0x000025d5   Thumb Code    24  main.o(.text)
    CDeviceInit                              0x000025ed   Thumb Code   212  main.o(.text)
    delay                                    0x000026c1   Thumb Code    14  main.o(.text)
    main                                     0x000026cf   Thumb Code    24  main.o(.text)
    CFlashClearFlashBuff                     0x0000278d   Thumb Code    28  eeprom_flash.o(.text)
    CFlashClearFlashMoveBuff                 0x000027a9   Thumb Code    28  eeprom_flash.o(.text)
    CFlashSaveIndex                          0x000027c5   Thumb Code   264  eeprom_flash.o(.text)
    CFlashLoadIndex                          0x000028cd   Thumb Code   116  eeprom_flash.o(.text)
    CFlashGetCell                            0x00002941   Thumb Code    92  eeprom_flash.o(.text)
    CFlashLoadCheckSum                       0x0000299d   Thumb Code    46  eeprom_flash.o(.text)
    CFlashSaveCheckSum                       0x000029cb   Thumb Code    56  eeprom_flash.o(.text)
    CFlashLoadPumpSetting                    0x00002a03   Thumb Code   494  eeprom_flash.o(.text)
    CFlashLoadPumpSettingDefault             0x00002bf1   Thumb Code   406  eeprom_flash.o(.text)
    CFlashPumpCheck                          0x00002d87   Thumb Code    44  eeprom_flash.o(.text)
    CFlashLoadOptSetting                     0x00002db3   Thumb Code   104  eeprom_flash.o(.text)
    CFlashLoadOptSettingDefault              0x00002e1b   Thumb Code   104  eeprom_flash.o(.text)
    CFlashOptCheck                           0x00002e83   Thumb Code    30  eeprom_flash.o(.text)
    CFlashLoadUISetting                      0x00002ea1   Thumb Code   138  eeprom_flash.o(.text)
    CFlashLoadUISettingDefault               0x00002f2b   Thumb Code    98  eeprom_flash.o(.text)
    CFlashUICheck                            0x00002f8d   Thumb Code    72  eeprom_flash.o(.text)
    CFlashCheck                              0x00002fd5   Thumb Code    70  eeprom_flash.o(.text)
    CFlashStartupCheck                       0x0000301b   Thumb Code    36  eeprom_flash.o(.text)
    CFlashLoadDefault                        0x0000303f   Thumb Code     8  eeprom_flash.o(.text)
    CFlashRTCCheck                           0x00003047   Thumb Code    32  eeprom_flash.o(.text)
    CFlashLoadTouchPoint                     0x00003067   Thumb Code   190  eeprom_flash.o(.text)
    CFlashLoadTouchPointDefault              0x00003125   Thumb Code   120  eeprom_flash.o(.text)
    CFlashTPCheck                            0x0000319d   Thumb Code    30  eeprom_flash.o(.text)
    CEepromClearFlashIDBuff                  0x000031bb   Thumb Code    42  eeprom_flash.o(.text)
    CFlashSaveUISetting                      0x000031e5   Thumb Code   224  eeprom_flash.o(.text)
    CFlashSaveTouchPoint                     0x000032c5   Thumb Code   350  eeprom_flash.o(.text)
    CFlashSaveOptSetting                     0x00003423   Thumb Code   194  eeprom_flash.o(.text)
    CFlashSavePumpSetting                    0x000034e5   Thumb Code   902  eeprom_flash.o(.text)
    CSystemAverageFilter                     0x0000387d   Thumb Code    98  touchpad.o(.text)
    CSystemMedianFilter                      0x000038df   Thumb Code   118  touchpad.o(.text)
    TP_Detect                                0x00003955   Thumb Code    86  touchpad.o(.text)
    TP_ClearBuff                             0x000039ab   Thumb Code    36  touchpad.o(.text)
    TP_IsClickDown                           0x000039cf   Thumb Code    44  touchpad.o(.text)
    TP_IsClickUp                             0x000039fb   Thumb Code    44  touchpad.o(.text)
    CTPHandle                                0x00003a27   Thumb Code   440  touchpad.o(.text)
    PumpSetLowPowerMode                      0x00003c05   Thumb Code    76  pump.o(.text)
    PumpSetEnable                            0x00003c51   Thumb Code   134  pump.o(.text)
    PumpInit                                 0x00003cd7   Thumb Code    78  pump.o(.text)
    PumpSetDirection                         0x00003d25   Thumb Code   134  pump.o(.text)
    PumpSetStepMode                          0x00003dab   Thumb Code    56  pump.o(.text)
    PumpSetValveState                        0x00003de3   Thumb Code   160  pump.o(.text)
    PumpSetClkLow                            0x00003e83   Thumb Code    64  pump.o(.text)
    PumpGetOpticStatus                       0x00003ec3   Thumb Code   104  pump.o(.text)
    PumpNormal                               0x00003f2b   Thumb Code   162  pump.o(.text)
    PumpStop                                 0x00003fcd   Thumb Code   104  pump.o(.text)
    PumpDetect                               0x00004035   Thumb Code   182  pump.o(.text)
    PumpStartStopSteps                       0x000040eb   Thumb Code    62  pump.o(.text)
    PumpGetMiddleStepIndex                   0x00004129   Thumb Code   180  pump.o(.text)
    PumpDetectRun                            0x000041dd   Thumb Code   892  pump.o(.text)
    PumpFreeRun                              0x00004559   Thumb Code   792  pump.o(.text)
    PumpIn                                   0x00004871   Thumb Code    26  pump.o(.text)
    PumpOut                                  0x0000488b   Thumb Code    26  pump.o(.text)
    PumpReset                                0x000048a5   Thumb Code   108  pump.o(.text)
    PumpBurnIn                               0x00004911   Thumb Code    48  pump.o(.text)
    Pump1ReloadScheme                        0x00004941   Thumb Code  1022  pump.o(.text)
    Pump2ReloadScheme                        0x00004d3f   Thumb Code  1056  pump.o(.text)
    PumpWaterWeighTest                       0x0000515f   Thumb Code    52  pump.o(.text)
    CHTEvent                                 0x0000519d   Thumb Code   302  system.o(.text)
    CPump2LostEvent                          0x000052cb   Thumb Code    32  system.o(.text)
    CPump1LostEvent                          0x000052eb   Thumb Code    32  system.o(.text)
    CFlow2Event                              0x0000530b   Thumb Code   462  system.o(.text)
    CFlow1Event                              0x000054d9   Thumb Code   614  system.o(.text)
    CBurnInEvent                             0x0000573f   Thumb Code     6  system.o(.text)
    CMonitorOptEvent                         0x00005745   Thumb Code   218  system.o(.text)
    CSystemEventHandler                      0x0000581f   Thumb Code    36  system.o(.text)
    CNull                                    0x000058ad   Thumb Code     2  menufunc.o(.text)
    CNull_u8                                 0x000058af   Thumb Code     2  menufunc.o(.text)
    CDrawSelPicture                          0x000058b1   Thumb Code   468  menufunc.o(.text)
    CDrawUnselPicture                        0x00005a85   Thumb Code   414  menufunc.o(.text)
    CDrawUnselMenuLevel1                     0x00005c23   Thumb Code   332  menufunc.o(.text)
    CDrawUnselMenuLevel2                     0x00005d6f   Thumb Code   482  menufunc.o(.text)
    CDrawSelInputPicture                     0x00005f51   Thumb Code   232  menufunc.o(.text)
    CDrawUnselInputPicture                   0x00006039   Thumb Code   228  menufunc.o(.text)
    CDrawMainPage                            0x0000611d   Thumb Code   384  menufunc.o(.text)
    CDrawNextPage                            0x0000629d   Thumb Code   704  menufunc.o(.text)
    CDrawPageLevel4                          0x0000655d   Thumb Code   572  menufunc.o(.text)
    CDrawPageLevel5                          0x00006799   Thumb Code   432  menufunc.o(.text)
    CDrawPrevPage                            0x00006949   Thumb Code  2258  menufunc.o(.text)
    CDrawPrevPage5                           0x0000721b   Thumb Code   370  menufunc.o(.text)
    CDrawInputMenu                           0x0000738d   Thumb Code   398  menufunc.o(.text)
    CDrawInputMenuMin                        0x0000751b   Thumb Code   504  menufunc.o(.text)
    CHideInputMenu                           0x00007713   Thumb Code    96  menufunc.o(.text)
    CPopUpInputResult                        0x00007773   Thumb Code   216  menufunc.o(.text)
    CGetInputBit                             0x0000784b   Thumb Code   480  menufunc.o(.text)
    CInputBackSpace                          0x00007a2b   Thumb Code   452  menufunc.o(.text)
    CDrawResultCurve                         0x00007bef   Thumb Code   160  menufunc.o(.text)
    CDrawBurninStatus                        0x00007c8f   Thumb Code     8  menufunc.o(.text)
    CDrawButton                              0x00007c97   Thumb Code    54  menufunc.o(.text)
    CDrawIconDone                            0x00007ccd   Thumb Code    48  menufunc.o(.text)
    Long2Len                                 0x00007d27   Thumb Code    56  menufunc.o(.text)
    CAddDecShift                             0x00007d5f   Thumb Code   174  menufunc.o(.text)
    CDispFloatAt                             0x00007e9d   Thumb Code    58  menufunc.o(.text)
    CDebugOpt1Start                          0x00007ed7   Thumb Code    22  menufunc.o(.text)
    CDebugOpt1PageStyle                      0x00007eed   Thumb Code    44  menufunc.o(.text)
    CDebugOpt1Stop                           0x00007f19   Thumb Code    26  menufunc.o(.text)
    CDebugOpt2Start                          0x00007f33   Thumb Code    26  menufunc.o(.text)
    CDebugOpt2PageStyle                      0x00007f4d   Thumb Code    44  menufunc.o(.text)
    CDebugOpt2Stop                           0x00007f79   Thumb Code    26  menufunc.o(.text)
    CDebugOpt3Start                          0x00007f93   Thumb Code    26  menufunc.o(.text)
    CDebugOpt3PageStyle                      0x00007fad   Thumb Code    44  menufunc.o(.text)
    CDebugOpt3Stop                           0x00007fd9   Thumb Code    26  menufunc.o(.text)
    CDebugOpt4Start                          0x00007ff3   Thumb Code    26  menufunc.o(.text)
    CDebugOpt4PageStyle                      0x0000800d   Thumb Code    44  menufunc.o(.text)
    CDebugOpt4Stop                           0x00008039   Thumb Code    26  menufunc.o(.text)
    CDebugPump1PageStyle                     0x00008053   Thumb Code   136  menufunc.o(.text)
    CDebugPump1RunPositive                   0x000080db   Thumb Code    18  menufunc.o(.text)
    CDebugPump1RunNegative                   0x000080ed   Thumb Code    18  menufunc.o(.text)
    CDebugPump1SetValue                      0x000080ff   Thumb Code    72  menufunc.o(.text)
    CDebugPump2PageStyle                     0x00008147   Thumb Code   136  menufunc.o(.text)
    CDebugPump2RunPositive                   0x000081cf   Thumb Code    18  menufunc.o(.text)
    CDebugPump2RunNegative                   0x000081e1   Thumb Code    18  menufunc.o(.text)
    CDebugValve1PageStyle                    0x000081f3   Thumb Code    22  menufunc.o(.text)
    CDebugValve2PageStyle                    0x00008209   Thumb Code   312  menufunc.o(.text)
    CDebugValve3PageStyle                    0x00008341   Thumb Code    22  menufunc.o(.text)
    CDebugValve4PageStyle                    0x00008357   Thumb Code    22  menufunc.o(.text)
    CTestPump1Reset                          0x0000836d   Thumb Code    10  menufunc.o(.text)
    CTestPump2Reset                          0x00008377   Thumb Code    10  menufunc.o(.text)
    CTestValve1Reset                         0x00008381   Thumb Code    12  menufunc.o(.text)
    CTestValve2Reset                         0x0000838d   Thumb Code    12  menufunc.o(.text)
    CTestValve3Reset                         0x00008399   Thumb Code    12  menufunc.o(.text)
    CTestValve4Reset                         0x000083a5   Thumb Code    12  menufunc.o(.text)
    CTestBurnInPageStyle                     0x000083b1   Thumb Code   116  menufunc.o(.text)
    CTestBurninStatusPageStyle               0x00008425   Thumb Code   266  menufunc.o(.text)
    CTestBurninSetVol                        0x0000852f   Thumb Code    88  menufunc.o(.text)
    CTestBurninContinue1                     0x00008587   Thumb Code   128  menufunc.o(.text)
    CTestBurninContinue2                     0x00008607   Thumb Code   134  menufunc.o(.text)
    CTestBurninStop1                         0x0000868d   Thumb Code   148  menufunc.o(.text)
    CTestBurninStop2                         0x00008721   Thumb Code   390  menufunc.o(.text)
    CTestExitBurninStatus                    0x000088a7   Thumb Code   180  menufunc.o(.text)
    CTestWaterWeighPageStyle                 0x0000895b   Thumb Code   130  menufunc.o(.text)
    CTestWaterWeighSetVol                    0x000089dd   Thumb Code    14  menufunc.o(.text)
    CTestBacklashPageStyle                   0x000089eb   Thumb Code    22  menufunc.o(.text)
    CTestLeakagePageStyle                    0x00008a01   Thumb Code    68  menufunc.o(.text)
    CTestLeakageStop                         0x00008a45   Thumb Code    10  menufunc.o(.text)
    CSettingAcceleration1PageStyle           0x00008a4f   Thumb Code   228  menufunc.o(.text)
    CSettingAcceleration2PageStyle           0x00008b33   Thumb Code   434  menufunc.o(.text)
    CSettingAcceleration1Value               0x00008ce5   Thumb Code    60  menufunc.o(.text)
    CSettingAcceleration2Value               0x00008d21   Thumb Code    64  menufunc.o(.text)
    CSettingBalancePageStyle                 0x00008d61   Thumb Code    22  menufunc.o(.text)
    CSettingMicrometerPageStyle              0x00008d77   Thumb Code    22  menufunc.o(.text)
    CSettingOpt1PageStyle                    0x00008d8d   Thumb Code   138  menufunc.o(.text)
    CSettingOpt2PageStyle                    0x00008e17   Thumb Code   138  menufunc.o(.text)
    CSettingOpt3PageStyle                    0x00008ea1   Thumb Code   138  menufunc.o(.text)
    CSettingOpt4PageStyle                    0x00008f2b   Thumb Code   138  menufunc.o(.text)
    CSettingOpt1ShieldValue                  0x00008fb5   Thumb Code    24  menufunc.o(.text)
    CSettingOpt2ShieldValue                  0x00008fcd   Thumb Code    26  menufunc.o(.text)
    CSettingOpt3ShieldValue                  0x00008fe7   Thumb Code    26  menufunc.o(.text)
    CSettingOpt4ShieldValue                  0x00009001   Thumb Code    26  menufunc.o(.text)
    CSettingPump1PageStyle                   0x0000901b   Thumb Code   406  menufunc.o(.text)
    CSettingPump2PageStyle                   0x000091b1   Thumb Code   200  menufunc.o(.text)
    CSettingPump1Value                       0x00009279   Thumb Code    10  menufunc.o(.text)
    CSettingPump2Value                       0x00009283   Thumb Code    10  menufunc.o(.text)
    CSettingDivider1PageStyle                0x0000928d   Thumb Code   140  menufunc.o(.text)
    CSettingDivider2PageStyle                0x00009319   Thumb Code   140  menufunc.o(.text)
    CSettingDivider1Value                    0x000093a5   Thumb Code    98  menufunc.o(.text)
    CSettingDivider2Value                    0x00009407   Thumb Code   102  menufunc.o(.text)
    CInfoShow                                0x0000946d   Thumb Code     2  menufunc.o(.text)
    CUIHandler                               0x000094cd   Thumb Code  1518  menu.o(.text)
    __aeabi_memcpy                           0x00009ae1   Thumb Code    36  memcpya.o(.text)
    __aeabi_memcpy4                          0x00009ae1   Thumb Code     0  memcpya.o(.text)
    __aeabi_memcpy8                          0x00009ae1   Thumb Code     0  memcpya.o(.text)
    __aeabi_fmul                             0x00009b05   Thumb Code   108  fmul.o(.text)
    __aeabi_dmul                             0x00009b71   Thumb Code   226  dmul.o(.text)
    __aeabi_ddiv                             0x00009c53   Thumb Code   226  ddiv.o(.text)
    __aeabi_ui2f                             0x00009d35   Thumb Code    10  ffltui.o(.text)
    __aeabi_i2d                              0x00009d3f   Thumb Code    34  dflti.o(.text)
    __aeabi_ui2d                             0x00009d61   Thumb Code    26  dfltui.o(.text)
    __aeabi_f2iz                             0x00009d7b   Thumb Code    50  ffixi.o(.text)
    __aeabi_d2uiz                            0x00009dad   Thumb Code    46  dfixui.o(.text)
    __aeabi_f2d                              0x00009ddb   Thumb Code    44  f2d.o(.text)
    __aeabi_d2f                              0x00009e07   Thumb Code    56  d2f.o(.text)
    __aeabi_cfcmpeq                          0x00009e41   Thumb Code     0  cfcmple.o(.text)
    __aeabi_cfcmple                          0x00009e41   Thumb Code    20  cfcmple.o(.text)
    __aeabi_cfrcmple                         0x00009e55   Thumb Code    20  cfrcmple.o(.text)
    __aeabi_llsr                             0x00009e69   Thumb Code    32  llushr.o(.text)
    _ll_ushift_r                             0x00009e69   Thumb Code     0  llushr.o(.text)
    __I$use$fp                               0x00009e89   Thumb Code     0  iusefp.o(.text)
    _float_round                             0x00009e89   Thumb Code    18  fepilogue.o(.text)
    _float_epilogue                          0x00009e9b   Thumb Code    90  fepilogue.o(.text)
    _double_round                            0x00009ef5   Thumb Code    26  depilogue.o(.text)
    _double_epilogue                         0x00009f0f   Thumb Code   172  depilogue.o(.text)
    __aeabi_dadd                             0x00009fbb   Thumb Code   324  dadd.o(.text)
    __aeabi_dsub                             0x0000a0ff   Thumb Code     6  dadd.o(.text)
    __aeabi_drsub                            0x0000a105   Thumb Code     6  dadd.o(.text)
    __ARM_scalbn                             0x0000a10b   Thumb Code    46  dscalb.o(.text)
    scalbn                                   0x0000a10b   Thumb Code     0  dscalb.o(.text)
    __aeabi_cdcmpeq                          0x0000a139   Thumb Code     0  cdcmple.o(.text)
    __aeabi_cdcmple                          0x0000a139   Thumb Code    40  cdcmple.o(.text)
    __aeabi_cdrcmple                         0x0000a161   Thumb Code    40  cdrcmple.o(.text)
    __scatterload                            0x0000a189   Thumb Code    28  init.o(.text)
    __scatterload_rt2                        0x0000a189   Thumb Code     0  init.o(.text)
    __aeabi_llsl                             0x0000a1ad   Thumb Code    30  llshl.o(.text)
    _ll_shift_l                              0x0000a1ad   Thumb Code     0  llshl.o(.text)
    __aeabi_lasr                             0x0000a1cb   Thumb Code    36  llsshr.o(.text)
    _ll_sshift_r                             0x0000a1cb   Thumb Code     0  llsshr.o(.text)
    __decompress                             0x0000a1ef   Thumb Code     0  __dczerorl2.o(.text)
    __decompress1                            0x0000a1ef   Thumb Code    92  __dczerorl2.o(.text)
    __kernel_poly                            0x0000a24b   Thumb Code   170  poly.o(i.__kernel_poly)
    __scatterload_copy                       0x0000a2f5   Thumb Code    14  handlers.o(i.__scatterload_copy)
    __scatterload_null                       0x0000a303   Thumb Code     2  handlers.o(i.__scatterload_null)
    __scatterload_zeroinit                   0x0000a305   Thumb Code    14  handlers.o(i.__scatterload_zeroinit)
    __set_errno                              0x0000a315   Thumb Code     6  errno.o(i.__set_errno)
    ceil                                     0x0000a321   Thumb Code   204  ceil.o(i.ceil)
    floor                                    0x0000a3fd   Thumb Code   204  floor.o(i.floor)
    log                                      0x0000a4d9   Thumb Code   818  log.o(i.log)
    Pow10                                    0x0000a844   Data          40  menufunc.o(.constdata)
    tStepMode                                0x0000a86c   Data           4  menufunc.o(.constdata)
    BacklightOffTime                         0x0000a870   Data          24  menu.o(.constdata)
    AutoPowerOffTime                         0x0000a888   Data          24  menu.o(.constdata)
    PageStackStartPoint                      0x0000a8a0   Data           4  menu.o(.constdata)
    PageStackMaxNum                          0x0000a8a4   Data           4  menu.o(.constdata)
    __mathlib_zero                           0x0000a8e0   Data           8  qnan.o(.constdata)
    Region$$Table$$Base                      0x0000a8e8   Number         0  anon$$obj.o(Region$$Table)
    Region$$Table$$Limit                     0x0000a908   Number         0  anon$$obj.o(Region$$Table)
    SystemFrequency                          0x10000000   Data           4  system_lpc17xx.o(.data)
    g_u8LcdLayer                             0x10000004   Data           1  rx_lcd_v02.o(.data)
    g_ui10msTick                             0x10000008   Data           4  systick.o(.data)
    g_uiPowerkeyTick                         0x1000000c   Data           4  systick.o(.data)
    g_uiTpUpTick                             0x10000010   Data           4  systick.o(.data)
    g_uiPump1LostTimeout                     0x10000014   Data           4  systick.o(.data)
    g_uiPump2LostTimeout                     0x10000018   Data           4  systick.o(.data)
    g_uiHTsampleCounter                      0x1000001c   Data           4  systick.o(.data)
    PumpCount                                0x10000020   Data           8  timer.o(.data)
    UART3TxEmpty                             0x10000028   Data           1  uart.o(.data)
    UART3Count                               0x1000002c   Data           4  uart.o(.data)
    UART3Status                              0x10000030   Data           4  uart.o(.data)
    g_uiDateTime_reload                      0x10000034   Data           4  rtc.o(.data)
    MenuPageIndex                            0x10000038   Data           1  main.o(.data)
    MenuItemIndex                            0x10000039   Data           1  main.o(.data)
    TempPageIndex                            0x1000003a   Data           1  main.o(.data)
    TempItemIndex                            0x1000003b   Data           1  main.o(.data)
    g_ucUSBValue                             0x1000003c   Data           4  main.o(.data)
    g_8Flash0BulkErase                       0x10000040   Data           1  main.o(.data)
    g_8Flash1BulkErase                       0x10000041   Data           1  main.o(.data)
    g_u32TP_D_x                              0x10000044   Data           4  main.o(.data)
    g_u32TP_D_y                              0x10000048   Data           4  main.o(.data)
    g_u32TP_U_x                              0x1000004c   Data           4  main.o(.data)
    g_u32TP_U_y                              0x10000050   Data           4  main.o(.data)
    g_u8TP_Done                              0x10000054   Data           1  main.o(.data)
    g_u8Down_Done                            0x10000055   Data           1  main.o(.data)
    g_u8Up_Done                              0x10000056   Data           1  main.o(.data)
    g_u8TPDown                               0x10000057   Data           1  main.o(.data)
    g_u8TPUp                                 0x10000058   Data           1  main.o(.data)
    g_u8TPStatus                             0x10000059   Data           1  main.o(.data)
    g_u16TPSamIndex                          0x1000005a   Data           2  main.o(.data)
    g_u32totalnum                            0x1000005c   Data           4  main.o(.data)
    g_u8NumberBit                            0x10000060   Data           1  main.o(.data)
    g_u8MaxInputLength                       0x10000061   Data           1  main.o(.data)
    g_u32InputResult                         0x10000064   Data           4  main.o(.data)
    g_u8FontSettingFlag                      0x10000068   Data           1  main.o(.data)
    g_u8DrawedItemIndex                      0x10000069   Data           1  main.o(.data)
    g_u8StackTop                             0x1000006a   Data           1  main.o(.data)
    g_u8CurrentPageLevel                     0x1000006b   Data           1  main.o(.data)
    g_u8MenuLevel1Selected                   0x1000006c   Data           1  main.o(.data)
    g_u8MenuLevel2Selected                   0x1000006d   Data           1  main.o(.data)
    g_u8DetectOptSelect                      0x1000006e   Data           1  main.o(.data)
    g_u8DetectOptStart                       0x1000006f   Data           1  main.o(.data)
    g_u32OptLevel                            0x10000070   Data           1  main.o(.data)
    g_u8RunningPause                         0x10000071   Data           1  main.o(.data)
    g_u8RunningStop                          0x10000072   Data           1  main.o(.data)
    g_u8Inputing                             0x10000073   Data           1  main.o(.data)
    g_u8Pump1Lost                            0x10000074   Data           1  main.o(.data)
    g_u8Pump2Lost                            0x10000075   Data           1  main.o(.data)
    g_u8BurnInFlag                           0x10000076   Data           1  main.o(.data)
    g_u32LostCount1                          0x10000078   Data           4  main.o(.data)
    g_u32LostCount2                          0x1000007c   Data           4  main.o(.data)
    g_u32OptCoverCount1                      0x10000080   Data           4  main.o(.data)
    g_u32OptCoverCount2                      0x10000084   Data           4  main.o(.data)
    g_u32BurninCount1                        0x10000088   Data           4  main.o(.data)
    g_u8RunningIndex1                        0x1000008c   Data           1  main.o(.data)
    g_u8FlowWaitOver1                        0x1000008d   Data           1  main.o(.data)
    g_u8FlowCount1                           0x1000008e   Data           1  main.o(.data)
    g_u8RunningStart1                        0x1000008f   Data           1  main.o(.data)
    g_u32FlowWaitCount1                      0x10000090   Data           4  main.o(.data)
    g_u8SchemeIndex1                         0x10000094   Data           1  main.o(.data)
    g_u32BurninCount2                        0x10000098   Data           4  main.o(.data)
    g_u8RunningIndex2                        0x1000009c   Data           1  main.o(.data)
    g_u8FlowWaitOver2                        0x1000009d   Data           1  main.o(.data)
    g_u8FlowCount2                           0x1000009e   Data           1  main.o(.data)
    g_u8RunningStart2                        0x1000009f   Data           1  main.o(.data)
    g_u32FlowWaitCount2                      0x100000a0   Data           4  main.o(.data)
    g_u8SchemeIndex2                         0x100000a4   Data           1  main.o(.data)
    g_u8Opt2FunctionEn                       0x100000a5   Data           1  main.o(.data)
    g_u8HTTestStart                          0x100000a6   Data           1  main.o(.data)
    InReport                                 0x100000a7   Data           1  main.o(.data)
    OutReport                                0x100000a8   Data           1  main.o(.data)
    OutReport32                              0x100000ac   Data           4  main.o(.data)
    USB_RxBuff                               0x100000b0   Data           8  main.o(.data)
    g_aPasswordTemp                          0x100000b8   Data           8  main.o(.data)
    g_t8InputNumber                          0x100000c0   Data           8  main.o(.data)
    g_u32CellIndex                           0x100000c8   Data           4  eeprom_flash.o(.data)
    g_u8CellLast                             0x100000cc   Data           1  eeprom_flash.o(.data)
    g_u8CellNew                              0x100000cd   Data           1  eeprom_flash.o(.data)
    g_u32PageLast                            0x100000d0   Data           4  eeprom_flash.o(.data)
    g_u32PageNew                             0x100000d4   Data           4  eeprom_flash.o(.data)
    g_u8InitSector                           0x100000d8   Data           1  eeprom_flash.o(.data)
    tEEPROM_UISetting_DEFAULT                0x100000da   Data           6  eeprom_flash.o(.data)
    tEEPROM_TouchPoint_DEFAULT               0x100000e0   Data           8  eeprom_flash.o(.data)
    tEEPROM_OptSetting_DEFAULT               0x100000e8   Data           8  eeprom_flash.o(.data)
    tEEPROM_PUMP_DEFAULT                     0x100000f0   Data          72  eeprom_flash.o(.data)
    g_stUISetting                            0x10000138   Data           6  struct.o(.data)
    g_stTouchPoint                           0x1000013e   Data           8  struct.o(.data)
    g_stOptSetting                           0x10000146   Data           8  struct.o(.data)
    nMaxEffClass                             0x10000150   Data           1  pump.o(.data)
    Scheme1                                  0x10000154   Data          24  pump.o(.data)
    Scheme2                                  0x1000016c   Data          24  pump.o(.data)
    g_u8Lost1SaveFlag                        0x10000184   Data           1  system.o(.data)
    g_u8Lost2SaveFlag                        0x10000185   Data           1  system.o(.data)
    BlankMenuItems                           0x10000188   Data          96  menutbl.o(.data)
    MainMenuItems                            0x100001e8   Data         384  menutbl.o(.data)
    DebugMenuItems                           0x10000368   Data         288  menutbl.o(.data)
    TestMenuItems                            0x10000488   Data         336  menutbl.o(.data)
    SettingMenuItems                         0x100005d8   Data         336  menutbl.o(.data)
    InfoMenuItems                            0x10000728   Data          48  menutbl.o(.data)
    AboutMenuItems                           0x10000758   Data          48  menutbl.o(.data)
    DebugOptMenuItems                        0x10000788   Data         240  menutbl.o(.data)
    DebugOpt1MenuItems                       0x10000878   Data          96  menutbl.o(.data)
    DebugOpt2MenuItems                       0x100008d8   Data          96  menutbl.o(.data)
    DebugOpt3MenuItems                       0x10000938   Data          96  menutbl.o(.data)
    DebugOpt4MenuItems                       0x10000998   Data          96  menutbl.o(.data)
    DebugPumpMenuItems                       0x100009f8   Data         144  menutbl.o(.data)
    DebugPump1MenuItems                      0x10000a88   Data         240  menutbl.o(.data)
    DebugPump2MenuItems                      0x10000b78   Data         240  menutbl.o(.data)
    DebugValveMenuItems                      0x10000c68   Data         240  menutbl.o(.data)
    DebugValve1MenuItems                     0x10000d58   Data          96  menutbl.o(.data)
    DebugValve2MenuItems                     0x10000db8   Data          96  menutbl.o(.data)
    DebugValve3MenuItems                     0x10000e18   Data          96  menutbl.o(.data)
    DebugValve4MenuItems                     0x10000e78   Data          96  menutbl.o(.data)
    DebugMeasureDevMenuItems                 0x10000ed8   Data         144  menutbl.o(.data)
    TestPumpResetMenuItems                   0x10000f68   Data         144  menutbl.o(.data)
    TestValveResetMenuItems                  0x10000ff8   Data         240  menutbl.o(.data)
    TestBurnInMenuItems                      0x100010e8   Data         192  menutbl.o(.data)
    TestBurninStatusMenuItems                0x100011a8   Data         288  menutbl.o(.data)
    TestWaterWeighMenuItems                  0x100012c8   Data         192  menutbl.o(.data)
    TestBacklashMenuItems                    0x10001388   Data         240  menutbl.o(.data)
    TestLeakageMenuItems                     0x10001478   Data          96  menutbl.o(.data)
    SettingOptMenuItems                      0x100014d8   Data         240  menutbl.o(.data)
    SettingPumpMenuItems                     0x100015c8   Data         144  menutbl.o(.data)
    SettingDividerMenuItems                  0x10001658   Data         144  menutbl.o(.data)
    SettingAccelerationMenuItems             0x100016e8   Data         144  menutbl.o(.data)
    SettingOpt1MenuItems                     0x10001778   Data         192  menutbl.o(.data)
    SettingOpt2MenuItems                     0x10001838   Data         192  menutbl.o(.data)
    SettingOpt3MenuItems                     0x100018f8   Data         192  menutbl.o(.data)
    SettingOpt4MenuItems                     0x100019b8   Data         192  menutbl.o(.data)
    SettingPump1MenuItems                    0x10001a78   Data         240  menutbl.o(.data)
    SettingPump2MenuItems                    0x10001b68   Data         240  menutbl.o(.data)
    SettingDivider1MenuItems                 0x10001c58   Data         192  menutbl.o(.data)
    SettingDivider2MenuItems                 0x10001d18   Data         192  menutbl.o(.data)
    SettingAcceleration1MenuItems            0x10001dd8   Data        2016  menutbl.o(.data)
    SettingAcceleration2MenuItems            0x100025b8   Data        2016  menutbl.o(.data)
    SettingBalanceMenuItems                  0x10002d98   Data         240  menutbl.o(.data)
    SettingMicrometerMenuItems               0x10002e88   Data         240  menutbl.o(.data)
    PoleCleanMenuItems                       0x10002f78   Data         144  menutbl.o(.data)
    InputMenuItems                           0x10003008   Data         624  menutbl.o(.data)
    tblMenus                                 0x10003278   Data        1568  menutbl.o(.data)
    UART3Buffer                              0x1000389c   Data          16  uart.o(.bss)
    g_stTemp_time                            0x100038ac   Data          24  rtc.o(.bss)
    g_stCurrent_time                         0x100038c4   Data          24  rtc.o(.bss)
    USB_TxBuff                               0x100038dc   Data          64  main.o(.bss)
    flash_buf                                0x1000391c   Data         256  main.o(.bss)
    CheckSumData                             0x10003a1c   Data          32  main.o(.bss)
    g_stTPx                                  0x10003a3c   Data         100  main.o(.bss)
    g_stTPy                                  0x10003aa0   Data         100  main.o(.bss)
    t_u16CompressPoint                       0x10003b04   Data         600  main.o(.bss)
    g_t8MenuStack                            0x10003d5c   Data          46  main.o(.bss)
    t_HPoint                                 0x10003d8c   Data        1200  main.o(.bss)
    t_AValue                                 0x1000423c   Data        1200  main.o(.bss)
    g_u32RunningFlow1                        0x100046ec   Data         200  main.o(.bss)
    g_u32WaitFlow1                           0x100047b4   Data         200  main.o(.bss)
    g_u8DirectionFlow1                       0x1000487c   Data          50  main.o(.bss)
    g_u16FreqFlow1                           0x100048ae   Data         100  main.o(.bss)
    g_u32RunningFlow2                        0x10004914   Data         200  main.o(.bss)
    g_u32WaitFlow2                           0x100049dc   Data         200  main.o(.bss)
    g_u8DirectionFlow2                       0x10004aa4   Data          50  main.o(.bss)
    g_u16FreqFlow2                           0x10004ad6   Data         100  main.o(.bss)
    g_u8MoveTable                            0x10004b3a   Data         256  eeprom_flash.o(.bss)
    g_stPumpSetting                          0x10004c3a   Data         144  struct.o(.bss)
    __initial_sp                             0x10004ed0   Data           0  startup_lpc17xx.o(STACK)



==============================================================================

Memory Map of the image

  Image Entry point : 0x000000c5

  Load Region LR_IROM1 (Base: 0x00000000, Size: 0x0000e1a4, Max: 0x00080000, ABSOLUTE, COMPRESSED[0x0000b6d0])

    Execution Region ER_IROM1 (Base: 0x00000000, Size: 0x0000a908, Max: 0x00080000, ABSOLUTE)

    Base Addr    Size         Type   Attr      Idx    E Section Name        Object

    0x00000000   0x000000c4   Data   RO            3    RESET               startup_lpc17xx.o
    0x000000c4   0x00000000   Code   RO          657  * .ARM.Collect$$$$00000000  mc_w.l(entry.o)
    0x000000c4   0x00000004   Code   RO          691    .ARM.Collect$$$$00000001  mc_w.l(entry2.o)
    0x000000c8   0x00000004   Code   RO          694    .ARM.Collect$$$$00000004  mc_w.l(entry5.o)
    0x000000cc   0x00000008   Code   RO          695    .ARM.Collect$$$$00000007  mc_w.l(entry7.o)
    0x000000d4   0x00000004   Code   RO          692    .ARM.Collect$$$$00002712  mc_w.l(entry2.o)
    0x000000d8   0x0000001c   Code   RO            4    .text               startup_lpc17xx.o
    0x000000f4   0x00000268   Code   RO           11    .text               system_lpc17xx.o
    0x0000035c   0x00000230   Code   RO           56    .text               spi_flash.o
    0x0000058c   0x000013c6   Code   RO           96    .text               rx_lcd_v02.o
    0x00001952   0x00000002   PAD
    0x00001954   0x00000148   Code   RO          130    .text               systick.o
    0x00001a9c   0x000002f8   Code   RO          154    .text               timer.o
    0x00001d94   0x00000190   Code   RO          193    .text               uart.o
    0x00001f24   0x00000114   Code   RO          216    .text               spi.o
    0x00002038   0x0000018c   Code   RO          235    .text               rtc.o
    0x000021c4   0x0000029c   Code   RO          258    .text               adc.o
    0x00002460   0x0000032c   Code   RO          277    .text               main.o
    0x0000278c   0x000010f0   Code   RO          420    .text               eeprom_flash.o
    0x0000387c   0x00000388   Code   RO          464    .text               touchpad.o
    0x00003c04   0x00001598   Code   RO          496    .text               pump.o
    0x0000519c   0x00000710   Code   RO          523    .text               system.o
    0x000058ac   0x00003c20   Code   RO          542    .text               menufunc.o
    0x000094cc   0x00000614   Code   RO          619    .text               menu.o
    0x00009ae0   0x00000024   Code   RO          660    .text               mc_w.l(memcpya.o)
    0x00009b04   0x0000006c   Code   RO          664    .text               mf_w.l(fmul.o)
    0x00009b70   0x000000e2   Code   RO          666    .text               mf_w.l(dmul.o)
    0x00009c52   0x000000e2   Code   RO          668    .text               mf_w.l(ddiv.o)
    0x00009d34   0x0000000a   Code   RO          670    .text               mf_w.l(ffltui.o)
    0x00009d3e   0x00000022   Code   RO          672    .text               mf_w.l(dflti.o)
    0x00009d60   0x0000001a   Code   RO          674    .text               mf_w.l(dfltui.o)
    0x00009d7a   0x00000032   Code   RO          676    .text               mf_w.l(ffixi.o)
    0x00009dac   0x0000002e   Code   RO          678    .text               mf_w.l(dfixui.o)
    0x00009dda   0x0000002c   Code   RO          680    .text               mf_w.l(f2d.o)
    0x00009e06   0x00000038   Code   RO          682    .text               mf_w.l(d2f.o)
    0x00009e3e   0x00000002   PAD
    0x00009e40   0x00000014   Code   RO          684    .text               mf_w.l(cfcmple.o)
    0x00009e54   0x00000014   Code   RO          686    .text               mf_w.l(cfrcmple.o)
    0x00009e68   0x00000020   Code   RO          696    .text               mc_w.l(llushr.o)
    0x00009e88   0x00000000   Code   RO          705    .text               mc_w.l(iusefp.o)
    0x00009e88   0x0000006c   Code   RO          706    .text               mf_w.l(fepilogue.o)
    0x00009ef4   0x000000c6   Code   RO          708    .text               mf_w.l(depilogue.o)
    0x00009fba   0x00000150   Code   RO          710    .text               mf_w.l(dadd.o)
    0x0000a10a   0x0000002e   Code   RO          712    .text               mf_w.l(dscalb.o)
    0x0000a138   0x00000028   Code   RO          714    .text               mf_w.l(cdcmple.o)
    0x0000a160   0x00000028   Code   RO          716    .text               mf_w.l(cdrcmple.o)
    0x0000a188   0x00000024   Code   RO          718    .text               mc_w.l(init.o)
    0x0000a1ac   0x0000001e   Code   RO          720    .text               mc_w.l(llshl.o)
    0x0000a1ca   0x00000024   Code   RO          722    .text               mc_w.l(llsshr.o)
    0x0000a1ee   0x0000005c   Code   RO          732    .text               mc_w.l(__dczerorl2.o)
    0x0000a24a   0x000000aa   Code   RO          688    i.__kernel_poly     m_ws.l(poly.o)
    0x0000a2f4   0x0000000e   Code   RO          726    i.__scatterload_copy  mc_w.l(handlers.o)
    0x0000a302   0x00000002   Code   RO          727    i.__scatterload_null  mc_w.l(handlers.o)
    0x0000a304   0x0000000e   Code   RO          728    i.__scatterload_zeroinit  mc_w.l(handlers.o)
    0x0000a312   0x00000002   PAD
    0x0000a314   0x0000000c   Code   RO          700    i.__set_errno       mc_w.l(errno.o)
    0x0000a320   0x000000dc   Code   RO          640    i.ceil              m_ws.l(ceil.o)
    0x0000a3fc   0x000000dc   Code   RO          644    i.floor             m_ws.l(floor.o)
    0x0000a4d8   0x0000036c   Code   RO          648    i.log               m_ws.l(log.o)
    0x0000a844   0x0000002c   Data   RO          543    .constdata          menufunc.o
    0x0000a870   0x00000038   Data   RO          620    .constdata          menu.o
    0x0000a8a8   0x00000038   Data   RO          649    .constdata          m_ws.l(log.o)
    0x0000a8e0   0x00000008   Data   RO          690    .constdata          m_ws.l(qnan.o)
    0x0000a8e8   0x00000020   Data   RO          724    Region$$Table       anon$$obj.o


    Execution Region RW_IRAM1 (Base: 0x10000000, Size: 0x00004ed0, Max: 0x00008000, ABSOLUTE, COMPRESSED[0x00000dc8])

    Base Addr    Size         Type   Attr      Idx    E Section Name        Object

    0x10000000   0x00000004   Data   RW           12    .data               system_lpc17xx.o
    0x10000004   0x00000001   Data   RW           97    .data               rx_lcd_v02.o
    0x10000005   0x00000003   PAD
    0x10000008   0x00000018   Data   RW          131    .data               systick.o
    0x10000020   0x00000008   Data   RW          155    .data               timer.o
    0x10000028   0x0000000c   Data   RW          195    .data               uart.o
    0x10000034   0x00000004   Data   RW          237    .data               rtc.o
    0x10000038   0x00000090   Data   RW          279    .data               main.o
    0x100000c8   0x00000070   Data   RW          422    .data               eeprom_flash.o
    0x10000138   0x00000016   Data   RW          449    .data               struct.o
    0x1000014e   0x00000002   PAD
    0x10000150   0x00000034   Data   RW          497    .data               pump.o
    0x10000184   0x00000002   Data   RW          524    .data               system.o
    0x10000186   0x00000002   PAD
    0x10000188   0x00003710   Data   RW          601    .data               menutbl.o
    0x10003898   0x00000004   Data   RW          701    .data               mc_w.l(errno.o)
    0x1000389c   0x00000010   Zero   RW          194    .bss                uart.o
    0x100038ac   0x00000030   Zero   RW          236    .bss                rtc.o
    0x100038dc   0x0000125e   Zero   RW          278    .bss                main.o
    0x10004b3a   0x00000100   Zero   RW          421    .bss                eeprom_flash.o
    0x10004c3a   0x00000090   Zero   RW          448    .bss                struct.o
    0x10004cca   0x00000006   PAD
    0x10004cd0   0x00000200   Zero   RW            1    STACK               startup_lpc17xx.o


==============================================================================

Image component sizes


      Code (inc. data)   RO Data    RW Data    ZI Data      Debug   Object Name

       668         20          0          0          0       4157   adc.o
      4336        176          0        112        256       8466   eeprom_flash.o
       812        166          0        144       4702      23342   main.o
      1556         94         56          0          0       1436   menu.o
     15392       1330         44          0          0      19985   menufunc.o
         0          0          0      14096          0       4606   menutbl.o
      5528        176          0         52          0       8518   pump.o
       396         48          0          4         48       3196   rtc.o
      5062         34          0          1          0      31822   rx_lcd_v02.o
       276         24          0          0          0        988   spi.o
       560          0          0          0          0      18678   spi_flash.o
        28          4        196          0        512        760   startup_lpc17xx.o
         0          0          0         22        144       1574   struct.o
      1808        252          0          2          0       2683   system.o
       616         66          0          4          0      20607   system_lpc17xx.o
       328         56          0         24          0       1303   systick.o
       760         62          0          8          0      19032   timer.o
       904         38          0          0          0       3220   touchpad.o
       400         38          0         12         16       1931   uart.o

    ----------------------------------------------------------------------
     39432       2584        328      14488       5684     176304   Object Totals
         0          0         32          0          0          0   (incl. Generated)
         2          0          0          7          6          0   (incl. Padding)

    ----------------------------------------------------------------------

      Code (inc. data)   RO Data    RW Data    ZI Data      Debug   Library Member Name

       220         16          0          0          0         84   ceil.o
       220         16          0          0          0         84   floor.o
       876         58         56          0          0        284   log.o
       170          0          0          0          0         96   poly.o
         0          0          8          0          0          0   qnan.o
        92          0          0          0          0          0   __dczerorl2.o
         0          0          0          0          0          0   entry.o
         8          4          0          0          0          0   entry2.o
         4          0          0          0          0          0   entry5.o
         8          4          0          0          0          0   entry7.o
        12          6          0          4          0         68   errno.o
        30          0          0          0          0          0   handlers.o
        36          8          0          0          0         68   init.o
         0          0          0          0          0          0   iusefp.o
        30          0          0          0          0         68   llshl.o
        36          0          0          0          0         68   llsshr.o
        32          0          0          0          0         68   llushr.o
        36          0          0          0          0         68   memcpya.o
        40          0          0          0          0         68   cdcmple.o
        40          0          0          0          0         68   cdrcmple.o
        20          0          0          0          0         68   cfcmple.o
        20          0          0          0          0         68   cfrcmple.o
        56          0          0          0          0         88   d2f.o
       336          0          0          0          0        148   dadd.o
       226          0          0          0          0        100   ddiv.o
       198          0          0          0          0        184   depilogue.o
        46          0          0          0          0         68   dfixui.o
        34          0          0          0          0         76   dflti.o
        26          0          0          0          0         76   dfltui.o
       226          0          0          0          0         96   dmul.o
        46          0          0          0          0         80   dscalb.o
        44          0          0          0          0         68   f2d.o
       108          0          0          0          0        168   fepilogue.o
        50          0          0          0          0         68   ffixi.o
        10          0          0          0          0         68   ffltui.o
       108          0          0          0          0         76   fmul.o

    ----------------------------------------------------------------------
      3448        112         64          4          0       2592   Library Totals
         4          0          0          0          0          0   (incl. Padding)

    ----------------------------------------------------------------------

      Code (inc. data)   RO Data    RW Data    ZI Data      Debug   Library Name

      1486         90         64          0          0        548   m_ws.l
       324         22          0          4          0        408   mc_w.l
      1634          0          0          0          0       1636   mf_w.l

    ----------------------------------------------------------------------
      3448        112         64          4          0       2592   Library Totals

    ----------------------------------------------------------------------

==============================================================================


      Code (inc. data)   RO Data    RW Data    ZI Data      Debug   

     42880       2696        392      14492       5684     175880   Grand Totals
     42880       2696        392       3528       5684     175880   ELF Image Totals (compressed)
     42880       2696        392       3528          0          0   ROM Totals

==============================================================================

    Total RO  Size (Code + RO Data)                43272 (  42.26kB)
    Total RW  Size (RW Data + ZI Data)             20176 (  19.70kB)
    Total ROM Size (Code + RO Data + RW Data)      46800 (  45.70kB)

==============================================================================

