ARM Linker, 4.1 [Build 644] [Standard]

==============================================================================

Section Cross References

    startup_lpc17xx.o(RESET) refers to startup_lpc17xx.o(STACK) for __initial_sp
    startup_lpc17xx.o(RESET) refers to startup_lpc17xx.o(.text) for Reset_Handler
    startup_lpc17xx.o(RESET) refers to systick.o(.text) for SysTick_Handler
    startup_lpc17xx.o(RESET) refers to timer.o(.text) for TIMER0_IRQHandler
    startup_lpc17xx.o(RESET) refers to uart.o(.text) for UART3_IRQHandler
    startup_lpc17xx.o(RESET) refers to rtc.o(.text) for RTC_IRQHandler
    startup_lpc17xx.o(.text) refers to entry.o(.ARM.Collect$$$$00000000) for __main
    system_lpc17xx.o(.text) refers to system_lpc17xx.o(.data) for SystemFrequency
    spi_flash.o(.text) refers to spi.o(.text) for spi_init
    spi_flash.o(.text) refers to systick.o(.text) for Delay10ms
    rx_lcd_v02.o(.text) refers to systick.o(.text) for Delay10ms
    rx_lcd_v02.o(.text) refers to rx_lcd_v02.o(.data) for g_u8LcdLayer
    systick.o(.text) refers to systick.o(.data) for g_ui10msTick
    systick.o(.text) refers to main.o(.data) for g_u8Pump1Lost
    timer.o(.text) refers to struct.o(.data) for g_stOptSetting
    timer.o(.text) refers to timer.o(.data) for PumpCount
    timer.o(.text) refers to main.o(.data) for g_u8FlowCount1
    uart.o(.text) refers to uart.o(.data) for UART3Status
    uart.o(.text) refers to uart.o(.bss) for UART3Buffer
    uart.o(.text) refers to system_lpc17xx.o(.data) for SystemFrequency
    rtc.o(.text) refers to memcpya.o(.text) for __aeabi_memcpy4
    rtc.o(.text) refers to rtc.o(.data) for g_uiDateTime_reload
    rtc.o(.text) refers to rtc.o(.bss) for g_stTemp_time
    main.o(.text) refers to rx_lcd_v02.o(.text) for RXLCD_EditCurrent
    main.o(.text) refers to systick.o(.text) for Delay10ms
    main.o(.text) refers to system_lpc17xx.o(.text) for SystemInit
    main.o(.text) refers to timer.o(.text) for init_timer
    main.o(.text) refers to pump.o(.text) for PumpInit
    main.o(.text) refers to spi_flash.o(.text) for SPIFlashMasterInit
    main.o(.text) refers to eeprom_flash.o(.text) for CFlashStartupCheck
    main.o(.text) refers to adc.o(.text) for ADC_init
    main.o(.text) refers to menufunc.o(.text) for CDrawMainPage
    main.o(.text) refers to touchpad.o(.text) for CTPHandle
    main.o(.text) refers to menu.o(.text) for CUIHandler
    main.o(.text) refers to system.o(.text) for CSystemEventHandler
    main.o(.text) refers to main.o(.bss) for g_t8MenuStack
    main.o(.text) refers to main.o(.data) for g_u8StackTop
    main.o(.text) refers to rx_lcd_v02.o(.data) for g_u8LcdLayer
    main.o(.text) refers to timer.o(.data) for PumpCount
    main.o(.text) refers to pump.o(.data) for nMaxEffClass
    main.o(.text) refers to system.o(.data) for g_u8Lost1SaveFlag
    main.o(.text) refers to system_lpc17xx.o(.data) for SystemFrequency
    eeprom_flash.o(.text) refers to spi_flash.o(.text) for SPIFlash_Read
    eeprom_flash.o(.text) refers to main.o(.bss) for flash_buf
    eeprom_flash.o(.text) refers to eeprom_flash.o(.bss) for g_u8MoveTable
    eeprom_flash.o(.text) refers to eeprom_flash.o(.data) for g_u32CellIndex
    eeprom_flash.o(.text) refers to struct.o(.bss) for g_stPumpSetting
    eeprom_flash.o(.text) refers to memcpya.o(.text) for __aeabi_memcpy
    eeprom_flash.o(.text) refers to struct.o(.data) for g_stOptSetting
    eeprom_flash.o(.text) refers to rtc.o(.text) for RTCSetTimeDefault
    eeprom_flash.o(.text) refers to main.o(.data) for g_8Flash0BulkErase
    eeprom_flash.o(.text) refers to rtc.o(.bss) for g_stCurrent_time
    touchpad.o(.text) refers to rx_lcd_v02.o(.text) for Write_Dir
    touchpad.o(.text) refers to main.o(.text) for delay
    touchpad.o(.text) refers to main.o(.bss) for g_stTPx
    touchpad.o(.text) refers to main.o(.data) for g_u32TP_D_x
    compress.o(.text) refers to main.o(.bss) for t_u16CompressPoint
    pump.o(.text) refers to timer.o(.text) for init_timer
    pump.o(.text) refers to struct.o(.bss) for g_stPumpSetting
    pump.o(.text) refers to timer.o(.data) for PumpCount
    pump.o(.text) refers to dflti.o(.text) for __aeabi_i2d
    pump.o(.text) refers to dfltui.o(.text) for __aeabi_ui2d
    pump.o(.text) refers to dmul.o(.text) for __aeabi_dmul
    pump.o(.text) refers to ddiv.o(.text) for __aeabi_ddiv
    pump.o(.text) refers to ceil.o(i.ceil) for ceil
    pump.o(.text) refers to dfixui.o(.text) for __aeabi_d2uiz
    pump.o(.text) refers to struct.o(.data) for g_stOptSetting
    pump.o(.text) refers to pump.o(.data) for nMaxEffClass
    pump.o(.text) refers to main.o(.data) for g_u8Opt2FunctionEn
    pump.o(.text) refers to systick.o(.text) for Delay10ms
    pump.o(.text) refers to main.o(.bss) for g_u32RunningFlow1
    system.o(.text) refers to rx_lcd_v02.o(.text) for WriteString
    system.o(.text) refers to menufunc.o(.text) for CDispFloatAt
    system.o(.text) refers to timer.o(.text) for reset_timer
    system.o(.text) refers to pump.o(.text) for PumpSetEnable
    system.o(.text) refers to ffltui.o(.text) for __aeabi_ui2f
    system.o(.text) refers to main.o(.data) for g_u8HTTestStart
    system.o(.text) refers to system.o(.data) for g_u8Lost2SaveFlag
    system.o(.text) refers to timer.o(.data) for PumpCount
    system.o(.text) refers to main.o(.bss) for g_u16FreqFlow2
    system.o(.text) refers to struct.o(.bss) for g_stPumpSetting
    system.o(.text) refers to systick.o(.data) for g_uiPump2LostTimeout
    menufunc.o(.text) refers to rx_lcd_v02.o(.text) for RXLCD_EditCurrent
    menufunc.o(.text) refers to main.o(.data) for MenuPageIndex
    menufunc.o(.text) refers to menutbl.o(.data) for tblMenus
    menufunc.o(.text) refers to systick.o(.text) for Delay10ms
    menufunc.o(.text) refers to menu.o(.constdata) for PageStackStartPoint
    menufunc.o(.text) refers to main.o(.bss) for g_t8MenuStack
    menufunc.o(.text) refers to rx_lcd_v02.o(.data) for g_u8LcdLayer
    menufunc.o(.text) refers to menufunc.o(.constdata) for Pow10
    menufunc.o(.text) refers to ffixi.o(.text) for __aeabi_f2iz
    menufunc.o(.text) refers to cfcmple.o(.text) for __aeabi_cfcmple
    menufunc.o(.text) refers to cfrcmple.o(.text) for __aeabi_cfrcmple
    menufunc.o(.text) refers to ffltui.o(.text) for __aeabi_ui2f
    menufunc.o(.text) refers to fmul.o(.text) for __aeabi_fmul
    menufunc.o(.text) refers to f2d.o(.text) for __aeabi_f2d
    menufunc.o(.text) refers to floor.o(i.floor) for floor
    menufunc.o(.text) refers to d2f.o(.text) for __aeabi_d2f
    menufunc.o(.text) refers to pump.o(.text) for PumpFreeRun
    menufunc.o(.text) refers to struct.o(.data) for g_stUISetting
    menufunc.o(.text) refers to timer.o(.text) for enable_timer
    menufunc.o(.text) refers to systick.o(.data) for g_uiPump1LostTimeout
    menufunc.o(.text) refers to timer.o(.data) for PumpCount
    menufunc.o(.text) refers to eeprom_flash.o(.text) for CFlashSavePumpSetting
    menufunc.o(.text) refers to struct.o(.bss) for g_stPumpSetting
    menufunc.o(.text) refers to log.o(i.log) for log
    menufunc.o(.text) refers to dfltui.o(.text) for __aeabi_ui2d
    menufunc.o(.text) refers to ddiv.o(.text) for __aeabi_ddiv
    menufunc.o(.text) refers to dfixui.o(.text) for __aeabi_d2uiz
    menutbl.o(.data) refers to menufunc.o(.text) for CNull
    menutbl.o(.data) refers to struct.o(.data) for g_stUISetting
    menutbl.o(.data) refers to struct.o(.bss) for g_stPumpSetting
    menu.o(.text) refers to touchpad.o(.text) for TP_IsClickDown
    menu.o(.text) refers to menufunc.o(.text) for CPopUpInputResult
    menu.o(.text) refers to main.o(.data) for g_u8TPDown
    menu.o(.text) refers to main.o(.bss) for g_t8MenuStack
    menu.o(.text) refers to menutbl.o(.data) for tblMenus
    ceil.o(i.__softfp_ceil) refers (Special) to iusefp.o(.text) for __I$use$fp
    ceil.o(i.__softfp_ceil) refers to ceil.o(i.ceil) for ceil
    ceil.o(i.ceil) refers (Special) to iusefp.o(.text) for __I$use$fp
    ceil.o(i.ceil) refers to dadd.o(.text) for __aeabi_dadd
    ceil.o(i.ceil) refers to cdrcmple.o(.text) for __aeabi_cdrcmple
    floor.o(i.__softfp_floor) refers (Special) to iusefp.o(.text) for __I$use$fp
    floor.o(i.__softfp_floor) refers to floor.o(i.floor) for floor
    floor.o(i.floor) refers (Special) to iusefp.o(.text) for __I$use$fp
    floor.o(i.floor) refers to dadd.o(.text) for __aeabi_dadd
    floor.o(i.floor) refers to cdrcmple.o(.text) for __aeabi_cdrcmple
    log.o(i.__softfp_log) refers (Special) to iusefp.o(.text) for __I$use$fp
    log.o(i.__softfp_log) refers to log.o(i.log) for log
    log.o(i.log) refers (Special) to iusefp.o(.text) for __I$use$fp
    log.o(i.log) refers to dscalb.o(.text) for __ARM_scalbn
    log.o(i.log) refers to errno.o(i.__set_errno) for __set_errno
    log.o(i.log) refers to ddiv.o(.text) for __aeabi_ddiv
    log.o(i.log) refers to dadd.o(.text) for __aeabi_dsub
    log.o(i.log) refers to cdcmple.o(.text) for __aeabi_cdcmpeq
    log.o(i.log) refers to dflti.o(.text) for __aeabi_i2d
    log.o(i.log) refers to dmul.o(.text) for __aeabi_dmul
    log.o(i.log) refers to poly.o(i.__kernel_poly) for __kernel_poly
    log.o(i.log) refers to qnan.o(.constdata) for __mathlib_zero
    log.o(i.log) refers to log.o(.constdata) for .constdata
    log.o(.constdata) refers (Special) to iusefp.o(.text) for __I$use$fp
    log_x.o(i.____softfp_log$lsc) refers (Special) to iusefp.o(.text) for __I$use$fp
    log_x.o(i.____softfp_log$lsc) refers to log_x.o(i.__log$lsc) for __log$lsc
    log_x.o(i.__log$lsc) refers (Special) to iusefp.o(.text) for __I$use$fp
    log_x.o(i.__log$lsc) refers to dscalb.o(.text) for __ARM_scalbn
    log_x.o(i.__log$lsc) refers to errno.o(i.__set_errno) for __set_errno
    log_x.o(i.__log$lsc) refers to dadd.o(.text) for __aeabi_dsub
    log_x.o(i.__log$lsc) refers to cdcmple.o(.text) for __aeabi_cdcmpeq
    log_x.o(i.__log$lsc) refers to dflti.o(.text) for __aeabi_i2d
    log_x.o(i.__log$lsc) refers to dmul.o(.text) for __aeabi_dmul
    log_x.o(i.__log$lsc) refers to ddiv.o(.text) for __aeabi_ddiv
    log_x.o(i.__log$lsc) refers to poly.o(i.__kernel_poly) for __kernel_poly
    log_x.o(i.__log$lsc) refers to qnan.o(.constdata) for __mathlib_zero
    log_x.o(i.__log$lsc) refers to log_x.o(.constdata) for .constdata
    log_x.o(.constdata) refers (Special) to iusefp.o(.text) for __I$use$fp
    entry.o(.ARM.Collect$$$$00000000) refers (Special) to entry7.o(.ARM.Collect$$$$00000007) for _main_init
    entry.o(.ARM.Collect$$$$00000000) refers (Special) to entry5.o(.ARM.Collect$$$$00000004) for _main_scatterload
    entry.o(.ARM.Collect$$$$00000000) refers (Special) to entry2.o(.ARM.Collect$$$$00000001) for _main_stk
    fmul.o(.text) refers (Special) to iusefp.o(.text) for __I$use$fp
    dmul.o(.text) refers (Special) to iusefp.o(.text) for __I$use$fp
    dmul.o(.text) refers to depilogue.o(.text) for _double_epilogue
    ddiv.o(.text) refers (Special) to iusefp.o(.text) for __I$use$fp
    ddiv.o(.text) refers to depilogue.o(.text) for _double_round
    ffltui.o(.text) refers (Special) to iusefp.o(.text) for __I$use$fp
    ffltui.o(.text) refers to fepilogue.o(.text) for _float_epilogue
    dflti.o(.text) refers (Special) to iusefp.o(.text) for __I$use$fp
    dflti.o(.text) refers to depilogue.o(.text) for _double_epilogue
    dfltui.o(.text) refers (Special) to iusefp.o(.text) for __I$use$fp
    dfltui.o(.text) refers to depilogue.o(.text) for _double_epilogue
    ffixi.o(.text) refers (Special) to iusefp.o(.text) for __I$use$fp
    dfixui.o(.text) refers (Special) to iusefp.o(.text) for __I$use$fp
    dfixui.o(.text) refers to llushr.o(.text) for __aeabi_llsr
    f2d.o(.text) refers (Special) to iusefp.o(.text) for __I$use$fp
    d2f.o(.text) refers (Special) to iusefp.o(.text) for __I$use$fp
    d2f.o(.text) refers to fepilogue.o(.text) for _float_round
    cfcmple.o(.text) refers (Special) to iusefp.o(.text) for __I$use$fp
    cfrcmple.o(.text) refers (Special) to iusefp.o(.text) for __I$use$fp
    poly.o(i.__kernel_poly) refers (Special) to iusefp.o(.text) for __I$use$fp
    poly.o(i.__kernel_poly) refers to dmul.o(.text) for __aeabi_dmul
    poly.o(i.__kernel_poly) refers to dadd.o(.text) for __aeabi_dadd
    qnan.o(.constdata) refers (Special) to iusefp.o(.text) for __I$use$fp
    entry2.o(.ARM.Collect$$$$00000001) refers to entry2.o(.ARM.Collect$$$$00002712) for __lit__00000000
    entry2.o(.ARM.Collect$$$$00002712) refers to startup_lpc17xx.o(STACK) for __initial_sp
    entry2.o(__vectab_stack_and_reset_area) refers to startup_lpc17xx.o(STACK) for __initial_sp
    entry2.o(__vectab_stack_and_reset_area) refers to entry.o(.ARM.Collect$$$$00000000) for __main
    entry5.o(.ARM.Collect$$$$00000004) refers to init.o(.text) for __scatterload
    entry7.o(.ARM.Collect$$$$00000007) refers to main.o(.text) for main
    errno.o(i.__aeabi_errno_addr) refers to errno.o(.data) for .data
    errno.o(i.__read_errno) refers to errno.o(.data) for .data
    errno.o(i.__set_errno) refers to errno.o(.data) for .data
    depilogue.o(.text) refers to llshl.o(.text) for __aeabi_llsl
    depilogue.o(.text) refers to llushr.o(.text) for __aeabi_llsr
    dadd.o(.text) refers to llshl.o(.text) for __aeabi_llsl
    dadd.o(.text) refers to llsshr.o(.text) for __aeabi_lasr
    dadd.o(.text) refers to depilogue.o(.text) for _double_epilogue
    init.o(.text) refers to entry5.o(.ARM.Collect$$$$00000004) for __main_after_scatterload


==============================================================================

Removing Unused input sections from the image.

    Removing startup_lpc17xx.o(HEAP), (0 bytes).
    Removing system_lpc17xx.o(.emb_text), (8 bytes).
    Removing spi_flash.o(.emb_text), (8 bytes).
    Removing rx_lcd_v02.o(.emb_text), (8 bytes).
    Removing systick.o(.emb_text), (8 bytes).
    Removing timer.o(.emb_text), (8 bytes).
    Removing uart.o(.emb_text), (8 bytes).
    Removing spi.o(.emb_text), (8 bytes).
    Removing rtc.o(.emb_text), (8 bytes).
    Removing adc.o(.emb_text), (8 bytes).
    Removing main.o(.emb_text), (8 bytes).
    Removing eeprom_flash.o(.emb_text), (8 bytes).
    Removing struct.o(.emb_text), (8 bytes).
    Removing touchpad.o(.emb_text), (8 bytes).
    Removing compress.o(.emb_text), (8 bytes).
    Removing compress.o(.text), (548 bytes).
    Removing pump.o(.emb_text), (8 bytes).
    Removing system.o(.emb_text), (8 bytes).
    Removing menufunc.o(.emb_text), (8 bytes).
    Removing menutbl.o(.emb_text), (8 bytes).
    Removing menutbl.o(.bss), (48 bytes).
    Removing menu.o(.emb_text), (8 bytes).
    Removing menu.o(.data), (1 bytes).

23 unused section(s) (total 749 bytes) removed from the image.

==============================================================================

Image Symbol Table

    Local Symbols

    Symbol Name                              Value     Ov Type        Size  Object(Section)

    RESET                                    0x00000000   Section      196  startup_lpc17xx.o(RESET)
    ../../../cmprslib/zerorunl2.c            0x00000000   Number         0  __dczerorl2.o ABSOLUTE
    ../../ceil.c                             0x00000000   Number         0  ceil.o ABSOLUTE
    ../../floor.c                            0x00000000   Number         0  floor.o ABSOLUTE
    ../../log.c                              0x00000000   Number         0  log_x.o ABSOLUTE
    ../../log.c                              0x00000000   Number         0  log.o ABSOLUTE
    ../../microlib/d2f.c                     0x00000000   Number         0  d2f.o ABSOLUTE
    ../../microlib/errno.c                   0x00000000   Number         0  errno.o ABSOLUTE
    ../../microlib/f2d.c                     0x00000000   Number         0  f2d.o ABSOLUTE
    ../../microlib/fpadd.c                   0x00000000   Number         0  dadd.o ABSOLUTE
    ../../microlib/fpdiv.c                   0x00000000   Number         0  ddiv.o ABSOLUTE
    ../../microlib/fpepilogue.c              0x00000000   Number         0  fepilogue.o ABSOLUTE
    ../../microlib/fpepilogue.c              0x00000000   Number         0  depilogue.o ABSOLUTE
    ../../microlib/fpfix.c                   0x00000000   Number         0  dfixui.o ABSOLUTE
    ../../microlib/fpfix.c                   0x00000000   Number         0  ffixi.o ABSOLUTE
    ../../microlib/fpflt.c                   0x00000000   Number         0  dfltui.o ABSOLUTE
    ../../microlib/fpflt.c                   0x00000000   Number         0  ffltui.o ABSOLUTE
    ../../microlib/fpflt.c                   0x00000000   Number         0  dflti.o ABSOLUTE
    ../../microlib/fpmul.c                   0x00000000   Number         0  fmul.o ABSOLUTE
    ../../microlib/fpmul.c                   0x00000000   Number         0  dmul.o ABSOLUTE
    ../../microlib/fpscalb.c                 0x00000000   Number         0  dscalb.o ABSOLUTE
    ../../microlib/init/entry.s              0x00000000   Number         0  entry2.o ABSOLUTE
    ../../microlib/init/entry.s              0x00000000   Number         0  entry5.o ABSOLUTE
    ../../microlib/init/entry.s              0x00000000   Number         0  entry.o ABSOLUTE
    ../../microlib/init/entry.s              0x00000000   Number         0  entry7.o ABSOLUTE
    ../../microlib/longlong.c                0x00000000   Number         0  llushr.o ABSOLUTE
    ../../microlib/longlong.c                0x00000000   Number         0  llsshr.o ABSOLUTE
    ../../microlib/longlong.c                0x00000000   Number         0  llshl.o ABSOLUTE
    ../../microlib/string/memcpy.c           0x00000000   Number         0  memcpyb.o ABSOLUTE
    ../../microlib/string/memcpy.c           0x00000000   Number         0  memcpya.o ABSOLUTE
    ../../microlib/stubs.s                   0x00000000   Number         0  iusefp.o ABSOLUTE
    ../../poly.c                             0x00000000   Number         0  poly.o ABSOLUTE
    ../../qnan.c                             0x00000000   Number         0  qnan.o ABSOLUTE
    Core\ADC\ADC.c                           0x00000000   Number         0  adc.o ABSOLUTE
    Core\FLASH\spi_flash.c                   0x00000000   Number         0  spi_flash.o ABSOLUTE
    Core\GLCD\RX_LCD_V02.c                   0x00000000   Number         0  rx_lcd_v02.o ABSOLUTE
    Core\RTC\rtc.c                           0x00000000   Number         0  rtc.o ABSOLUTE
    Core\SPI\SPI.c                           0x00000000   Number         0  spi.o ABSOLUTE
    Core\Serial\uart.c                       0x00000000   Number         0  uart.o ABSOLUTE
    Core\SysTick\systick.c                   0x00000000   Number         0  systick.o ABSOLUTE
    Core\TIMER\timer.c                       0x00000000   Number         0  timer.o ABSOLUTE
    Core\\ADC\\ADC.c                         0x00000000   Number         0  adc.o ABSOLUTE
    Core\\FLASH\\spi_flash.c                 0x00000000   Number         0  spi_flash.o ABSOLUTE
    Core\\GLCD\\RX_LCD_V02.c                 0x00000000   Number         0  rx_lcd_v02.o ABSOLUTE
    Core\\RTC\\rtc.c                         0x00000000   Number         0  rtc.o ABSOLUTE
    Core\\SPI\\SPI.c                         0x00000000   Number         0  spi.o ABSOLUTE
    Core\\Serial\\uart.c                     0x00000000   Number         0  uart.o ABSOLUTE
    Core\\SysTick\\systick.c                 0x00000000   Number         0  systick.o ABSOLUTE
    Core\\TIMER\\timer.c                     0x00000000   Number         0  timer.o ABSOLUTE
    Core\\common\\src\\system_LPC17xx.c      0x00000000   Number         0  system_lpc17xx.o ABSOLUTE
    Core\common\src\core_cm3.c               0x00000000   Number         0  core_cm3.o ABSOLUTE
    Core\common\src\startup_LPC17xx.s        0x00000000   Number         0  startup_lpc17xx.o ABSOLUTE
    Core\common\src\system_LPC17xx.c         0x00000000   Number         0  system_lpc17xx.o ABSOLUTE
    SourceCode\\compress.c                   0x00000000   Number         0  compress.o ABSOLUTE
    SourceCode\\eeprom_flash.c               0x00000000   Number         0  eeprom_flash.o ABSOLUTE
    SourceCode\\main.c                       0x00000000   Number         0  main.o ABSOLUTE
    SourceCode\\pump.c                       0x00000000   Number         0  pump.o ABSOLUTE
    SourceCode\\struct.c                     0x00000000   Number         0  struct.o ABSOLUTE
    SourceCode\\system.c                     0x00000000   Number         0  system.o ABSOLUTE
    SourceCode\\touchpad.c                   0x00000000   Number         0  touchpad.o ABSOLUTE
    SourceCode\compress.c                    0x00000000   Number         0  compress.o ABSOLUTE
    SourceCode\eeprom_flash.c                0x00000000   Number         0  eeprom_flash.o ABSOLUTE
    SourceCode\main.c                        0x00000000   Number         0  main.o ABSOLUTE
    SourceCode\pump.c                        0x00000000   Number         0  pump.o ABSOLUTE
    SourceCode\struct.c                      0x00000000   Number         0  struct.o ABSOLUTE
    SourceCode\system.c                      0x00000000   Number         0  system.o ABSOLUTE
    SourceCode\touchpad.c                    0x00000000   Number         0  touchpad.o ABSOLUTE
    cdcmple.s                                0x00000000   Number         0  cdcmple.o ABSOLUTE
    cdrcmple.s                               0x00000000   Number         0  cdrcmple.o ABSOLUTE
    cfcmple.s                                0x00000000   Number         0  cfcmple.o ABSOLUTE
    cfrcmple.s                               0x00000000   Number         0  cfrcmple.o ABSOLUTE
    dc.s                                     0x00000000   Number         0  dc.o ABSOLUTE
    handlers.s                               0x00000000   Number         0  handlers.o ABSOLUTE
    init.s                                   0x00000000   Number         0  init.o ABSOLUTE
    menu\\menu.c                             0x00000000   Number         0  menu.o ABSOLUTE
    menu\\menufunc.c                         0x00000000   Number         0  menufunc.o ABSOLUTE
    menu\\menutbl.c                          0x00000000   Number         0  menutbl.o ABSOLUTE
    menu\menu.c                              0x00000000   Number         0  menu.o ABSOLUTE
    menu\menufunc.c                          0x00000000   Number         0  menufunc.o ABSOLUTE
    menu\menutbl.c                           0x00000000   Number         0  menutbl.o ABSOLUTE
    .ARM.Collect$$$$00000000                 0x000000c4   Section        0  entry.o(.ARM.Collect$$$$00000000)
    .ARM.Collect$$$$00000001                 0x000000c4   Section        4  entry2.o(.ARM.Collect$$$$00000001)
    .ARM.Collect$$$$00000004                 0x000000c8   Section        4  entry5.o(.ARM.Collect$$$$00000004)
    .ARM.Collect$$$$00000007                 0x000000cc   Section        8  entry7.o(.ARM.Collect$$$$00000007)
    .ARM.Collect$$$$00002712                 0x000000d4   Section        4  entry2.o(.ARM.Collect$$$$00002712)
    __lit__00000000                          0x000000d4   Data           4  entry2.o(.ARM.Collect$$$$00002712)
    .text                                    0x000000d8   Section       28  startup_lpc17xx.o(.text)
    .text                                    0x000000f4   Section        0  system_lpc17xx.o(.text)
    .text                                    0x0000035c   Section        0  spi_flash.o(.text)
    .text                                    0x0000058c   Section        0  rx_lcd_v02.o(.text)
    .text                                    0x00001954   Section        0  systick.o(.text)
    .text                                    0x00001a88   Section        0  timer.o(.text)
    NVIC_EnableIRQ                           0x00001d25   Thumb Code    30  timer.o(.text)
    .text                                    0x00001d80   Section        0  uart.o(.text)
    .text                                    0x00001f10   Section        0  spi.o(.text)
    .text                                    0x00002024   Section        0  rtc.o(.text)
    .text                                    0x000021b0   Section        0  adc.o(.text)
    .text                                    0x0000244c   Section        0  main.o(.text)
    .text                                    0x00002778   Section        0  eeprom_flash.o(.text)
    .text                                    0x00003868   Section        0  touchpad.o(.text)
    .text                                    0x00003bf0   Section        0  pump.o(.text)
    .text                                    0x00005188   Section        0  system.o(.text)
    .text                                    0x000057b4   Section        0  menufunc.o(.text)
    _Check_NegLong                           0x00007c05   Thumb Code    42  menufunc.o(.text)
    CDispFloatFix                            0x00007d15   Thumb Code   144  menufunc.o(.text)
    .text                                    0x000093a4   Section        0  menu.o(.text)
    .text                                    0x000099b8   Section        0  memcpya.o(.text)
    .text                                    0x000099dc   Section        0  fmul.o(.text)
    .text                                    0x00009a48   Section        0  dmul.o(.text)
    .text                                    0x00009b2a   Section        0  ddiv.o(.text)
    .text                                    0x00009c0c   Section        0  ffltui.o(.text)
    .text                                    0x00009c16   Section        0  dflti.o(.text)
    .text                                    0x00009c38   Section        0  dfltui.o(.text)
    .text                                    0x00009c52   Section        0  ffixi.o(.text)
    .text                                    0x00009c84   Section        0  dfixui.o(.text)
    .text                                    0x00009cb2   Section        0  f2d.o(.text)
    .text                                    0x00009cde   Section        0  d2f.o(.text)
    .text                                    0x00009d18   Section       20  cfcmple.o(.text)
    .text                                    0x00009d2c   Section       20  cfrcmple.o(.text)
    .text                                    0x00009d40   Section        0  llushr.o(.text)
    .text                                    0x00009d60   Section        0  fepilogue.o(.text)
    .text                                    0x00009d60   Section        0  iusefp.o(.text)
    .text                                    0x00009dcc   Section        0  depilogue.o(.text)
    .text                                    0x00009e92   Section        0  dadd.o(.text)
    .text                                    0x00009fe2   Section        0  dscalb.o(.text)
    .text                                    0x0000a010   Section       40  cdcmple.o(.text)
    .text                                    0x0000a038   Section       40  cdrcmple.o(.text)
    .text                                    0x0000a060   Section       36  init.o(.text)
    .text                                    0x0000a084   Section        0  llshl.o(.text)
    .text                                    0x0000a0a2   Section        0  llsshr.o(.text)
    .text                                    0x0000a0c6   Section        0  __dczerorl2.o(.text)
    i.__kernel_poly                          0x0000a122   Section        0  poly.o(i.__kernel_poly)
    i.__scatterload_copy                     0x0000a1cc   Section       14  handlers.o(i.__scatterload_copy)
    i.__scatterload_null                     0x0000a1da   Section        2  handlers.o(i.__scatterload_null)
    i.__scatterload_zeroinit                 0x0000a1dc   Section       14  handlers.o(i.__scatterload_zeroinit)
    i.__set_errno                            0x0000a1ec   Section        0  errno.o(i.__set_errno)
    i.ceil                                   0x0000a1f8   Section        0  ceil.o(i.ceil)
    i.floor                                  0x0000a2d4   Section        0  floor.o(i.floor)
    i.log                                    0x0000a3b0   Section        0  log.o(i.log)
    .constdata                               0x0000a71c   Section       44  menufunc.o(.constdata)
    .constdata                               0x0000a748   Section       56  menu.o(.constdata)
    .constdata                               0x0000a780   Section       56  log.o(.constdata)
    Lg2                                      0x0000a780   Data          24  log.o(.constdata)
    Lg                                       0x0000a798   Data          32  log.o(.constdata)
    .constdata                               0x0000a7b8   Section        8  qnan.o(.constdata)
    .data                                    0x10000000   Section        4  system_lpc17xx.o(.data)
    .data                                    0x10000004   Section        1  rx_lcd_v02.o(.data)
    .data                                    0x10000008   Section       20  systick.o(.data)
    .data                                    0x1000001c   Section        8  timer.o(.data)
    .data                                    0x10000024   Section       12  uart.o(.data)
    .data                                    0x10000030   Section        4  rtc.o(.data)
    .data                                    0x10000034   Section      144  main.o(.data)
    .data                                    0x100000c4   Section      112  eeprom_flash.o(.data)
    .data                                    0x10000134   Section       22  struct.o(.data)
    .data                                    0x1000014c   Section       52  pump.o(.data)
    .data                                    0x10000180   Section        2  system.o(.data)
    .data                                    0x10000184   Section    14096  menutbl.o(.data)
    .data                                    0x10003894   Section        4  errno.o(.data)
    _errno                                   0x10003894   Data           4  errno.o(.data)
    .bss                                     0x10003898   Section       16  uart.o(.bss)
    .bss                                     0x100038a8   Section       48  rtc.o(.bss)
    .bss                                     0x100038d8   Section     4702  main.o(.bss)
    .bss                                     0x10004b36   Section      256  eeprom_flash.o(.bss)
    .bss                                     0x10004c36   Section      144  struct.o(.bss)
    STACK                                    0x10004cc8   Section      512  startup_lpc17xx.o(STACK)

    Global Symbols

    Symbol Name                              Value     Ov Type        Size  Object(Section)

    BuildAttributes$$THM_ISAv4$P$D$K$B$S$PE$A:L22UL41UL21$X:L11$S22US41US21$IEEE1$IW$USESV6$~STKCKD$USESV7$~SHL$OTIME$ROPI$IEEEJ$EBA8$MICROLIB$REQ8$PRES8$EABIv2 0x00000000   Number         0  anon$$obj.o ABSOLUTE
    __ARM_use_no_argv                        0x00000000   Number         0  main.o ABSOLUTE
    __Vectors                                0x00000000   Data           4  startup_lpc17xx.o(RESET)
    __main                                   0x000000c5   Thumb Code     0  entry.o(.ARM.Collect$$$$00000000)
    _main_stk                                0x000000c5   Thumb Code     0  entry2.o(.ARM.Collect$$$$00000001)
    _main_scatterload                        0x000000c9   Thumb Code     0  entry5.o(.ARM.Collect$$$$00000004)
    __main_after_scatterload                 0x000000cd   Thumb Code     0  entry5.o(.ARM.Collect$$$$00000004)
    _main_init                               0x000000cd   Thumb Code     0  entry7.o(.ARM.Collect$$$$00000007)
    Reset_Handler                            0x000000d9   Thumb Code     4  startup_lpc17xx.o(.text)
    NMI_Handler                              0x000000dd   Thumb Code     2  startup_lpc17xx.o(.text)
    HardFault_Handler                        0x000000df   Thumb Code     2  startup_lpc17xx.o(.text)
    MemManage_Handler                        0x000000e1   Thumb Code     2  startup_lpc17xx.o(.text)
    BusFault_Handler                         0x000000e3   Thumb Code     2  startup_lpc17xx.o(.text)
    UsageFault_Handler                       0x000000e5   Thumb Code     2  startup_lpc17xx.o(.text)
    SVC_Handler                              0x000000e7   Thumb Code     2  startup_lpc17xx.o(.text)
    DebugMon_Handler                         0x000000e9   Thumb Code     2  startup_lpc17xx.o(.text)
    PendSV_Handler                           0x000000eb   Thumb Code     2  startup_lpc17xx.o(.text)
    ADC_IRQHandler                           0x000000ef   Thumb Code     0  startup_lpc17xx.o(.text)
    BOD_IRQHandler                           0x000000ef   Thumb Code     0  startup_lpc17xx.o(.text)
    CAN_IRQHandler                           0x000000ef   Thumb Code     0  startup_lpc17xx.o(.text)
    DMA_IRQHandler                           0x000000ef   Thumb Code     0  startup_lpc17xx.o(.text)
    EINT0_IRQHandler                         0x000000ef   Thumb Code     0  startup_lpc17xx.o(.text)
    EINT1_IRQHandler                         0x000000ef   Thumb Code     0  startup_lpc17xx.o(.text)
    EINT2_IRQHandler                         0x000000ef   Thumb Code     0  startup_lpc17xx.o(.text)
    EINT3_IRQHandler                         0x000000ef   Thumb Code     0  startup_lpc17xx.o(.text)
    ENET_IRQHandler                          0x000000ef   Thumb Code     0  startup_lpc17xx.o(.text)
    I2C0_IRQHandler                          0x000000ef   Thumb Code     0  startup_lpc17xx.o(.text)
    I2C1_IRQHandler                          0x000000ef   Thumb Code     0  startup_lpc17xx.o(.text)
    I2C2_IRQHandler                          0x000000ef   Thumb Code     0  startup_lpc17xx.o(.text)
    I2S_IRQHandler                           0x000000ef   Thumb Code     0  startup_lpc17xx.o(.text)
    MCPWM_IRQHandler                         0x000000ef   Thumb Code     0  startup_lpc17xx.o(.text)
    PLL0_IRQHandler                          0x000000ef   Thumb Code     0  startup_lpc17xx.o(.text)
    PLL1_IRQHandler                          0x000000ef   Thumb Code     0  startup_lpc17xx.o(.text)
    PWM1_IRQHandler                          0x000000ef   Thumb Code     0  startup_lpc17xx.o(.text)
    QEI_IRQHandler                           0x000000ef   Thumb Code     0  startup_lpc17xx.o(.text)
    RIT_IRQHandler                           0x000000ef   Thumb Code     0  startup_lpc17xx.o(.text)
    SPI_IRQHandler                           0x000000ef   Thumb Code     0  startup_lpc17xx.o(.text)
    SSP0_IRQHandler                          0x000000ef   Thumb Code     0  startup_lpc17xx.o(.text)
    SSP1_IRQHandler                          0x000000ef   Thumb Code     0  startup_lpc17xx.o(.text)
    UART0_IRQHandler                         0x000000ef   Thumb Code     0  startup_lpc17xx.o(.text)
    UART1_IRQHandler                         0x000000ef   Thumb Code     0  startup_lpc17xx.o(.text)
    UART2_IRQHandler                         0x000000ef   Thumb Code     0  startup_lpc17xx.o(.text)
    USB_IRQHandler                           0x000000ef   Thumb Code     0  startup_lpc17xx.o(.text)
    WDT_IRQHandler                           0x000000ef   Thumb Code     0  startup_lpc17xx.o(.text)
    SystemInit                               0x000000f5   Thumb Code   550  system_lpc17xx.o(.text)
    SPIFlashMasterInit                       0x0000035d   Thumb Code    36  spi_flash.o(.text)
    SPIFlash_CheckBusy                       0x00000381   Thumb Code    44  spi_flash.o(.text)
    SPIFlash_WriteEn                         0x000003ad   Thumb Code    30  spi_flash.o(.text)
    SPIFlash_WritePage                       0x000003cb   Thumb Code   112  spi_flash.o(.text)
    SPIFlash_Read                            0x0000043b   Thumb Code   100  spi_flash.o(.text)
    SPIFlash_EraseSector                     0x0000049f   Thumb Code    66  spi_flash.o(.text)
    SPIFlash_EraseBulk                       0x000004e1   Thumb Code    40  spi_flash.o(.text)
    SPIFlash_ReadID                          0x00000509   Thumb Code    90  spi_flash.o(.text)
    SPIFlash_ReadWP                          0x00000563   Thumb Code    42  spi_flash.o(.text)
    Delay2us                                 0x0000058d   Thumb Code    12  rx_lcd_v02.o(.text)
    Write_Data                               0x00000599   Thumb Code   100  rx_lcd_v02.o(.text)
    Write_Command                            0x000005fd   Thumb Code   100  rx_lcd_v02.o(.text)
    RA8870_PLL_ini                           0x00000661   Thumb Code    40  rx_lcd_v02.o(.text)
    Write_Dir                                0x00000689   Thumb Code    20  rx_lcd_v02.o(.text)
    Text_Background_Color1                   0x0000069d   Thumb Code    52  rx_lcd_v02.o(.text)
    Text_Foreground_Color1                   0x000006d1   Thumb Code    52  rx_lcd_v02.o(.text)
    Active_Window                            0x00000705   Thumb Code   162  rx_lcd_v02.o(.text)
    Read_Data                                0x000007a7   Thumb Code   148  rx_lcd_v02.o(.text)
    Layer1_Visible                           0x0000083b   Thumb Code    30  rx_lcd_v02.o(.text)
    Reset                                    0x00000859   Thumb Code    36  rx_lcd_v02.o(.text)
    RXLCD_init                               0x0000087d   Thumb Code   372  rx_lcd_v02.o(.text)
    Read_Status                              0x000009f1   Thumb Code   148  rx_lcd_v02.o(.text)
    Read_Command                             0x00000a85   Thumb Code   148  rx_lcd_v02.o(.text)
    Chk_Busy                                 0x00000b19   Thumb Code    18  rx_lcd_v02.o(.text)
    Chk_Busy_BTE                             0x00000b2b   Thumb Code    18  rx_lcd_v02.o(.text)
    Chk_DMA_Busy                             0x00000b3d   Thumb Code    26  rx_lcd_v02.o(.text)
    Text_Background_Color                    0x00000b57   Thumb Code    48  rx_lcd_v02.o(.text)
    Text_Foreground_Color                    0x00000b87   Thumb Code    48  rx_lcd_v02.o(.text)
    BTE_Size                                 0x00000bb7   Thumb Code    84  rx_lcd_v02.o(.text)
    BTE_Source                               0x00000c0b   Thumb Code   206  rx_lcd_v02.o(.text)
    BTE_MovePositive                         0x00000cd9   Thumb Code    92  rx_lcd_v02.o(.text)
    MemoryWrite_Position                     0x00000d35   Thumb Code    84  rx_lcd_v02.o(.text)
    FontWrite_Position                       0x00000d89   Thumb Code    96  rx_lcd_v02.o(.text)
    String                                   0x00000de9   Thumb Code    50  rx_lcd_v02.o(.text)
    Cursor_Position                          0x00000e1b   Thumb Code    84  rx_lcd_v02.o(.text)
    Scroll_Window                            0x00000e6f   Thumb Code   162  rx_lcd_v02.o(.text)
    Scroll                                   0x00000f11   Thumb Code    84  rx_lcd_v02.o(.text)
    DMA_block_mode_size_setting              0x00000f65   Thumb Code    90  rx_lcd_v02.o(.text)
    DMA_Start_address_setting                0x00000fbf   Thumb Code    64  rx_lcd_v02.o(.text)
    Draw_Circle                              0x00000fff   Thumb Code   104  rx_lcd_v02.o(.text)
    Draw_Ellipse                             0x00001067   Thumb Code   162  rx_lcd_v02.o(.text)
    Draw_Line                                0x00001109   Thumb Code   162  rx_lcd_v02.o(.text)
    Draw_Triangle                            0x000011ab   Thumb Code    84  rx_lcd_v02.o(.text)
    displaypicture                           0x000011ff   Thumb Code   154  rx_lcd_v02.o(.text)
    CutPicture                               0x00001299   Thumb Code   194  rx_lcd_v02.o(.text)
    Touch_Status                             0x0000135b   Thumb Code    32  rx_lcd_v02.o(.text)
    Chk_INT                                  0x0000137b   Thumb Code    26  rx_lcd_v02.o(.text)
    Chk_INT2                                 0x00001395   Thumb Code    32  rx_lcd_v02.o(.text)
    ADC_X                                    0x000013b5   Thumb Code    20  rx_lcd_v02.o(.text)
    ADC_Y                                    0x000013c9   Thumb Code    20  rx_lcd_v02.o(.text)
    ADC_XY                                   0x000013dd   Thumb Code    20  rx_lcd_v02.o(.text)
    RXLCD_clear                              0x000013f1   Thumb Code    54  rx_lcd_v02.o(.text)
    RXLCD_SetPixelIndex                      0x00001427   Thumb Code    98  rx_lcd_v02.o(.text)
    RXLCD_CutPicture                         0x00001489   Thumb Code    38  rx_lcd_v02.o(.text)
    Layer2_Visible                           0x000014af   Thumb Code    36  rx_lcd_v02.o(.text)
    Layers_Progressive                       0x000014d3   Thumb Code    74  rx_lcd_v02.o(.text)
    RXLCD_VisibleLayer                       0x0000151d   Thumb Code    28  rx_lcd_v02.o(.text)
    RXLCD_ScrollWindow_Next                  0x00001539   Thumb Code   166  rx_lcd_v02.o(.text)
    RXLCD_ScrollWindow_Prev                  0x000015df   Thumb Code   178  rx_lcd_v02.o(.text)
    RXLCD_ScrollWindow_Up                    0x00001691   Thumb Code   166  rx_lcd_v02.o(.text)
    RXLCD_ScrollWindow_Down                  0x00001737   Thumb Code   178  rx_lcd_v02.o(.text)
    RXLCD_EditNext                           0x000017e9   Thumb Code    22  rx_lcd_v02.o(.text)
    RXLCD_EditCurrent                        0x000017ff   Thumb Code    14  rx_lcd_v02.o(.text)
    WriteString                              0x0000180d   Thumb Code   144  rx_lcd_v02.o(.text)
    WriteString1                             0x0000189d   Thumb Code   128  rx_lcd_v02.o(.text)
    RXLCD_DrawLine                           0x0000191d   Thumb Code    54  rx_lcd_v02.o(.text)
    SysTick_Handler                          0x00001955   Thumb Code   238  systick.o(.text)
    Delay10ms                                0x00001a43   Thumb Code    16  systick.o(.text)
    Delay1ms                                 0x00001a89   Thumb Code    60  timer.o(.text)
    TIMER0_IRQHandler                        0x00001ac5   Thumb Code   100  timer.o(.text)
    TIMER1_IRQHandler                        0x00001b29   Thumb Code   104  timer.o(.text)
    TIMER2_IRQHandler                        0x00001b91   Thumb Code    52  timer.o(.text)
    TIMER3_IRQHandler                        0x00001bc5   Thumb Code    52  timer.o(.text)
    enable_timer                             0x00001bf9   Thumb Code    54  timer.o(.text)
    disable_timer                            0x00001c2f   Thumb Code    56  timer.o(.text)
    reset_timer                              0x00001c67   Thumb Code    44  timer.o(.text)
    init_timer                               0x00001c93   Thumb Code   146  timer.o(.text)
    UART3_IRQHandler                         0x00001d81   Thumb Code   192  uart.o(.text)
    UARTInit                                 0x00001e41   Thumb Code   122  uart.o(.text)
    UARTSend                                 0x00001ebb   Thumb Code    48  uart.o(.text)
    spi_init                                 0x00001f11   Thumb Code   140  spi.o(.text)
    spi_hi_speed                             0x00001f9d   Thumb Code    24  spi.o(.text)
    spi_ss                                   0x00001fb5   Thumb Code    62  spi.o(.text)
    spi_send                                 0x00001ff3   Thumb Code    26  spi.o(.text)
    RTC_IRQHandler                           0x00002025   Thumb Code    14  rtc.o(.text)
    RTCStart                                 0x00002033   Thumb Code    20  rtc.o(.text)
    RTCInit                                  0x00002047   Thumb Code    72  rtc.o(.text)
    RTCStop                                  0x0000208f   Thumb Code    14  rtc.o(.text)
    RTC_CTCReset                             0x0000209d   Thumb Code    14  rtc.o(.text)
    RTCSetTime                               0x000020ab   Thumb Code    44  rtc.o(.text)
    RTCSetAlarm                              0x000020d7   Thumb Code    46  rtc.o(.text)
    RTCGetTime                               0x00002105   Thumb Code    60  rtc.o(.text)
    RTCSetAlarmMask                          0x00002141   Thumb Code     6  rtc.o(.text)
    RTCSetTimeDefault                        0x00002147   Thumb Code    58  rtc.o(.text)
    ADC_init                                 0x000021b1   Thumb Code    34  adc.o(.text)
    ADC_startCnv                             0x000021d3   Thumb Code    24  adc.o(.text)
    ADC_stopCnv                              0x000021eb   Thumb Code    14  adc.o(.text)
    ADC0_getCnv                              0x000021f9   Thumb Code    22  adc.o(.text)
    ADC0_Get                                 0x0000220f   Thumb Code    20  adc.o(.text)
    ADC1_getCnv                              0x00002223   Thumb Code    24  adc.o(.text)
    ADC1_Get                                 0x0000223b   Thumb Code    20  adc.o(.text)
    ADC01_getCnv                             0x0000224f   Thumb Code    44  adc.o(.text)
    ADC01_Get                                0x0000227b   Thumb Code    20  adc.o(.text)
    ADC2_getCnv                              0x0000228f   Thumb Code    24  adc.o(.text)
    ADC2_Get                                 0x000022a7   Thumb Code    20  adc.o(.text)
    ADC3_getCnv                              0x000022bb   Thumb Code    22  adc.o(.text)
    ADC3_Get                                 0x000022d1   Thumb Code    20  adc.o(.text)
    ADC23_getCnv                             0x000022e5   Thumb Code    44  adc.o(.text)
    ADC23_Get                                0x00002311   Thumb Code    20  adc.o(.text)
    ADC12_getCnv                             0x00002325   Thumb Code    44  adc.o(.text)
    ADC12_Get                                0x00002351   Thumb Code    20  adc.o(.text)
    ADC4_getCnv                              0x00002365   Thumb Code    22  adc.o(.text)
    ADC5_getCnv                              0x0000237b   Thumb Code    22  adc.o(.text)
    ADC4_Get                                 0x00002391   Thumb Code    20  adc.o(.text)
    ADC5_Get                                 0x000023a5   Thumb Code    20  adc.o(.text)
    ADC45_getCnv                             0x000023b9   Thumb Code    44  adc.o(.text)
    ADC45_Get                                0x000023e5   Thumb Code    20  adc.o(.text)
    ADC56_getCnv                             0x000023f9   Thumb Code    44  adc.o(.text)
    ADC56_Get                                0x00002425   Thumb Code    20  adc.o(.text)
    GPIOInit                                 0x0000244d   Thumb Code    72  main.o(.text)
    CMainUserInitial                         0x00002495   Thumb Code   250  main.o(.text)
    CDisplayLogo                             0x0000258f   Thumb Code    50  main.o(.text)
    CFlashLCDFrame                           0x000025c1   Thumb Code    24  main.o(.text)
    CDeviceInit                              0x000025d9   Thumb Code   212  main.o(.text)
    delay                                    0x000026ad   Thumb Code    14  main.o(.text)
    main                                     0x000026bb   Thumb Code    24  main.o(.text)
    CFlashClearFlashBuff                     0x00002779   Thumb Code    28  eeprom_flash.o(.text)
    CFlashClearFlashMoveBuff                 0x00002795   Thumb Code    28  eeprom_flash.o(.text)
    CFlashSaveIndex                          0x000027b1   Thumb Code   264  eeprom_flash.o(.text)
    CFlashLoadIndex                          0x000028b9   Thumb Code   116  eeprom_flash.o(.text)
    CFlashGetCell                            0x0000292d   Thumb Code    92  eeprom_flash.o(.text)
    CFlashLoadCheckSum                       0x00002989   Thumb Code    46  eeprom_flash.o(.text)
    CFlashSaveCheckSum                       0x000029b7   Thumb Code    56  eeprom_flash.o(.text)
    CFlashLoadPumpSetting                    0x000029ef   Thumb Code   494  eeprom_flash.o(.text)
    CFlashLoadPumpSettingDefault             0x00002bdd   Thumb Code   406  eeprom_flash.o(.text)
    CFlashPumpCheck                          0x00002d73   Thumb Code    44  eeprom_flash.o(.text)
    CFlashLoadOptSetting                     0x00002d9f   Thumb Code   104  eeprom_flash.o(.text)
    CFlashLoadOptSettingDefault              0x00002e07   Thumb Code   104  eeprom_flash.o(.text)
    CFlashOptCheck                           0x00002e6f   Thumb Code    30  eeprom_flash.o(.text)
    CFlashLoadUISetting                      0x00002e8d   Thumb Code   138  eeprom_flash.o(.text)
    CFlashLoadUISettingDefault               0x00002f17   Thumb Code    98  eeprom_flash.o(.text)
    CFlashUICheck                            0x00002f79   Thumb Code    72  eeprom_flash.o(.text)
    CFlashCheck                              0x00002fc1   Thumb Code    70  eeprom_flash.o(.text)
    CFlashStartupCheck                       0x00003007   Thumb Code    36  eeprom_flash.o(.text)
    CFlashLoadDefault                        0x0000302b   Thumb Code     8  eeprom_flash.o(.text)
    CFlashRTCCheck                           0x00003033   Thumb Code    32  eeprom_flash.o(.text)
    CFlashLoadTouchPoint                     0x00003053   Thumb Code   190  eeprom_flash.o(.text)
    CFlashLoadTouchPointDefault              0x00003111   Thumb Code   120  eeprom_flash.o(.text)
    CFlashTPCheck                            0x00003189   Thumb Code    30  eeprom_flash.o(.text)
    CEepromClearFlashIDBuff                  0x000031a7   Thumb Code    42  eeprom_flash.o(.text)
    CFlashSaveUISetting                      0x000031d1   Thumb Code   224  eeprom_flash.o(.text)
    CFlashSaveTouchPoint                     0x000032b1   Thumb Code   350  eeprom_flash.o(.text)
    CFlashSaveOptSetting                     0x0000340f   Thumb Code   194  eeprom_flash.o(.text)
    CFlashSavePumpSetting                    0x000034d1   Thumb Code   902  eeprom_flash.o(.text)
    CSystemAverageFilter                     0x00003869   Thumb Code    98  touchpad.o(.text)
    CSystemMedianFilter                      0x000038cb   Thumb Code   118  touchpad.o(.text)
    TP_Detect                                0x00003941   Thumb Code    86  touchpad.o(.text)
    TP_ClearBuff                             0x00003997   Thumb Code    36  touchpad.o(.text)
    TP_IsClickDown                           0x000039bb   Thumb Code    44  touchpad.o(.text)
    TP_IsClickUp                             0x000039e7   Thumb Code    44  touchpad.o(.text)
    CTPHandle                                0x00003a13   Thumb Code   440  touchpad.o(.text)
    PumpSetLowPowerMode                      0x00003bf1   Thumb Code    76  pump.o(.text)
    PumpSetEnable                            0x00003c3d   Thumb Code   134  pump.o(.text)
    PumpInit                                 0x00003cc3   Thumb Code    78  pump.o(.text)
    PumpSetDirection                         0x00003d11   Thumb Code   134  pump.o(.text)
    PumpSetStepMode                          0x00003d97   Thumb Code    56  pump.o(.text)
    PumpSetValveState                        0x00003dcf   Thumb Code   160  pump.o(.text)
    PumpSetClkLow                            0x00003e6f   Thumb Code    64  pump.o(.text)
    PumpGetOpticStatus                       0x00003eaf   Thumb Code   104  pump.o(.text)
    PumpNormal                               0x00003f17   Thumb Code   162  pump.o(.text)
    PumpStop                                 0x00003fb9   Thumb Code   104  pump.o(.text)
    PumpDetect                               0x00004021   Thumb Code   182  pump.o(.text)
    PumpStartStopSteps                       0x000040d7   Thumb Code    62  pump.o(.text)
    PumpGetMiddleStepIndex                   0x00004115   Thumb Code   180  pump.o(.text)
    PumpDetectRun                            0x000041c9   Thumb Code   892  pump.o(.text)
    PumpFreeRun                              0x00004545   Thumb Code   792  pump.o(.text)
    PumpIn                                   0x0000485d   Thumb Code    26  pump.o(.text)
    PumpOut                                  0x00004877   Thumb Code    26  pump.o(.text)
    PumpReset                                0x00004891   Thumb Code   108  pump.o(.text)
    PumpBurnIn                               0x000048fd   Thumb Code    48  pump.o(.text)
    Pump1ReloadScheme                        0x0000492d   Thumb Code  1022  pump.o(.text)
    Pump2ReloadScheme                        0x00004d2b   Thumb Code  1056  pump.o(.text)
    PumpWaterWeighTest                       0x0000514b   Thumb Code    52  pump.o(.text)
    CHTEvent                                 0x00005189   Thumb Code    94  system.o(.text)
    CPump2LostEvent                          0x000051e7   Thumb Code    32  system.o(.text)
    CPump1LostEvent                          0x00005207   Thumb Code    32  system.o(.text)
    CFlow2Event                              0x00005227   Thumb Code   462  system.o(.text)
    CFlow1Event                              0x000053f5   Thumb Code   630  system.o(.text)
    CBurnInEvent                             0x0000566b   Thumb Code     6  system.o(.text)
    CMonitorOptEvent                         0x00005671   Thumb Code   218  system.o(.text)
    CSystemEventHandler                      0x0000574b   Thumb Code    36  system.o(.text)
    CNull                                    0x000057b5   Thumb Code     2  menufunc.o(.text)
    CNull_u8                                 0x000057b7   Thumb Code     2  menufunc.o(.text)
    CDrawSelPicture                          0x000057b9   Thumb Code   468  menufunc.o(.text)
    CDrawUnselPicture                        0x0000598d   Thumb Code   414  menufunc.o(.text)
    CDrawUnselMenuLevel1                     0x00005b2b   Thumb Code   332  menufunc.o(.text)
    CDrawUnselMenuLevel2                     0x00005c77   Thumb Code   482  menufunc.o(.text)
    CDrawSelInputPicture                     0x00005e59   Thumb Code   232  menufunc.o(.text)
    CDrawUnselInputPicture                   0x00005f41   Thumb Code   228  menufunc.o(.text)
    CDrawMainPage                            0x00006025   Thumb Code   384  menufunc.o(.text)
    CDrawNextPage                            0x000061a5   Thumb Code   704  menufunc.o(.text)
    CDrawPageLevel4                          0x00006465   Thumb Code   572  menufunc.o(.text)
    CDrawPageLevel5                          0x000066a1   Thumb Code   432  menufunc.o(.text)
    CDrawPrevPage                            0x00006851   Thumb Code  2258  menufunc.o(.text)
    CDrawPrevPage5                           0x00007123   Thumb Code   370  menufunc.o(.text)
    CDrawInputMenu                           0x00007295   Thumb Code   398  menufunc.o(.text)
    CDrawInputMenuMin                        0x00007423   Thumb Code   504  menufunc.o(.text)
    CHideInputMenu                           0x0000761b   Thumb Code    96  menufunc.o(.text)
    CPopUpInputResult                        0x0000767b   Thumb Code   216  menufunc.o(.text)
    CGetInputBit                             0x00007753   Thumb Code   480  menufunc.o(.text)
    CInputBackSpace                          0x00007933   Thumb Code   452  menufunc.o(.text)
    CDrawResultCurve                         0x00007af7   Thumb Code   160  menufunc.o(.text)
    CDrawBurninStatus                        0x00007b97   Thumb Code     8  menufunc.o(.text)
    CDrawButton                              0x00007b9f   Thumb Code    54  menufunc.o(.text)
    CDrawIconDone                            0x00007bd5   Thumb Code    48  menufunc.o(.text)
    Long2Len                                 0x00007c2f   Thumb Code    56  menufunc.o(.text)
    CAddDecShift                             0x00007c67   Thumb Code   174  menufunc.o(.text)
    CDispFloatAt                             0x00007da5   Thumb Code    58  menufunc.o(.text)
    CDebugOpt1Start                          0x00007ddf   Thumb Code    22  menufunc.o(.text)
    CDebugOpt1PageStyle                      0x00007df5   Thumb Code    44  menufunc.o(.text)
    CDebugOpt1Stop                           0x00007e21   Thumb Code    26  menufunc.o(.text)
    CDebugOpt2Start                          0x00007e3b   Thumb Code    26  menufunc.o(.text)
    CDebugOpt2PageStyle                      0x00007e55   Thumb Code    44  menufunc.o(.text)
    CDebugOpt2Stop                           0x00007e81   Thumb Code    26  menufunc.o(.text)
    CDebugOpt3Start                          0x00007e9b   Thumb Code    26  menufunc.o(.text)
    CDebugOpt3PageStyle                      0x00007eb5   Thumb Code    44  menufunc.o(.text)
    CDebugOpt3Stop                           0x00007ee1   Thumb Code    26  menufunc.o(.text)
    CDebugOpt4Start                          0x00007efb   Thumb Code    26  menufunc.o(.text)
    CDebugOpt4PageStyle                      0x00007f15   Thumb Code    44  menufunc.o(.text)
    CDebugOpt4Stop                           0x00007f41   Thumb Code    26  menufunc.o(.text)
    CDebugPump1PageStyle                     0x00007f5b   Thumb Code   136  menufunc.o(.text)
    CDebugPump1RunPositive                   0x00007fe3   Thumb Code    18  menufunc.o(.text)
    CDebugPump1RunNegative                   0x00007ff5   Thumb Code    18  menufunc.o(.text)
    CDebugPump1SetValue                      0x00008007   Thumb Code    72  menufunc.o(.text)
    CDebugPump2PageStyle                     0x0000804f   Thumb Code   136  menufunc.o(.text)
    CDebugPump2RunPositive                   0x000080d7   Thumb Code    18  menufunc.o(.text)
    CDebugPump2RunNegative                   0x000080e9   Thumb Code    18  menufunc.o(.text)
    CDebugValve1PageStyle                    0x000080fb   Thumb Code    22  menufunc.o(.text)
    CDebugValve2PageStyle                    0x00008111   Thumb Code   312  menufunc.o(.text)
    CDebugValve3PageStyle                    0x00008249   Thumb Code    22  menufunc.o(.text)
    CDebugValve4PageStyle                    0x0000825f   Thumb Code    22  menufunc.o(.text)
    CTestPump1Reset                          0x00008275   Thumb Code    10  menufunc.o(.text)
    CTestPump2Reset                          0x0000827f   Thumb Code    10  menufunc.o(.text)
    CTestValve1Reset                         0x00008289   Thumb Code    12  menufunc.o(.text)
    CTestValve2Reset                         0x00008295   Thumb Code    12  menufunc.o(.text)
    CTestValve3Reset                         0x000082a1   Thumb Code    12  menufunc.o(.text)
    CTestValve4Reset                         0x000082ad   Thumb Code    12  menufunc.o(.text)
    CTestBurnInPageStyle                     0x000082b9   Thumb Code   116  menufunc.o(.text)
    CTestBurninStatusPageStyle               0x0000832d   Thumb Code   266  menufunc.o(.text)
    CTestBurninSetVol                        0x00008437   Thumb Code    88  menufunc.o(.text)
    CTestBurninContinue1                     0x0000848f   Thumb Code   128  menufunc.o(.text)
    CTestBurninContinue2                     0x0000850f   Thumb Code   134  menufunc.o(.text)
    CTestBurninStop1                         0x00008595   Thumb Code   148  menufunc.o(.text)
    CTestBurninStop2                         0x00008629   Thumb Code   390  menufunc.o(.text)
    CTestExitBurninStatus                    0x000087af   Thumb Code   180  menufunc.o(.text)
    CTestWaterWeighPageStyle                 0x00008863   Thumb Code   130  menufunc.o(.text)
    CTestWaterWeighSetVol                    0x000088e5   Thumb Code    14  menufunc.o(.text)
    CTestBacklashPageStyle                   0x000088f3   Thumb Code    22  menufunc.o(.text)
    CTestLeakagePageStyle                    0x00008909   Thumb Code    30  menufunc.o(.text)
    CTestLeakageStop                         0x00008927   Thumb Code    10  menufunc.o(.text)
    CSettingAcceleration1PageStyle           0x00008931   Thumb Code   228  menufunc.o(.text)
    CSettingAcceleration2PageStyle           0x00008a15   Thumb Code   230  menufunc.o(.text)
    CSettingAcceleration1Value               0x00008afb   Thumb Code   250  menufunc.o(.text)
    CSettingAcceleration2Value               0x00008bf5   Thumb Code    66  menufunc.o(.text)
    CSettingBalancePageStyle                 0x00008c37   Thumb Code    22  menufunc.o(.text)
    CSettingMicrometerPageStyle              0x00008c4d   Thumb Code    22  menufunc.o(.text)
    CSettingOpt1PageStyle                    0x00008c63   Thumb Code   138  menufunc.o(.text)
    CSettingOpt2PageStyle                    0x00008ced   Thumb Code   138  menufunc.o(.text)
    CSettingOpt3PageStyle                    0x00008d77   Thumb Code   138  menufunc.o(.text)
    CSettingOpt4PageStyle                    0x00008e01   Thumb Code   138  menufunc.o(.text)
    CSettingOpt1ShieldValue                  0x00008e8b   Thumb Code    24  menufunc.o(.text)
    CSettingOpt2ShieldValue                  0x00008ea3   Thumb Code    26  menufunc.o(.text)
    CSettingOpt3ShieldValue                  0x00008ebd   Thumb Code    26  menufunc.o(.text)
    CSettingOpt4ShieldValue                  0x00008ed7   Thumb Code    26  menufunc.o(.text)
    CSettingPump1PageStyle                   0x00008ef1   Thumb Code   200  menufunc.o(.text)
    CSettingPump2PageStyle                   0x00008fb9   Thumb Code   430  menufunc.o(.text)
    CSettingPump1Value                       0x00009167   Thumb Code    10  menufunc.o(.text)
    CSettingPump2Value                       0x00009171   Thumb Code    10  menufunc.o(.text)
    CSettingDivider1PageStyle                0x0000917b   Thumb Code   140  menufunc.o(.text)
    CSettingDivider2PageStyle                0x00009207   Thumb Code   140  menufunc.o(.text)
    CSettingDivider1Value                    0x00009293   Thumb Code    98  menufunc.o(.text)
    CSettingDivider2Value                    0x000092f5   Thumb Code   102  menufunc.o(.text)
    CInfoShow                                0x0000935b   Thumb Code     2  menufunc.o(.text)
    CUIHandler                               0x000093a5   Thumb Code  1518  menu.o(.text)
    __aeabi_memcpy                           0x000099b9   Thumb Code    36  memcpya.o(.text)
    __aeabi_memcpy4                          0x000099b9   Thumb Code     0  memcpya.o(.text)
    __aeabi_memcpy8                          0x000099b9   Thumb Code     0  memcpya.o(.text)
    __aeabi_fmul                             0x000099dd   Thumb Code   108  fmul.o(.text)
    __aeabi_dmul                             0x00009a49   Thumb Code   226  dmul.o(.text)
    __aeabi_ddiv                             0x00009b2b   Thumb Code   226  ddiv.o(.text)
    __aeabi_ui2f                             0x00009c0d   Thumb Code    10  ffltui.o(.text)
    __aeabi_i2d                              0x00009c17   Thumb Code    34  dflti.o(.text)
    __aeabi_ui2d                             0x00009c39   Thumb Code    26  dfltui.o(.text)
    __aeabi_f2iz                             0x00009c53   Thumb Code    50  ffixi.o(.text)
    __aeabi_d2uiz                            0x00009c85   Thumb Code    46  dfixui.o(.text)
    __aeabi_f2d                              0x00009cb3   Thumb Code    44  f2d.o(.text)
    __aeabi_d2f                              0x00009cdf   Thumb Code    56  d2f.o(.text)
    __aeabi_cfcmpeq                          0x00009d19   Thumb Code     0  cfcmple.o(.text)
    __aeabi_cfcmple                          0x00009d19   Thumb Code    20  cfcmple.o(.text)
    __aeabi_cfrcmple                         0x00009d2d   Thumb Code    20  cfrcmple.o(.text)
    __aeabi_llsr                             0x00009d41   Thumb Code    32  llushr.o(.text)
    _ll_ushift_r                             0x00009d41   Thumb Code     0  llushr.o(.text)
    __I$use$fp                               0x00009d61   Thumb Code     0  iusefp.o(.text)
    _float_round                             0x00009d61   Thumb Code    18  fepilogue.o(.text)
    _float_epilogue                          0x00009d73   Thumb Code    90  fepilogue.o(.text)
    _double_round                            0x00009dcd   Thumb Code    26  depilogue.o(.text)
    _double_epilogue                         0x00009de7   Thumb Code   172  depilogue.o(.text)
    __aeabi_dadd                             0x00009e93   Thumb Code   324  dadd.o(.text)
    __aeabi_dsub                             0x00009fd7   Thumb Code     6  dadd.o(.text)
    __aeabi_drsub                            0x00009fdd   Thumb Code     6  dadd.o(.text)
    __ARM_scalbn                             0x00009fe3   Thumb Code    46  dscalb.o(.text)
    scalbn                                   0x00009fe3   Thumb Code     0  dscalb.o(.text)
    __aeabi_cdcmpeq                          0x0000a011   Thumb Code     0  cdcmple.o(.text)
    __aeabi_cdcmple                          0x0000a011   Thumb Code    40  cdcmple.o(.text)
    __aeabi_cdrcmple                         0x0000a039   Thumb Code    40  cdrcmple.o(.text)
    __scatterload                            0x0000a061   Thumb Code    28  init.o(.text)
    __scatterload_rt2                        0x0000a061   Thumb Code     0  init.o(.text)
    __aeabi_llsl                             0x0000a085   Thumb Code    30  llshl.o(.text)
    _ll_shift_l                              0x0000a085   Thumb Code     0  llshl.o(.text)
    __aeabi_lasr                             0x0000a0a3   Thumb Code    36  llsshr.o(.text)
    _ll_sshift_r                             0x0000a0a3   Thumb Code     0  llsshr.o(.text)
    __decompress                             0x0000a0c7   Thumb Code     0  __dczerorl2.o(.text)
    __decompress1                            0x0000a0c7   Thumb Code    92  __dczerorl2.o(.text)
    __kernel_poly                            0x0000a123   Thumb Code   170  poly.o(i.__kernel_poly)
    __scatterload_copy                       0x0000a1cd   Thumb Code    14  handlers.o(i.__scatterload_copy)
    __scatterload_null                       0x0000a1db   Thumb Code     2  handlers.o(i.__scatterload_null)
    __scatterload_zeroinit                   0x0000a1dd   Thumb Code    14  handlers.o(i.__scatterload_zeroinit)
    __set_errno                              0x0000a1ed   Thumb Code     6  errno.o(i.__set_errno)
    ceil                                     0x0000a1f9   Thumb Code   204  ceil.o(i.ceil)
    floor                                    0x0000a2d5   Thumb Code   204  floor.o(i.floor)
    log                                      0x0000a3b1   Thumb Code   818  log.o(i.log)
    Pow10                                    0x0000a71c   Data          40  menufunc.o(.constdata)
    tStepMode                                0x0000a744   Data           4  menufunc.o(.constdata)
    BacklightOffTime                         0x0000a748   Data          24  menu.o(.constdata)
    AutoPowerOffTime                         0x0000a760   Data          24  menu.o(.constdata)
    PageStackStartPoint                      0x0000a778   Data           4  menu.o(.constdata)
    PageStackMaxNum                          0x0000a77c   Data           4  menu.o(.constdata)
    __mathlib_zero                           0x0000a7b8   Data           8  qnan.o(.constdata)
    Region$$Table$$Base                      0x0000a7c0   Number         0  anon$$obj.o(Region$$Table)
    Region$$Table$$Limit                     0x0000a7e0   Number         0  anon$$obj.o(Region$$Table)
    SystemFrequency                          0x10000000   Data           4  system_lpc17xx.o(.data)
    g_u8LcdLayer                             0x10000004   Data           1  rx_lcd_v02.o(.data)
    g_ui10msTick                             0x10000008   Data           4  systick.o(.data)
    g_uiPowerkeyTick                         0x1000000c   Data           4  systick.o(.data)
    g_uiTpUpTick                             0x10000010   Data           4  systick.o(.data)
    g_uiPump1LostTimeout                     0x10000014   Data           4  systick.o(.data)
    g_uiPump2LostTimeout                     0x10000018   Data           4  systick.o(.data)
    PumpCount                                0x1000001c   Data           8  timer.o(.data)
    UART3TxEmpty                             0x10000024   Data           1  uart.o(.data)
    UART3Count                               0x10000028   Data           4  uart.o(.data)
    UART3Status                              0x1000002c   Data           4  uart.o(.data)
    g_uiDateTime_reload                      0x10000030   Data           4  rtc.o(.data)
    MenuPageIndex                            0x10000034   Data           1  main.o(.data)
    MenuItemIndex                            0x10000035   Data           1  main.o(.data)
    TempPageIndex                            0x10000036   Data           1  main.o(.data)
    TempItemIndex                            0x10000037   Data           1  main.o(.data)
    g_ucUSBValue                             0x10000038   Data           4  main.o(.data)
    g_8Flash0BulkErase                       0x1000003c   Data           1  main.o(.data)
    g_8Flash1BulkErase                       0x1000003d   Data           1  main.o(.data)
    g_u32TP_D_x                              0x10000040   Data           4  main.o(.data)
    g_u32TP_D_y                              0x10000044   Data           4  main.o(.data)
    g_u32TP_U_x                              0x10000048   Data           4  main.o(.data)
    g_u32TP_U_y                              0x1000004c   Data           4  main.o(.data)
    g_u8TP_Done                              0x10000050   Data           1  main.o(.data)
    g_u8Down_Done                            0x10000051   Data           1  main.o(.data)
    g_u8Up_Done                              0x10000052   Data           1  main.o(.data)
    g_u8TPDown                               0x10000053   Data           1  main.o(.data)
    g_u8TPUp                                 0x10000054   Data           1  main.o(.data)
    g_u8TPStatus                             0x10000055   Data           1  main.o(.data)
    g_u16TPSamIndex                          0x10000056   Data           2  main.o(.data)
    g_u32totalnum                            0x10000058   Data           4  main.o(.data)
    g_u8NumberBit                            0x1000005c   Data           1  main.o(.data)
    g_u8MaxInputLength                       0x1000005d   Data           1  main.o(.data)
    g_u32InputResult                         0x10000060   Data           4  main.o(.data)
    g_u8FontSettingFlag                      0x10000064   Data           1  main.o(.data)
    g_u8DrawedItemIndex                      0x10000065   Data           1  main.o(.data)
    g_u8StackTop                             0x10000066   Data           1  main.o(.data)
    g_u8CurrentPageLevel                     0x10000067   Data           1  main.o(.data)
    g_u8MenuLevel1Selected                   0x10000068   Data           1  main.o(.data)
    g_u8MenuLevel2Selected                   0x10000069   Data           1  main.o(.data)
    g_u8DetectOptSelect                      0x1000006a   Data           1  main.o(.data)
    g_u8DetectOptStart                       0x1000006b   Data           1  main.o(.data)
    g_u32OptLevel                            0x1000006c   Data           1  main.o(.data)
    g_u8RunningPause                         0x1000006d   Data           1  main.o(.data)
    g_u8RunningStop                          0x1000006e   Data           1  main.o(.data)
    g_u8Inputing                             0x1000006f   Data           1  main.o(.data)
    g_u8Pump1Lost                            0x10000070   Data           1  main.o(.data)
    g_u8Pump2Lost                            0x10000071   Data           1  main.o(.data)
    g_u8BurnInFlag                           0x10000072   Data           1  main.o(.data)
    g_u32LostCount1                          0x10000074   Data           4  main.o(.data)
    g_u32LostCount2                          0x10000078   Data           4  main.o(.data)
    g_u32OptCoverCount1                      0x1000007c   Data           4  main.o(.data)
    g_u32OptCoverCount2                      0x10000080   Data           4  main.o(.data)
    g_u32BurninCount1                        0x10000084   Data           4  main.o(.data)
    g_u8RunningIndex1                        0x10000088   Data           1  main.o(.data)
    g_u8FlowWaitOver1                        0x10000089   Data           1  main.o(.data)
    g_u8FlowCount1                           0x1000008a   Data           1  main.o(.data)
    g_u8RunningStart1                        0x1000008b   Data           1  main.o(.data)
    g_u32FlowWaitCount1                      0x1000008c   Data           4  main.o(.data)
    g_u8SchemeIndex1                         0x10000090   Data           1  main.o(.data)
    g_u32BurninCount2                        0x10000094   Data           4  main.o(.data)
    g_u8RunningIndex2                        0x10000098   Data           1  main.o(.data)
    g_u8FlowWaitOver2                        0x10000099   Data           1  main.o(.data)
    g_u8FlowCount2                           0x1000009a   Data           1  main.o(.data)
    g_u8RunningStart2                        0x1000009b   Data           1  main.o(.data)
    g_u32FlowWaitCount2                      0x1000009c   Data           4  main.o(.data)
    g_u8SchemeIndex2                         0x100000a0   Data           1  main.o(.data)
    g_u8Opt2FunctionEn                       0x100000a1   Data           1  main.o(.data)
    g_u8HTTestStart                          0x100000a2   Data           1  main.o(.data)
    InReport                                 0x100000a3   Data           1  main.o(.data)
    OutReport                                0x100000a4   Data           1  main.o(.data)
    OutReport32                              0x100000a8   Data           4  main.o(.data)
    USB_RxBuff                               0x100000ac   Data           8  main.o(.data)
    g_aPasswordTemp                          0x100000b4   Data           8  main.o(.data)
    g_t8InputNumber                          0x100000bc   Data           8  main.o(.data)
    g_u32CellIndex                           0x100000c4   Data           4  eeprom_flash.o(.data)
    g_u8CellLast                             0x100000c8   Data           1  eeprom_flash.o(.data)
    g_u8CellNew                              0x100000c9   Data           1  eeprom_flash.o(.data)
    g_u32PageLast                            0x100000cc   Data           4  eeprom_flash.o(.data)
    g_u32PageNew                             0x100000d0   Data           4  eeprom_flash.o(.data)
    g_u8InitSector                           0x100000d4   Data           1  eeprom_flash.o(.data)
    tEEPROM_UISetting_DEFAULT                0x100000d6   Data           6  eeprom_flash.o(.data)
    tEEPROM_TouchPoint_DEFAULT               0x100000dc   Data           8  eeprom_flash.o(.data)
    tEEPROM_OptSetting_DEFAULT               0x100000e4   Data           8  eeprom_flash.o(.data)
    tEEPROM_PUMP_DEFAULT                     0x100000ec   Data          72  eeprom_flash.o(.data)
    g_stUISetting                            0x10000134   Data           6  struct.o(.data)
    g_stTouchPoint                           0x1000013a   Data           8  struct.o(.data)
    g_stOptSetting                           0x10000142   Data           8  struct.o(.data)
    nMaxEffClass                             0x1000014c   Data           1  pump.o(.data)
    Scheme1                                  0x10000150   Data          24  pump.o(.data)
    Scheme2                                  0x10000168   Data          24  pump.o(.data)
    g_u8Lost1SaveFlag                        0x10000180   Data           1  system.o(.data)
    g_u8Lost2SaveFlag                        0x10000181   Data           1  system.o(.data)
    BlankMenuItems                           0x10000184   Data          96  menutbl.o(.data)
    MainMenuItems                            0x100001e4   Data         384  menutbl.o(.data)
    DebugMenuItems                           0x10000364   Data         288  menutbl.o(.data)
    TestMenuItems                            0x10000484   Data         336  menutbl.o(.data)
    SettingMenuItems                         0x100005d4   Data         336  menutbl.o(.data)
    InfoMenuItems                            0x10000724   Data          48  menutbl.o(.data)
    AboutMenuItems                           0x10000754   Data          48  menutbl.o(.data)
    DebugOptMenuItems                        0x10000784   Data         240  menutbl.o(.data)
    DebugOpt1MenuItems                       0x10000874   Data          96  menutbl.o(.data)
    DebugOpt2MenuItems                       0x100008d4   Data          96  menutbl.o(.data)
    DebugOpt3MenuItems                       0x10000934   Data          96  menutbl.o(.data)
    DebugOpt4MenuItems                       0x10000994   Data          96  menutbl.o(.data)
    DebugPumpMenuItems                       0x100009f4   Data         144  menutbl.o(.data)
    DebugPump1MenuItems                      0x10000a84   Data         240  menutbl.o(.data)
    DebugPump2MenuItems                      0x10000b74   Data         240  menutbl.o(.data)
    DebugValveMenuItems                      0x10000c64   Data         240  menutbl.o(.data)
    DebugValve1MenuItems                     0x10000d54   Data          96  menutbl.o(.data)
    DebugValve2MenuItems                     0x10000db4   Data          96  menutbl.o(.data)
    DebugValve3MenuItems                     0x10000e14   Data          96  menutbl.o(.data)
    DebugValve4MenuItems                     0x10000e74   Data          96  menutbl.o(.data)
    DebugMeasureDevMenuItems                 0x10000ed4   Data         144  menutbl.o(.data)
    TestPumpResetMenuItems                   0x10000f64   Data         144  menutbl.o(.data)
    TestValveResetMenuItems                  0x10000ff4   Data         240  menutbl.o(.data)
    TestBurnInMenuItems                      0x100010e4   Data         192  menutbl.o(.data)
    TestBurninStatusMenuItems                0x100011a4   Data         288  menutbl.o(.data)
    TestWaterWeighMenuItems                  0x100012c4   Data         192  menutbl.o(.data)
    TestBacklashMenuItems                    0x10001384   Data         240  menutbl.o(.data)
    TestLeakageMenuItems                     0x10001474   Data          96  menutbl.o(.data)
    SettingOptMenuItems                      0x100014d4   Data         240  menutbl.o(.data)
    SettingPumpMenuItems                     0x100015c4   Data         144  menutbl.o(.data)
    SettingDividerMenuItems                  0x10001654   Data         144  menutbl.o(.data)
    SettingAccelerationMenuItems             0x100016e4   Data         144  menutbl.o(.data)
    SettingOpt1MenuItems                     0x10001774   Data         192  menutbl.o(.data)
    SettingOpt2MenuItems                     0x10001834   Data         192  menutbl.o(.data)
    SettingOpt3MenuItems                     0x100018f4   Data         192  menutbl.o(.data)
    SettingOpt4MenuItems                     0x100019b4   Data         192  menutbl.o(.data)
    SettingPump1MenuItems                    0x10001a74   Data         240  menutbl.o(.data)
    SettingPump2MenuItems                    0x10001b64   Data         240  menutbl.o(.data)
    SettingDivider1MenuItems                 0x10001c54   Data         192  menutbl.o(.data)
    SettingDivider2MenuItems                 0x10001d14   Data         192  menutbl.o(.data)
    SettingAcceleration1MenuItems            0x10001dd4   Data        2016  menutbl.o(.data)
    SettingAcceleration2MenuItems            0x100025b4   Data        2016  menutbl.o(.data)
    SettingBalanceMenuItems                  0x10002d94   Data         240  menutbl.o(.data)
    SettingMicrometerMenuItems               0x10002e84   Data         240  menutbl.o(.data)
    PoleCleanMenuItems                       0x10002f74   Data         144  menutbl.o(.data)
    InputMenuItems                           0x10003004   Data         624  menutbl.o(.data)
    tblMenus                                 0x10003274   Data        1568  menutbl.o(.data)
    UART3Buffer                              0x10003898   Data          16  uart.o(.bss)
    g_stTemp_time                            0x100038a8   Data          24  rtc.o(.bss)
    g_stCurrent_time                         0x100038c0   Data          24  rtc.o(.bss)
    USB_TxBuff                               0x100038d8   Data          64  main.o(.bss)
    flash_buf                                0x10003918   Data         256  main.o(.bss)
    CheckSumData                             0x10003a18   Data          32  main.o(.bss)
    g_stTPx                                  0x10003a38   Data         100  main.o(.bss)
    g_stTPy                                  0x10003a9c   Data         100  main.o(.bss)
    t_u16CompressPoint                       0x10003b00   Data         600  main.o(.bss)
    g_t8MenuStack                            0x10003d58   Data          46  main.o(.bss)
    t_HPoint                                 0x10003d88   Data        1200  main.o(.bss)
    t_AValue                                 0x10004238   Data        1200  main.o(.bss)
    g_u32RunningFlow1                        0x100046e8   Data         200  main.o(.bss)
    g_u32WaitFlow1                           0x100047b0   Data         200  main.o(.bss)
    g_u8DirectionFlow1                       0x10004878   Data          50  main.o(.bss)
    g_u16FreqFlow1                           0x100048aa   Data         100  main.o(.bss)
    g_u32RunningFlow2                        0x10004910   Data         200  main.o(.bss)
    g_u32WaitFlow2                           0x100049d8   Data         200  main.o(.bss)
    g_u8DirectionFlow2                       0x10004aa0   Data          50  main.o(.bss)
    g_u16FreqFlow2                           0x10004ad2   Data         100  main.o(.bss)
    g_u8MoveTable                            0x10004b36   Data         256  eeprom_flash.o(.bss)
    g_stPumpSetting                          0x10004c36   Data         144  struct.o(.bss)
    __initial_sp                             0x10004ec8   Data           0  startup_lpc17xx.o(STACK)



==============================================================================

Memory Map of the image

  Image Entry point : 0x000000c5

  Load Region LR_IROM1 (Base: 0x00000000, Size: 0x0000e078, Max: 0x00080000, ABSOLUTE, COMPRESSED[0x0000b5a4])

    Execution Region ER_IROM1 (Base: 0x00000000, Size: 0x0000a7e0, Max: 0x00080000, ABSOLUTE)

    Base Addr    Size         Type   Attr      Idx    E Section Name        Object

    0x00000000   0x000000c4   Data   RO            3    RESET               startup_lpc17xx.o
    0x000000c4   0x00000000   Code   RO          657  * .ARM.Collect$$$$00000000  mc_w.l(entry.o)
    0x000000c4   0x00000004   Code   RO          691    .ARM.Collect$$$$00000001  mc_w.l(entry2.o)
    0x000000c8   0x00000004   Code   RO          694    .ARM.Collect$$$$00000004  mc_w.l(entry5.o)
    0x000000cc   0x00000008   Code   RO          695    .ARM.Collect$$$$00000007  mc_w.l(entry7.o)
    0x000000d4   0x00000004   Code   RO          692    .ARM.Collect$$$$00002712  mc_w.l(entry2.o)
    0x000000d8   0x0000001c   Code   RO            4    .text               startup_lpc17xx.o
    0x000000f4   0x00000268   Code   RO           11    .text               system_lpc17xx.o
    0x0000035c   0x00000230   Code   RO           56    .text               spi_flash.o
    0x0000058c   0x000013c6   Code   RO           96    .text               rx_lcd_v02.o
    0x00001952   0x00000002   PAD
    0x00001954   0x00000134   Code   RO          130    .text               systick.o
    0x00001a88   0x000002f8   Code   RO          154    .text               timer.o
    0x00001d80   0x00000190   Code   RO          193    .text               uart.o
    0x00001f10   0x00000114   Code   RO          216    .text               spi.o
    0x00002024   0x0000018c   Code   RO          235    .text               rtc.o
    0x000021b0   0x0000029c   Code   RO          258    .text               adc.o
    0x0000244c   0x0000032c   Code   RO          277    .text               main.o
    0x00002778   0x000010f0   Code   RO          420    .text               eeprom_flash.o
    0x00003868   0x00000388   Code   RO          464    .text               touchpad.o
    0x00003bf0   0x00001598   Code   RO          496    .text               pump.o
    0x00005188   0x0000062c   Code   RO          523    .text               system.o
    0x000057b4   0x00003bf0   Code   RO          542    .text               menufunc.o
    0x000093a4   0x00000614   Code   RO          619    .text               menu.o
    0x000099b8   0x00000024   Code   RO          660    .text               mc_w.l(memcpya.o)
    0x000099dc   0x0000006c   Code   RO          664    .text               mf_w.l(fmul.o)
    0x00009a48   0x000000e2   Code   RO          666    .text               mf_w.l(dmul.o)
    0x00009b2a   0x000000e2   Code   RO          668    .text               mf_w.l(ddiv.o)
    0x00009c0c   0x0000000a   Code   RO          670    .text               mf_w.l(ffltui.o)
    0x00009c16   0x00000022   Code   RO          672    .text               mf_w.l(dflti.o)
    0x00009c38   0x0000001a   Code   RO          674    .text               mf_w.l(dfltui.o)
    0x00009c52   0x00000032   Code   RO          676    .text               mf_w.l(ffixi.o)
    0x00009c84   0x0000002e   Code   RO          678    .text               mf_w.l(dfixui.o)
    0x00009cb2   0x0000002c   Code   RO          680    .text               mf_w.l(f2d.o)
    0x00009cde   0x00000038   Code   RO          682    .text               mf_w.l(d2f.o)
    0x00009d16   0x00000002   PAD
    0x00009d18   0x00000014   Code   RO          684    .text               mf_w.l(cfcmple.o)
    0x00009d2c   0x00000014   Code   RO          686    .text               mf_w.l(cfrcmple.o)
    0x00009d40   0x00000020   Code   RO          696    .text               mc_w.l(llushr.o)
    0x00009d60   0x00000000   Code   RO          705    .text               mc_w.l(iusefp.o)
    0x00009d60   0x0000006c   Code   RO          706    .text               mf_w.l(fepilogue.o)
    0x00009dcc   0x000000c6   Code   RO          708    .text               mf_w.l(depilogue.o)
    0x00009e92   0x00000150   Code   RO          710    .text               mf_w.l(dadd.o)
    0x00009fe2   0x0000002e   Code   RO          712    .text               mf_w.l(dscalb.o)
    0x0000a010   0x00000028   Code   RO          714    .text               mf_w.l(cdcmple.o)
    0x0000a038   0x00000028   Code   RO          716    .text               mf_w.l(cdrcmple.o)
    0x0000a060   0x00000024   Code   RO          718    .text               mc_w.l(init.o)
    0x0000a084   0x0000001e   Code   RO          720    .text               mc_w.l(llshl.o)
    0x0000a0a2   0x00000024   Code   RO          722    .text               mc_w.l(llsshr.o)
    0x0000a0c6   0x0000005c   Code   RO          732    .text               mc_w.l(__dczerorl2.o)
    0x0000a122   0x000000aa   Code   RO          688    i.__kernel_poly     m_ws.l(poly.o)
    0x0000a1cc   0x0000000e   Code   RO          726    i.__scatterload_copy  mc_w.l(handlers.o)
    0x0000a1da   0x00000002   Code   RO          727    i.__scatterload_null  mc_w.l(handlers.o)
    0x0000a1dc   0x0000000e   Code   RO          728    i.__scatterload_zeroinit  mc_w.l(handlers.o)
    0x0000a1ea   0x00000002   PAD
    0x0000a1ec   0x0000000c   Code   RO          700    i.__set_errno       mc_w.l(errno.o)
    0x0000a1f8   0x000000dc   Code   RO          640    i.ceil              m_ws.l(ceil.o)
    0x0000a2d4   0x000000dc   Code   RO          644    i.floor             m_ws.l(floor.o)
    0x0000a3b0   0x0000036c   Code   RO          648    i.log               m_ws.l(log.o)
    0x0000a71c   0x0000002c   Data   RO          543    .constdata          menufunc.o
    0x0000a748   0x00000038   Data   RO          620    .constdata          menu.o
    0x0000a780   0x00000038   Data   RO          649    .constdata          m_ws.l(log.o)
    0x0000a7b8   0x00000008   Data   RO          690    .constdata          m_ws.l(qnan.o)
    0x0000a7c0   0x00000020   Data   RO          724    Region$$Table       anon$$obj.o


    Execution Region RW_IRAM1 (Base: 0x10000000, Size: 0x00004ec8, Max: 0x00008000, ABSOLUTE, COMPRESSED[0x00000dc4])

    Base Addr    Size         Type   Attr      Idx    E Section Name        Object

    0x10000000   0x00000004   Data   RW           12    .data               system_lpc17xx.o
    0x10000004   0x00000001   Data   RW           97    .data               rx_lcd_v02.o
    0x10000005   0x00000003   PAD
    0x10000008   0x00000014   Data   RW          131    .data               systick.o
    0x1000001c   0x00000008   Data   RW          155    .data               timer.o
    0x10000024   0x0000000c   Data   RW          195    .data               uart.o
    0x10000030   0x00000004   Data   RW          237    .data               rtc.o
    0x10000034   0x00000090   Data   RW          279    .data               main.o
    0x100000c4   0x00000070   Data   RW          422    .data               eeprom_flash.o
    0x10000134   0x00000016   Data   RW          449    .data               struct.o
    0x1000014a   0x00000002   PAD
    0x1000014c   0x00000034   Data   RW          497    .data               pump.o
    0x10000180   0x00000002   Data   RW          524    .data               system.o
    0x10000182   0x00000002   PAD
    0x10000184   0x00003710   Data   RW          601    .data               menutbl.o
    0x10003894   0x00000004   Data   RW          701    .data               mc_w.l(errno.o)
    0x10003898   0x00000010   Zero   RW          194    .bss                uart.o
    0x100038a8   0x00000030   Zero   RW          236    .bss                rtc.o
    0x100038d8   0x0000125e   Zero   RW          278    .bss                main.o
    0x10004b36   0x00000100   Zero   RW          421    .bss                eeprom_flash.o
    0x10004c36   0x00000090   Zero   RW          448    .bss                struct.o
    0x10004cc6   0x00000002   PAD
    0x10004cc8   0x00000200   Zero   RW            1    STACK               startup_lpc17xx.o


==============================================================================

Image component sizes


      Code (inc. data)   RO Data    RW Data    ZI Data      Debug   Object Name

       668         20          0          0          0       4121   adc.o
      4336        176          0        112        256       8390   eeprom_flash.o
       812        166          0        144       4702      23246   main.o
      1556         94         56          0          0       1368   menu.o
     15344       1312         44          0          0      19861   menufunc.o
         0          0          0      14096          0       4534   menutbl.o
      5528        176          0         52          0       8446   pump.o
       396         48          0          4         48       3112   rtc.o
      5062         34          0          1          0      31746   rx_lcd_v02.o
       276         24          0          0          0        964   spi.o
       560          0          0          0          0      18610   spi_flash.o
        28          4        196          0        512        760   startup_lpc17xx.o
         0          0          0         22        144       1506   struct.o
      1580        230          0          2          0       2223   system.o
       616         66          0          4          0      20539   system_lpc17xx.o
       308         54          0         20          0       1171   systick.o
       760         62          0          8          0      18960   timer.o
       904         38          0          0          0       3176   touchpad.o
       400         38          0         12         16       1863   uart.o

    ----------------------------------------------------------------------
     39136       2542        328      14484       5680     174596   Object Totals
         0          0         32          0          0          0   (incl. Generated)
         2          0          0          7          2          0   (incl. Padding)

    ----------------------------------------------------------------------

      Code (inc. data)   RO Data    RW Data    ZI Data      Debug   Library Member Name

       220         16          0          0          0         84   ceil.o
       220         16          0          0          0         84   floor.o
       876         58         56          0          0        284   log.o
       170          0          0          0          0         96   poly.o
         0          0          8          0          0          0   qnan.o
        92          0          0          0          0          0   __dczerorl2.o
         0          0          0          0          0          0   entry.o
         8          4          0          0          0          0   entry2.o
         4          0          0          0          0          0   entry5.o
         8          4          0          0          0          0   entry7.o
        12          6          0          4          0         68   errno.o
        30          0          0          0          0          0   handlers.o
        36          8          0          0          0         68   init.o
         0          0          0          0          0          0   iusefp.o
        30          0          0          0          0         68   llshl.o
        36          0          0          0          0         68   llsshr.o
        32          0          0          0          0         68   llushr.o
        36          0          0          0          0         68   memcpya.o
        40          0          0          0          0         68   cdcmple.o
        40          0          0          0          0         68   cdrcmple.o
        20          0          0          0          0         68   cfcmple.o
        20          0          0          0          0         68   cfrcmple.o
        56          0          0          0          0         88   d2f.o
       336          0          0          0          0        148   dadd.o
       226          0          0          0          0        100   ddiv.o
       198          0          0          0          0        184   depilogue.o
        46          0          0          0          0         68   dfixui.o
        34          0          0          0          0         76   dflti.o
        26          0          0          0          0         76   dfltui.o
       226          0          0          0          0         96   dmul.o
        46          0          0          0          0         80   dscalb.o
        44          0          0          0          0         68   f2d.o
       108          0          0          0          0        168   fepilogue.o
        50          0          0          0          0         68   ffixi.o
        10          0          0          0          0         68   ffltui.o
       108          0          0          0          0         76   fmul.o

    ----------------------------------------------------------------------
      3448        112         64          4          0       2592   Library Totals
         4          0          0          0          0          0   (incl. Padding)

    ----------------------------------------------------------------------

      Code (inc. data)   RO Data    RW Data    ZI Data      Debug   Library Name

      1486         90         64          0          0        548   m_ws.l
       324         22          0          4          0        408   mc_w.l
      1634          0          0          0          0       1636   mf_w.l

    ----------------------------------------------------------------------
      3448        112         64          4          0       2592   Library Totals

    ----------------------------------------------------------------------

==============================================================================


      Code (inc. data)   RO Data    RW Data    ZI Data      Debug   

     42584       2654        392      14488       5680     174172   Grand Totals
     42584       2654        392       3524       5680     174172   ELF Image Totals (compressed)
     42584       2654        392       3524          0          0   ROM Totals

==============================================================================

    Total RO  Size (Code + RO Data)                42976 (  41.97kB)
    Total RW  Size (RW Data + ZI Data)             20168 (  19.70kB)
    Total ROM Size (Code + RO Data + RW Data)      46500 (  45.41kB)

==============================================================================

